{
 "cells": [
  {
   "cell_type": "code",
   "execution_count": null,
   "metadata": {},
   "outputs": [],
   "source": []
  },
  {
   "cell_type": "code",
   "execution_count": 2,
   "metadata": {},
   "outputs": [
    {
     "name": "stderr",
     "output_type": "stream",
     "text": [
      "ERROR:root:Exception while sending command.\n",
      "Traceback (most recent call last):\n",
      "  File \"/usr/local/spark/python/lib/py4j-0.10.9.7-src.zip/py4j/clientserver.py\", line 511, in send_command\n",
      "    answer = smart_decode(self.stream.readline()[:-1])\n",
      "                          ^^^^^^^^^^^^^^^^^^^^^^\n",
      "RuntimeError: reentrant call inside <_io.BufferedReader name=56>\n",
      "\n",
      "During handling of the above exception, another exception occurred:\n",
      "\n",
      "Traceback (most recent call last):\n",
      "  File \"/usr/local/spark/python/lib/py4j-0.10.9.7-src.zip/py4j/java_gateway.py\", line 1038, in send_command\n",
      "    response = connection.send_command(command)\n",
      "               ^^^^^^^^^^^^^^^^^^^^^^^^^^^^^^^^\n",
      "  File \"/usr/local/spark/python/lib/py4j-0.10.9.7-src.zip/py4j/clientserver.py\", line 539, in send_command\n",
      "    raise Py4JNetworkError(\n",
      "py4j.protocol.Py4JNetworkError: Error while sending or receiving\n",
      "ERROR:root:Exception while sending command.\n",
      "Traceback (most recent call last):\n",
      "  File \"/usr/local/spark/python/lib/py4j-0.10.9.7-src.zip/py4j/clientserver.py\", line 511, in send_command\n",
      "    answer = smart_decode(self.stream.readline()[:-1])\n",
      "                          ^^^^^^^^^^^^^^^^^^^^^^\n",
      "  File \"/opt/conda/lib/python3.11/socket.py\", line 706, in readinto\n",
      "    return self._sock.recv_into(b)\n",
      "           ^^^^^^^^^^^^^^^^^^^^^^^\n",
      "  File \"/usr/local/spark/python/pyspark/context.py\", line 381, in signal_handler\n",
      "    self.cancelAllJobs()\n",
      "  File \"/usr/local/spark/python/pyspark/context.py\", line 2446, in cancelAllJobs\n",
      "    self._jsc.sc().cancelAllJobs()\n",
      "    ^^^^^^^^^^^^^^\n",
      "  File \"/usr/local/spark/python/lib/py4j-0.10.9.7-src.zip/py4j/java_gateway.py\", line 1322, in __call__\n",
      "    return_value = get_return_value(\n",
      "                   ^^^^^^^^^^^^^^^^^\n",
      "  File \"/usr/local/spark/python/pyspark/errors/exceptions/captured.py\", line 179, in deco\n",
      "    return f(*a, **kw)\n",
      "           ^^^^^^^^^^^\n",
      "  File \"/usr/local/spark/python/lib/py4j-0.10.9.7-src.zip/py4j/protocol.py\", line 334, in get_return_value\n",
      "    raise Py4JError(\n",
      "py4j.protocol.Py4JError: An error occurred while calling o18.sc\n",
      "\n",
      "During handling of the above exception, another exception occurred:\n",
      "\n",
      "Traceback (most recent call last):\n",
      "  File \"/usr/local/spark/python/lib/py4j-0.10.9.7-src.zip/py4j/java_gateway.py\", line 1038, in send_command\n",
      "    response = connection.send_command(command)\n",
      "               ^^^^^^^^^^^^^^^^^^^^^^^^^^^^^^^^\n",
      "  File \"/usr/local/spark/python/lib/py4j-0.10.9.7-src.zip/py4j/clientserver.py\", line 539, in send_command\n",
      "    raise Py4JNetworkError(\n",
      "py4j.protocol.Py4JNetworkError: Error while sending or receiving\n"
     ]
    },
    {
     "ename": "Py4JError",
     "evalue": "An error occurred while calling o41.awaitTermination",
     "output_type": "error",
     "traceback": [
      "\u001b[0;31m---------------------------------------------------------------------------\u001b[0m",
      "\u001b[0;31mPy4JError\u001b[0m                                 Traceback (most recent call last)",
      "Cell \u001b[0;32mIn[2], line 24\u001b[0m\n\u001b[1;32m     17\u001b[0m \u001b[38;5;66;03m# Kafka'dan gelen veriyi işleme\u001b[39;00m\n\u001b[1;32m     18\u001b[0m query \u001b[38;5;241m=\u001b[39m df\u001b[38;5;241m.\u001b[39mselectExpr(\u001b[38;5;124m\"\u001b[39m\u001b[38;5;124mCAST(key AS STRING)\u001b[39m\u001b[38;5;124m\"\u001b[39m, \u001b[38;5;124m\"\u001b[39m\u001b[38;5;124mCAST(value AS STRING)\u001b[39m\u001b[38;5;124m\"\u001b[39m) \\\n\u001b[1;32m     19\u001b[0m     \u001b[38;5;241m.\u001b[39mwriteStream \\\n\u001b[1;32m     20\u001b[0m     \u001b[38;5;241m.\u001b[39moutputMode(\u001b[38;5;124m\"\u001b[39m\u001b[38;5;124mappend\u001b[39m\u001b[38;5;124m\"\u001b[39m) \\\n\u001b[1;32m     21\u001b[0m     \u001b[38;5;241m.\u001b[39mformat(\u001b[38;5;124m\"\u001b[39m\u001b[38;5;124mconsole\u001b[39m\u001b[38;5;124m\"\u001b[39m) \\\n\u001b[1;32m     22\u001b[0m     \u001b[38;5;241m.\u001b[39mstart()\n\u001b[0;32m---> 24\u001b[0m \u001b[43mquery\u001b[49m\u001b[38;5;241;43m.\u001b[39;49m\u001b[43mawaitTermination\u001b[49m\u001b[43m(\u001b[49m\u001b[43m)\u001b[49m\n",
      "File \u001b[0;32m/usr/local/spark/python/pyspark/sql/streaming/query.py:221\u001b[0m, in \u001b[0;36mStreamingQuery.awaitTermination\u001b[0;34m(self, timeout)\u001b[0m\n\u001b[1;32m    219\u001b[0m     \u001b[38;5;28;01mreturn\u001b[39;00m \u001b[38;5;28mself\u001b[39m\u001b[38;5;241m.\u001b[39m_jsq\u001b[38;5;241m.\u001b[39mawaitTermination(\u001b[38;5;28mint\u001b[39m(timeout \u001b[38;5;241m*\u001b[39m \u001b[38;5;241m1000\u001b[39m))\n\u001b[1;32m    220\u001b[0m \u001b[38;5;28;01melse\u001b[39;00m:\n\u001b[0;32m--> 221\u001b[0m     \u001b[38;5;28;01mreturn\u001b[39;00m \u001b[38;5;28;43mself\u001b[39;49m\u001b[38;5;241;43m.\u001b[39;49m\u001b[43m_jsq\u001b[49m\u001b[38;5;241;43m.\u001b[39;49m\u001b[43mawaitTermination\u001b[49m\u001b[43m(\u001b[49m\u001b[43m)\u001b[49m\n",
      "File \u001b[0;32m/usr/local/spark/python/lib/py4j-0.10.9.7-src.zip/py4j/java_gateway.py:1322\u001b[0m, in \u001b[0;36mJavaMember.__call__\u001b[0;34m(self, *args)\u001b[0m\n\u001b[1;32m   1316\u001b[0m command \u001b[38;5;241m=\u001b[39m proto\u001b[38;5;241m.\u001b[39mCALL_COMMAND_NAME \u001b[38;5;241m+\u001b[39m\\\n\u001b[1;32m   1317\u001b[0m     \u001b[38;5;28mself\u001b[39m\u001b[38;5;241m.\u001b[39mcommand_header \u001b[38;5;241m+\u001b[39m\\\n\u001b[1;32m   1318\u001b[0m     args_command \u001b[38;5;241m+\u001b[39m\\\n\u001b[1;32m   1319\u001b[0m     proto\u001b[38;5;241m.\u001b[39mEND_COMMAND_PART\n\u001b[1;32m   1321\u001b[0m answer \u001b[38;5;241m=\u001b[39m \u001b[38;5;28mself\u001b[39m\u001b[38;5;241m.\u001b[39mgateway_client\u001b[38;5;241m.\u001b[39msend_command(command)\n\u001b[0;32m-> 1322\u001b[0m return_value \u001b[38;5;241m=\u001b[39m \u001b[43mget_return_value\u001b[49m\u001b[43m(\u001b[49m\n\u001b[1;32m   1323\u001b[0m \u001b[43m    \u001b[49m\u001b[43manswer\u001b[49m\u001b[43m,\u001b[49m\u001b[43m \u001b[49m\u001b[38;5;28;43mself\u001b[39;49m\u001b[38;5;241;43m.\u001b[39;49m\u001b[43mgateway_client\u001b[49m\u001b[43m,\u001b[49m\u001b[43m \u001b[49m\u001b[38;5;28;43mself\u001b[39;49m\u001b[38;5;241;43m.\u001b[39;49m\u001b[43mtarget_id\u001b[49m\u001b[43m,\u001b[49m\u001b[43m \u001b[49m\u001b[38;5;28;43mself\u001b[39;49m\u001b[38;5;241;43m.\u001b[39;49m\u001b[43mname\u001b[49m\u001b[43m)\u001b[49m\n\u001b[1;32m   1325\u001b[0m \u001b[38;5;28;01mfor\u001b[39;00m temp_arg \u001b[38;5;129;01min\u001b[39;00m temp_args:\n\u001b[1;32m   1326\u001b[0m     \u001b[38;5;28;01mif\u001b[39;00m \u001b[38;5;28mhasattr\u001b[39m(temp_arg, \u001b[38;5;124m\"\u001b[39m\u001b[38;5;124m_detach\u001b[39m\u001b[38;5;124m\"\u001b[39m):\n",
      "File \u001b[0;32m/usr/local/spark/python/pyspark/errors/exceptions/captured.py:179\u001b[0m, in \u001b[0;36mcapture_sql_exception.<locals>.deco\u001b[0;34m(*a, **kw)\u001b[0m\n\u001b[1;32m    177\u001b[0m \u001b[38;5;28;01mdef\u001b[39;00m \u001b[38;5;21mdeco\u001b[39m(\u001b[38;5;241m*\u001b[39ma: Any, \u001b[38;5;241m*\u001b[39m\u001b[38;5;241m*\u001b[39mkw: Any) \u001b[38;5;241m-\u001b[39m\u001b[38;5;241m>\u001b[39m Any:\n\u001b[1;32m    178\u001b[0m     \u001b[38;5;28;01mtry\u001b[39;00m:\n\u001b[0;32m--> 179\u001b[0m         \u001b[38;5;28;01mreturn\u001b[39;00m \u001b[43mf\u001b[49m\u001b[43m(\u001b[49m\u001b[38;5;241;43m*\u001b[39;49m\u001b[43ma\u001b[49m\u001b[43m,\u001b[49m\u001b[43m \u001b[49m\u001b[38;5;241;43m*\u001b[39;49m\u001b[38;5;241;43m*\u001b[39;49m\u001b[43mkw\u001b[49m\u001b[43m)\u001b[49m\n\u001b[1;32m    180\u001b[0m     \u001b[38;5;28;01mexcept\u001b[39;00m Py4JJavaError \u001b[38;5;28;01mas\u001b[39;00m e:\n\u001b[1;32m    181\u001b[0m         converted \u001b[38;5;241m=\u001b[39m convert_exception(e\u001b[38;5;241m.\u001b[39mjava_exception)\n",
      "File \u001b[0;32m/usr/local/spark/python/lib/py4j-0.10.9.7-src.zip/py4j/protocol.py:334\u001b[0m, in \u001b[0;36mget_return_value\u001b[0;34m(answer, gateway_client, target_id, name)\u001b[0m\n\u001b[1;32m    330\u001b[0m             \u001b[38;5;28;01mraise\u001b[39;00m Py4JError(\n\u001b[1;32m    331\u001b[0m                 \u001b[38;5;124m\"\u001b[39m\u001b[38;5;124mAn error occurred while calling \u001b[39m\u001b[38;5;132;01m{0}\u001b[39;00m\u001b[38;5;132;01m{1}\u001b[39;00m\u001b[38;5;132;01m{2}\u001b[39;00m\u001b[38;5;124m. Trace:\u001b[39m\u001b[38;5;130;01m\\n\u001b[39;00m\u001b[38;5;132;01m{3}\u001b[39;00m\u001b[38;5;130;01m\\n\u001b[39;00m\u001b[38;5;124m\"\u001b[39m\u001b[38;5;241m.\u001b[39m\n\u001b[1;32m    332\u001b[0m                 \u001b[38;5;28mformat\u001b[39m(target_id, \u001b[38;5;124m\"\u001b[39m\u001b[38;5;124m.\u001b[39m\u001b[38;5;124m\"\u001b[39m, name, value))\n\u001b[1;32m    333\u001b[0m     \u001b[38;5;28;01melse\u001b[39;00m:\n\u001b[0;32m--> 334\u001b[0m         \u001b[38;5;28;01mraise\u001b[39;00m Py4JError(\n\u001b[1;32m    335\u001b[0m             \u001b[38;5;124m\"\u001b[39m\u001b[38;5;124mAn error occurred while calling \u001b[39m\u001b[38;5;132;01m{0}\u001b[39;00m\u001b[38;5;132;01m{1}\u001b[39;00m\u001b[38;5;132;01m{2}\u001b[39;00m\u001b[38;5;124m\"\u001b[39m\u001b[38;5;241m.\u001b[39m\n\u001b[1;32m    336\u001b[0m             \u001b[38;5;28mformat\u001b[39m(target_id, \u001b[38;5;124m\"\u001b[39m\u001b[38;5;124m.\u001b[39m\u001b[38;5;124m\"\u001b[39m, name))\n\u001b[1;32m    337\u001b[0m \u001b[38;5;28;01melse\u001b[39;00m:\n\u001b[1;32m    338\u001b[0m     \u001b[38;5;28mtype\u001b[39m \u001b[38;5;241m=\u001b[39m answer[\u001b[38;5;241m1\u001b[39m]\n",
      "\u001b[0;31mPy4JError\u001b[0m: An error occurred while calling o41.awaitTermination"
     ]
    }
   ],
   "source": [
    "from pyspark.sql import SparkSession\n",
    "from pyspark.sql.functions import *\n",
    "from pyspark.sql.types import *\n",
    "\n",
    "spark = SparkSession.builder \\\n",
    "    .appName(\"KafkaSparkStreaming\") \\\n",
    "    .config(\"spark.jars.packages\", \"org.apache.spark:spark-sql-kafka-0-10_2.12:3.1.2\") \\\n",
    "    .getOrCreate()\n",
    "\n",
    "df = spark \\\n",
    "    .readStream \\\n",
    "    .format(\"kafka\") \\\n",
    "    .option(\"kafka.bootstrap.servers\", \"localhost:9092\") \\\n",
    "    .option(\"subscribe\", \"logs_topic\") \\\n",
    "    .load()\n",
    "\n",
    "# Kafka'dan gelen veriyi işleme\n",
    "query = df.selectExpr(\"CAST(key AS STRING)\", \"CAST(value AS STRING)\") \\\n",
    "    .writeStream \\\n",
    "    .outputMode(\"append\") \\\n",
    "    .format(\"console\") \\\n",
    "    .start()\n",
    "\n",
    "query.awaitTermination()"
   ]
  },
  {
   "cell_type": "code",
   "execution_count": 3,
   "metadata": {},
   "outputs": [
    {
     "name": "stdout",
     "output_type": "stream",
     "text": [
      "Collecting confluent_kafka\n",
      "  Downloading confluent_kafka-2.5.0-cp311-cp311-manylinux_2_28_x86_64.whl.metadata (2.3 kB)\n",
      "Downloading confluent_kafka-2.5.0-cp311-cp311-manylinux_2_28_x86_64.whl (3.9 MB)\n",
      "\u001b[2K   \u001b[90m━━━━━━━━━━━━━━━━━━━━━━━━━━━━━━━━━━━━━━━━\u001b[0m \u001b[32m3.9/3.9 MB\u001b[0m \u001b[31m62.6 MB/s\u001b[0m eta \u001b[36m0:00:00\u001b[0ma \u001b[36m0:00:01\u001b[0m\n",
      "\u001b[?25hInstalling collected packages: confluent_kafka\n",
      "Successfully installed confluent_kafka-2.5.0\n",
      "Note: you may need to restart the kernel to use updated packages.\n"
     ]
    }
   ],
   "source": [
    "%pip install confluent_kafka"
   ]
  },
  {
   "cell_type": "code",
   "execution_count": 4,
   "metadata": {},
   "outputs": [
    {
     "name": "stderr",
     "output_type": "stream",
     "text": [
      "IOPub data rate exceeded.\n",
      "The Jupyter server will temporarily stop sending output\n",
      "to the client in order to avoid crashing it.\n",
      "To change this limit, set the config variable\n",
      "`--ServerApp.iopub_data_rate_limit`.\n",
      "\n",
      "Current values:\n",
      "ServerApp.iopub_data_rate_limit=1000000.0 (bytes/sec)\n",
      "ServerApp.rate_limit_window=3.0 (secs)\n",
      "\n"
     ]
    },
    {
     "name": "stdout",
     "output_type": "stream",
     "text": [
      "Received message: {\"@timestamp\":\"2024-07-29T05:49:33.765Z\",\"@metadata\":{\"beat\":\"filebeat\",\"type\":\"_doc\",\"version\":\"7.15.0\"},\"input\":{\"type\":\"log\"},\"ecs\":{\"version\":\"1.11.0\"},\"host\":{\"name\":\"instance-20240216-1350-bunyamin-dev-confluent-7-4-3\"},\"agent\":{\"type\":\"filebeat\",\"version\":\"7.15.0\",\"hostname\":\"instance-20240216-1350-bunyamin-dev-confluent-7-4-3\",\"ephemeral_id\":\"98a4e183-cf33-4e5f-bcdc-ac577f498006\",\"id\":\"372e3c8c-f088-4782-b9a8-65beb18740c6\",\"name\":\"instance-20240216-1350-bunyamin-dev-confluent-7-4-3\"},\"log\":{\"offset\":1387923,\"file\":{\"path\":\"/kafka_logs/server.log\"}},\"message\":\"[2024-07-29 05:49:33,077] INFO [GroupCoordinator 0]: Dynamic member with unknown member id joins group my-consumer-group in Empty state. Created a new member id rdkafka-d902e539-7594-47da-a698-5bfcda721700 and request the member to rejoin with this id. (kafka.coordinator.group.GroupCoordinator)\"}\n",
      "Received message: {\"@timestamp\":\"2024-07-29T05:49:33.765Z\",\"@metadata\":{\"beat\":\"filebeat\",\"type\":\"_doc\",\"version\":\"7.15.0\"},\"log\":{\"offset\":1388219,\"file\":{\"path\":\"/kafka_logs/server.log\"}},\"message\":\"[2024-07-29 05:49:33,078] INFO [GroupCoordinator 0]: Preparing to rebalance group my-consumer-group in state PreparingRebalance with old generation 0 (__consumer_offsets-13) (reason: Adding new member rdkafka-d902e539-7594-47da-a698-5bfcda721700 with group instance id None; client reason: not provided) (kafka.coordinator.group.GroupCoordinator)\",\"input\":{\"type\":\"log\"},\"agent\":{\"hostname\":\"instance-20240216-1350-bunyamin-dev-confluent-7-4-3\",\"ephemeral_id\":\"98a4e183-cf33-4e5f-bcdc-ac577f498006\",\"id\":\"372e3c8c-f088-4782-b9a8-65beb18740c6\",\"name\":\"instance-20240216-1350-bunyamin-dev-confluent-7-4-3\",\"type\":\"filebeat\",\"version\":\"7.15.0\"},\"ecs\":{\"version\":\"1.11.0\"},\"host\":{\"name\":\"instance-20240216-1350-bunyamin-dev-confluent-7-4-3\"}}\n",
      "Received message: {\"@timestamp\":\"2024-07-29T05:49:33.765Z\",\"@metadata\":{\"beat\":\"filebeat\",\"type\":\"_doc\",\"version\":\"7.15.0\"},\"log\":{\"offset\":1388566,\"file\":{\"path\":\"/kafka_logs/server.log\"}},\"message\":\"[2024-07-29 05:49:33,079] INFO [GroupCoordinator 0]: Stabilized group my-consumer-group generation 1 (__consumer_offsets-13) with 1 members (kafka.coordinator.group.GroupCoordinator)\",\"input\":{\"type\":\"log\"},\"host\":{\"name\":\"instance-20240216-1350-bunyamin-dev-confluent-7-4-3\"},\"agent\":{\"version\":\"7.15.0\",\"hostname\":\"instance-20240216-1350-bunyamin-dev-confluent-7-4-3\",\"ephemeral_id\":\"98a4e183-cf33-4e5f-bcdc-ac577f498006\",\"id\":\"372e3c8c-f088-4782-b9a8-65beb18740c6\",\"name\":\"instance-20240216-1350-bunyamin-dev-confluent-7-4-3\",\"type\":\"filebeat\"},\"ecs\":{\"version\":\"1.11.0\"}}\n",
      "Received message: {\"@timestamp\":\"2024-07-29T05:49:33.765Z\",\"@metadata\":{\"beat\":\"filebeat\",\"type\":\"_doc\",\"version\":\"7.15.0\"},\"ecs\":{\"version\":\"1.11.0\"},\"host\":{\"name\":\"instance-20240216-1350-bunyamin-dev-confluent-7-4-3\"},\"agent\":{\"ephemeral_id\":\"98a4e183-cf33-4e5f-bcdc-ac577f498006\",\"id\":\"372e3c8c-f088-4782-b9a8-65beb18740c6\",\"name\":\"instance-20240216-1350-bunyamin-dev-confluent-7-4-3\",\"type\":\"filebeat\",\"version\":\"7.15.0\",\"hostname\":\"instance-20240216-1350-bunyamin-dev-confluent-7-4-3\"},\"log\":{\"offset\":1388749,\"file\":{\"path\":\"/kafka_logs/server.log\"}},\"message\":\"[2024-07-29 05:49:33,082] INFO [GroupCoordinator 0]: Assignment received from leader rdkafka-d902e539-7594-47da-a698-5bfcda721700 for group my-consumer-group for generation 1. The group has 1 members, 0 of which are static. (kafka.coordinator.group.GroupCoordinator)\",\"input\":{\"type\":\"log\"}}\n",
      "Received message: {\"@timestamp\":\"2024-07-29T05:49:44.534Z\",\"@metadata\":{\"beat\":\"filebeat\",\"type\":\"_doc\",\"version\":\"7.15.0\"},\"log\":{\"offset\":74217,\"file\":{\"path\":\"/kafka_logs/kafkaServer-gc.log\"}},\"message\":\"[2024-07-29T05:49:41.061+0000][gc,start      ] GC(55) Pause Young (Normal) (G1 Evacuation Pause)\",\"input\":{\"type\":\"log\"},\"ecs\":{\"version\":\"1.11.0\"},\"host\":{\"name\":\"instance-20240216-1350-bunyamin-dev-confluent-7-4-3\"},\"agent\":{\"version\":\"7.15.0\",\"hostname\":\"instance-20240216-1350-bunyamin-dev-confluent-7-4-3\",\"ephemeral_id\":\"98a4e183-cf33-4e5f-bcdc-ac577f498006\",\"id\":\"372e3c8c-f088-4782-b9a8-65beb18740c6\",\"name\":\"instance-20240216-1350-bunyamin-dev-confluent-7-4-3\",\"type\":\"filebeat\"}}\n",
      "Received message: {\"@timestamp\":\"2024-07-29T05:49:44.534Z\",\"@metadata\":{\"beat\":\"filebeat\",\"type\":\"_doc\",\"version\":\"7.15.0\"},\"message\":\"[2024-07-29T05:49:41.061+0000][gc,task       ] GC(55) Using 4 workers of 4 for evacuation\",\"log\":{\"offset\":74314,\"file\":{\"path\":\"/kafka_logs/kafkaServer-gc.log\"}},\"input\":{\"type\":\"log\"},\"ecs\":{\"version\":\"1.11.0\"},\"host\":{\"name\":\"instance-20240216-1350-bunyamin-dev-confluent-7-4-3\"},\"agent\":{\"name\":\"instance-20240216-1350-bunyamin-dev-confluent-7-4-3\",\"type\":\"filebeat\",\"version\":\"7.15.0\",\"hostname\":\"instance-20240216-1350-bunyamin-dev-confluent-7-4-3\",\"ephemeral_id\":\"98a4e183-cf33-4e5f-bcdc-ac577f498006\",\"id\":\"372e3c8c-f088-4782-b9a8-65beb18740c6\"}}\n",
      "Received message: {\"@timestamp\":\"2024-07-29T05:49:44.534Z\",\"@metadata\":{\"beat\":\"filebeat\",\"type\":\"_doc\",\"version\":\"7.15.0\"},\"message\":\"[2024-07-29T05:49:41.078+0000][gc,phases     ] GC(55)   Pre Evacuate Collection Set: 0.0ms\",\"input\":{\"type\":\"log\"},\"host\":{\"name\":\"instance-20240216-1350-bunyamin-dev-confluent-7-4-3\"},\"agent\":{\"id\":\"372e3c8c-f088-4782-b9a8-65beb18740c6\",\"name\":\"instance-20240216-1350-bunyamin-dev-confluent-7-4-3\",\"type\":\"filebeat\",\"version\":\"7.15.0\",\"hostname\":\"instance-20240216-1350-bunyamin-dev-confluent-7-4-3\",\"ephemeral_id\":\"98a4e183-cf33-4e5f-bcdc-ac577f498006\"},\"ecs\":{\"version\":\"1.11.0\"},\"log\":{\"offset\":74404,\"file\":{\"path\":\"/kafka_logs/kafkaServer-gc.log\"}}}\n",
      "Received message: {\"@timestamp\":\"2024-07-29T05:49:44.534Z\",\"@metadata\":{\"beat\":\"filebeat\",\"type\":\"_doc\",\"version\":\"7.15.0\"},\"log\":{\"offset\":74495,\"file\":{\"path\":\"/kafka_logs/kafkaServer-gc.log\"}},\"message\":\"[2024-07-29T05:49:41.078+0000][gc,phases     ] GC(55)   Evacuate Collection Set: 16.5ms\",\"input\":{\"type\":\"log\"},\"ecs\":{\"version\":\"1.11.0\"},\"host\":{\"name\":\"instance-20240216-1350-bunyamin-dev-confluent-7-4-3\"},\"agent\":{\"id\":\"372e3c8c-f088-4782-b9a8-65beb18740c6\",\"name\":\"instance-20240216-1350-bunyamin-dev-confluent-7-4-3\",\"type\":\"filebeat\",\"version\":\"7.15.0\",\"hostname\":\"instance-20240216-1350-bunyamin-dev-confluent-7-4-3\",\"ephemeral_id\":\"98a4e183-cf33-4e5f-bcdc-ac577f498006\"}}\n",
      "Received message: {\"@timestamp\":\"2024-07-29T05:49:44.534Z\",\"@metadata\":{\"beat\":\"filebeat\",\"type\":\"_doc\",\"version\":\"7.15.0\"},\"message\":\"[2024-07-29T05:49:41.078+0000][gc,phases     ] GC(55)   Post Evacuate Collection Set: 0.6ms\",\"input\":{\"type\":\"log\"},\"ecs\":{\"version\":\"1.11.0\"},\"host\":{\"name\":\"instance-20240216-1350-bunyamin-dev-confluent-7-4-3\"},\"agent\":{\"hostname\":\"instance-20240216-1350-bunyamin-dev-confluent-7-4-3\",\"ephemeral_id\":\"98a4e183-cf33-4e5f-bcdc-ac577f498006\",\"id\":\"372e3c8c-f088-4782-b9a8-65beb18740c6\",\"name\":\"instance-20240216-1350-bunyamin-dev-confluent-7-4-3\",\"type\":\"filebeat\",\"version\":\"7.15.0\"},\"log\":{\"offset\":74583,\"file\":{\"path\":\"/kafka_logs/kafkaServer-gc.log\"}}}\n",
      "Received message: {\"@timestamp\":\"2024-07-29T05:49:44.534Z\",\"@metadata\":{\"beat\":\"filebeat\",\"type\":\"_doc\",\"version\":\"7.15.0\"},\"log\":{\"offset\":74675,\"file\":{\"path\":\"/kafka_logs/kafkaServer-gc.log\"}},\"message\":\"[2024-07-29T05:49:41.078+0000][gc,phases     ] GC(55)   Other: 0.2ms\",\"input\":{\"type\":\"log\"},\"ecs\":{\"version\":\"1.11.0\"},\"host\":{\"name\":\"instance-20240216-1350-bunyamin-dev-confluent-7-4-3\"},\"agent\":{\"ephemeral_id\":\"98a4e183-cf33-4e5f-bcdc-ac577f498006\",\"id\":\"372e3c8c-f088-4782-b9a8-65beb18740c6\",\"name\":\"instance-20240216-1350-bunyamin-dev-confluent-7-4-3\",\"type\":\"filebeat\",\"version\":\"7.15.0\",\"hostname\":\"instance-20240216-1350-bunyamin-dev-confluent-7-4-3\"}}\n",
      "Received message: {\"@timestamp\":\"2024-07-29T05:49:44.534Z\",\"@metadata\":{\"beat\":\"filebeat\",\"type\":\"_doc\",\"version\":\"7.15.0\"},\"log\":{\"offset\":74744,\"file\":{\"path\":\"/kafka_logs/kafkaServer-gc.log\"}},\"input\":{\"type\":\"log\"},\"ecs\":{\"version\":\"1.11.0\"},\"host\":{\"name\":\"instance-20240216-1350-bunyamin-dev-confluent-7-4-3\"},\"agent\":{\"hostname\":\"instance-20240216-1350-bunyamin-dev-confluent-7-4-3\",\"ephemeral_id\":\"98a4e183-cf33-4e5f-bcdc-ac577f498006\",\"id\":\"372e3c8c-f088-4782-b9a8-65beb18740c6\",\"name\":\"instance-20240216-1350-bunyamin-dev-confluent-7-4-3\",\"type\":\"filebeat\",\"version\":\"7.15.0\"},\"message\":\"[2024-07-29T05:49:41.078+0000][gc,heap       ] GC(55) Eden regions: 191->0(192)\"}\n",
      "Received message: {\"@timestamp\":\"2024-07-29T05:49:44.534Z\",\"@metadata\":{\"beat\":\"filebeat\",\"type\":\"_doc\",\"version\":\"7.15.0\"},\"ecs\":{\"version\":\"1.11.0\"},\"host\":{\"name\":\"instance-20240216-1350-bunyamin-dev-confluent-7-4-3\"},\"agent\":{\"name\":\"instance-20240216-1350-bunyamin-dev-confluent-7-4-3\",\"type\":\"filebeat\",\"version\":\"7.15.0\",\"hostname\":\"instance-20240216-1350-bunyamin-dev-confluent-7-4-3\",\"ephemeral_id\":\"98a4e183-cf33-4e5f-bcdc-ac577f498006\",\"id\":\"372e3c8c-f088-4782-b9a8-65beb18740c6\"},\"log\":{\"offset\":74824,\"file\":{\"path\":\"/kafka_logs/kafkaServer-gc.log\"}},\"message\":\"[2024-07-29T05:49:41.078+0000][gc,heap       ] GC(55) Survivor regions: 12->14(26)\",\"input\":{\"type\":\"log\"}}\n",
      "Received message: {\"@timestamp\":\"2024-07-29T05:49:44.534Z\",\"@metadata\":{\"beat\":\"filebeat\",\"type\":\"_doc\",\"version\":\"7.15.0\"},\"host\":{\"name\":\"instance-20240216-1350-bunyamin-dev-confluent-7-4-3\"},\"agent\":{\"ephemeral_id\":\"98a4e183-cf33-4e5f-bcdc-ac577f498006\",\"id\":\"372e3c8c-f088-4782-b9a8-65beb18740c6\",\"name\":\"instance-20240216-1350-bunyamin-dev-confluent-7-4-3\",\"type\":\"filebeat\",\"version\":\"7.15.0\",\"hostname\":\"instance-20240216-1350-bunyamin-dev-confluent-7-4-3\"},\"log\":{\"offset\":74907,\"file\":{\"path\":\"/kafka_logs/kafkaServer-gc.log\"}},\"message\":\"[2024-07-29T05:49:41.078+0000][gc,heap       ] GC(55) Old regions: 123->123\",\"input\":{\"type\":\"log\"},\"ecs\":{\"version\":\"1.11.0\"}}\n",
      "Received message: {\"@timestamp\":\"2024-07-29T05:49:44.534Z\",\"@metadata\":{\"beat\":\"filebeat\",\"type\":\"_doc\",\"version\":\"7.15.0\"},\"log\":{\"offset\":74983,\"file\":{\"path\":\"/kafka_logs/kafkaServer-gc.log\"}},\"message\":\"[2024-07-29T05:49:41.078+0000][gc,heap       ] GC(55) Humongous regions: 131->131\",\"input\":{\"type\":\"log\"},\"agent\":{\"ephemeral_id\":\"98a4e183-cf33-4e5f-bcdc-ac577f498006\",\"id\":\"372e3c8c-f088-4782-b9a8-65beb18740c6\",\"name\":\"instance-20240216-1350-bunyamin-dev-confluent-7-4-3\",\"type\":\"filebeat\",\"version\":\"7.15.0\",\"hostname\":\"instance-20240216-1350-bunyamin-dev-confluent-7-4-3\"},\"ecs\":{\"version\":\"1.11.0\"},\"host\":{\"name\":\"instance-20240216-1350-bunyamin-dev-confluent-7-4-3\"}}\n",
      "Received message: {\"@timestamp\":\"2024-07-29T05:49:44.534Z\",\"@metadata\":{\"beat\":\"filebeat\",\"type\":\"_doc\",\"version\":\"7.15.0\"},\"ecs\":{\"version\":\"1.11.0\"},\"host\":{\"name\":\"instance-20240216-1350-bunyamin-dev-confluent-7-4-3\"},\"agent\":{\"ephemeral_id\":\"98a4e183-cf33-4e5f-bcdc-ac577f498006\",\"id\":\"372e3c8c-f088-4782-b9a8-65beb18740c6\",\"name\":\"instance-20240216-1350-bunyamin-dev-confluent-7-4-3\",\"type\":\"filebeat\",\"version\":\"7.15.0\",\"hostname\":\"instance-20240216-1350-bunyamin-dev-confluent-7-4-3\"},\"log\":{\"offset\":75065,\"file\":{\"path\":\"/kafka_logs/kafkaServer-gc.log\"}},\"message\":\"[2024-07-29T05:49:41.078+0000][gc,metaspace  ] GC(55) Metaspace: 109330K(115044K)->109330K(115044K) NonClass: 95617K(98764K)->95617K(98764K) Class: 13713K(16280K)->13713K(16280K)\",\"input\":{\"type\":\"log\"}}\n",
      "Received message: {\"@timestamp\":\"2024-07-29T05:49:44.534Z\",\"@metadata\":{\"beat\":\"filebeat\",\"type\":\"_doc\",\"version\":\"7.15.0\"},\"host\":{\"name\":\"instance-20240216-1350-bunyamin-dev-confluent-7-4-3\"},\"agent\":{\"version\":\"7.15.0\",\"hostname\":\"instance-20240216-1350-bunyamin-dev-confluent-7-4-3\",\"ephemeral_id\":\"98a4e183-cf33-4e5f-bcdc-ac577f498006\",\"id\":\"372e3c8c-f088-4782-b9a8-65beb18740c6\",\"name\":\"instance-20240216-1350-bunyamin-dev-confluent-7-4-3\",\"type\":\"filebeat\"},\"ecs\":{\"version\":\"1.11.0\"},\"message\":\"[2024-07-29T05:49:41.078+0000][gc            ] GC(55) Pause Young (Normal) (G1 Evacuation Pause) 454M->265M(1024M) 17.355ms\",\"log\":{\"file\":{\"path\":\"/kafka_logs/kafkaServer-gc.log\"},\"offset\":75244},\"input\":{\"type\":\"log\"}}\n",
      "Received message: {\"@timestamp\":\"2024-07-29T05:49:44.534Z\",\"@metadata\":{\"beat\":\"filebeat\",\"type\":\"_doc\",\"version\":\"7.15.0\"},\"ecs\":{\"version\":\"1.11.0\"},\"host\":{\"name\":\"instance-20240216-1350-bunyamin-dev-confluent-7-4-3\"},\"agent\":{\"type\":\"filebeat\",\"version\":\"7.15.0\",\"hostname\":\"instance-20240216-1350-bunyamin-dev-confluent-7-4-3\",\"ephemeral_id\":\"98a4e183-cf33-4e5f-bcdc-ac577f498006\",\"id\":\"372e3c8c-f088-4782-b9a8-65beb18740c6\",\"name\":\"instance-20240216-1350-bunyamin-dev-confluent-7-4-3\"},\"log\":{\"file\":{\"path\":\"/kafka_logs/kafkaServer-gc.log\"},\"offset\":75368},\"message\":\"[2024-07-29T05:49:41.078+0000][gc,cpu        ] GC(55) User=0.05s Sys=0.00s Real=0.01s\",\"input\":{\"type\":\"log\"}}\n",
      "Received message: {\"@timestamp\":\"2024-07-29T05:49:44.543Z\",\"@metadata\":{\"beat\":\"filebeat\",\"type\":\"_doc\",\"version\":\"7.15.0\"},\"log\":{\"offset\":10149,\"file\":{\"path\":\"/kafka_logs/metadata-service.log\"}},\"message\":\"[2024-07-29 05:49:38,366] INFO 127.0.0.1 - - [29/Jul/2024:05:49:38 +0000] \\\"GET /v1/metadata/id HTTP/2.0\\\" 200 105 \\\"-\\\" \\\"armeria/1.24.3\\\" 3 (io.confluent.rest-utils.requests)\",\"input\":{\"type\":\"log\"},\"ecs\":{\"version\":\"1.11.0\"},\"host\":{\"name\":\"instance-20240216-1350-bunyamin-dev-confluent-7-4-3\"},\"agent\":{\"version\":\"7.15.0\",\"hostname\":\"instance-20240216-1350-bunyamin-dev-confluent-7-4-3\",\"ephemeral_id\":\"98a4e183-cf33-4e5f-bcdc-ac577f498006\",\"id\":\"372e3c8c-f088-4782-b9a8-65beb18740c6\",\"name\":\"instance-20240216-1350-bunyamin-dev-confluent-7-4-3\",\"type\":\"filebeat\"}}\n",
      "Received message: {\"@timestamp\":\"2024-07-29T05:49:59.545Z\",\"@metadata\":{\"beat\":\"filebeat\",\"type\":\"_doc\",\"version\":\"7.15.0\"},\"host\":{\"name\":\"instance-20240216-1350-bunyamin-dev-confluent-7-4-3\"},\"agent\":{\"ephemeral_id\":\"98a4e183-cf33-4e5f-bcdc-ac577f498006\",\"id\":\"372e3c8c-f088-4782-b9a8-65beb18740c6\",\"name\":\"instance-20240216-1350-bunyamin-dev-confluent-7-4-3\",\"type\":\"filebeat\",\"version\":\"7.15.0\",\"hostname\":\"instance-20240216-1350-bunyamin-dev-confluent-7-4-3\"},\"log\":{\"offset\":10320,\"file\":{\"path\":\"/kafka_logs/metadata-service.log\"}},\"message\":\"[2024-07-29 05:49:56,885] INFO 127.0.0.1 - - [29/Jul/2024:05:49:56 +0000] \\\"GET /v1/metadata/id HTTP/2.0\\\" 200 105 \\\"-\\\" \\\"armeria/1.24.3\\\" 2 (io.confluent.rest-utils.requests)\",\"input\":{\"type\":\"log\"},\"ecs\":{\"version\":\"1.11.0\"}}\n",
      "Received message: {\"@timestamp\":\"2024-07-29T05:50:19.538Z\",\"@metadata\":{\"beat\":\"filebeat\",\"type\":\"_doc\",\"version\":\"7.15.0\"},\"input\":{\"type\":\"log\"},\"host\":{\"name\":\"instance-20240216-1350-bunyamin-dev-confluent-7-4-3\"},\"agent\":{\"type\":\"filebeat\",\"version\":\"7.15.0\",\"hostname\":\"instance-20240216-1350-bunyamin-dev-confluent-7-4-3\",\"ephemeral_id\":\"98a4e183-cf33-4e5f-bcdc-ac577f498006\",\"id\":\"372e3c8c-f088-4782-b9a8-65beb18740c6\",\"name\":\"instance-20240216-1350-bunyamin-dev-confluent-7-4-3\"},\"ecs\":{\"version\":\"1.11.0\"},\"log\":{\"offset\":75454,\"file\":{\"path\":\"/kafka_logs/kafkaServer-gc.log\"}},\"message\":\"[2024-07-29T05:50:16.456+0000][gc,start      ] GC(56) Pause Young (Normal) (G1 Evacuation Pause)\"}\n",
      "Received message: {\"@timestamp\":\"2024-07-29T05:50:19.539Z\",\"@metadata\":{\"beat\":\"filebeat\",\"type\":\"_doc\",\"version\":\"7.15.0\"},\"log\":{\"file\":{\"path\":\"/kafka_logs/kafkaServer-gc.log\"},\"offset\":75551},\"message\":\"[2024-07-29T05:50:16.456+0000][gc,task       ] GC(56) Using 4 workers of 4 for evacuation\",\"input\":{\"type\":\"log\"},\"ecs\":{\"version\":\"1.11.0\"},\"host\":{\"name\":\"instance-20240216-1350-bunyamin-dev-confluent-7-4-3\"},\"agent\":{\"version\":\"7.15.0\",\"hostname\":\"instance-20240216-1350-bunyamin-dev-confluent-7-4-3\",\"ephemeral_id\":\"98a4e183-cf33-4e5f-bcdc-ac577f498006\",\"id\":\"372e3c8c-f088-4782-b9a8-65beb18740c6\",\"name\":\"instance-20240216-1350-bunyamin-dev-confluent-7-4-3\",\"type\":\"filebeat\"}}\n",
      "Received message: {\"@timestamp\":\"2024-07-29T05:50:19.539Z\",\"@metadata\":{\"beat\":\"filebeat\",\"type\":\"_doc\",\"version\":\"7.15.0\"},\"ecs\":{\"version\":\"1.11.0\"},\"host\":{\"name\":\"instance-20240216-1350-bunyamin-dev-confluent-7-4-3\"},\"agent\":{\"name\":\"instance-20240216-1350-bunyamin-dev-confluent-7-4-3\",\"type\":\"filebeat\",\"version\":\"7.15.0\",\"hostname\":\"instance-20240216-1350-bunyamin-dev-confluent-7-4-3\",\"ephemeral_id\":\"98a4e183-cf33-4e5f-bcdc-ac577f498006\",\"id\":\"372e3c8c-f088-4782-b9a8-65beb18740c6\"},\"log\":{\"offset\":75641,\"file\":{\"path\":\"/kafka_logs/kafkaServer-gc.log\"}},\"message\":\"[2024-07-29T05:50:16.472+0000][gc,phases     ] GC(56)   Pre Evacuate Collection Set: 0.0ms\",\"input\":{\"type\":\"log\"}}\n",
      "Received message: {\"@timestamp\":\"2024-07-29T05:50:19.539Z\",\"@metadata\":{\"beat\":\"filebeat\",\"type\":\"_doc\",\"version\":\"7.15.0\"},\"message\":\"[2024-07-29T05:50:16.472+0000][gc,phases     ] GC(56)   Evacuate Collection Set: 14.9ms\",\"log\":{\"file\":{\"path\":\"/kafka_logs/kafkaServer-gc.log\"},\"offset\":75732},\"input\":{\"type\":\"log\"},\"ecs\":{\"version\":\"1.11.0\"},\"host\":{\"name\":\"instance-20240216-1350-bunyamin-dev-confluent-7-4-3\"},\"agent\":{\"id\":\"372e3c8c-f088-4782-b9a8-65beb18740c6\",\"name\":\"instance-20240216-1350-bunyamin-dev-confluent-7-4-3\",\"type\":\"filebeat\",\"version\":\"7.15.0\",\"hostname\":\"instance-20240216-1350-bunyamin-dev-confluent-7-4-3\",\"ephemeral_id\":\"98a4e183-cf33-4e5f-bcdc-ac577f498006\"}}\n",
      "Received message: {\"@timestamp\":\"2024-07-29T05:50:19.539Z\",\"@metadata\":{\"beat\":\"filebeat\",\"type\":\"_doc\",\"version\":\"7.15.0\"},\"ecs\":{\"version\":\"1.11.0\"},\"host\":{\"name\":\"instance-20240216-1350-bunyamin-dev-confluent-7-4-3\"},\"agent\":{\"ephemeral_id\":\"98a4e183-cf33-4e5f-bcdc-ac577f498006\",\"id\":\"372e3c8c-f088-4782-b9a8-65beb18740c6\",\"name\":\"instance-20240216-1350-bunyamin-dev-confluent-7-4-3\",\"type\":\"filebeat\",\"version\":\"7.15.0\",\"hostname\":\"instance-20240216-1350-bunyamin-dev-confluent-7-4-3\"},\"message\":\"[2024-07-29T05:50:16.472+0000][gc,phases     ] GC(56)   Post Evacuate Collection Set: 0.6ms\",\"log\":{\"file\":{\"path\":\"/kafka_logs/kafkaServer-gc.log\"},\"offset\":75820},\"input\":{\"type\":\"log\"}}\n",
      "Received message: {\"@timestamp\":\"2024-07-29T05:50:19.539Z\",\"@metadata\":{\"beat\":\"filebeat\",\"type\":\"_doc\",\"version\":\"7.15.0\"},\"log\":{\"offset\":75912,\"file\":{\"path\":\"/kafka_logs/kafkaServer-gc.log\"}},\"message\":\"[2024-07-29T05:50:16.472+0000][gc,phases     ] GC(56)   Other: 0.2ms\",\"input\":{\"type\":\"log\"},\"agent\":{\"ephemeral_id\":\"98a4e183-cf33-4e5f-bcdc-ac577f498006\",\"id\":\"372e3c8c-f088-4782-b9a8-65beb18740c6\",\"name\":\"instance-20240216-1350-bunyamin-dev-confluent-7-4-3\",\"type\":\"filebeat\",\"version\":\"7.15.0\",\"hostname\":\"instance-20240216-1350-bunyamin-dev-confluent-7-4-3\"},\"ecs\":{\"version\":\"1.11.0\"},\"host\":{\"name\":\"instance-20240216-1350-bunyamin-dev-confluent-7-4-3\"}}\n",
      "Received message: {\"@timestamp\":\"2024-07-29T05:50:19.539Z\",\"@metadata\":{\"beat\":\"filebeat\",\"type\":\"_doc\",\"version\":\"7.15.0\"},\"host\":{\"name\":\"instance-20240216-1350-bunyamin-dev-confluent-7-4-3\"},\"agent\":{\"name\":\"instance-20240216-1350-bunyamin-dev-confluent-7-4-3\",\"type\":\"filebeat\",\"version\":\"7.15.0\",\"hostname\":\"instance-20240216-1350-bunyamin-dev-confluent-7-4-3\",\"ephemeral_id\":\"98a4e183-cf33-4e5f-bcdc-ac577f498006\",\"id\":\"372e3c8c-f088-4782-b9a8-65beb18740c6\"},\"log\":{\"file\":{\"path\":\"/kafka_logs/kafkaServer-gc.log\"},\"offset\":75981},\"message\":\"[2024-07-29T05:50:16.472+0000][gc,heap       ] GC(56) Eden regions: 167->0(193)\",\"input\":{\"type\":\"log\"},\"ecs\":{\"version\":\"1.11.0\"}}\n",
      "Received message: {\"@timestamp\":\"2024-07-29T05:50:19.539Z\",\"@metadata\":{\"beat\":\"filebeat\",\"type\":\"_doc\",\"version\":\"7.15.0\"},\"message\":\"[2024-07-29T05:50:16.472+0000][gc,heap       ] GC(56) Survivor regions: 14->13(23)\",\"input\":{\"type\":\"log\"},\"ecs\":{\"version\":\"1.11.0\"},\"host\":{\"name\":\"instance-20240216-1350-bunyamin-dev-confluent-7-4-3\"},\"agent\":{\"type\":\"filebeat\",\"version\":\"7.15.0\",\"hostname\":\"instance-20240216-1350-bunyamin-dev-confluent-7-4-3\",\"ephemeral_id\":\"98a4e183-cf33-4e5f-bcdc-ac577f498006\",\"id\":\"372e3c8c-f088-4782-b9a8-65beb18740c6\",\"name\":\"instance-20240216-1350-bunyamin-dev-confluent-7-4-3\"},\"log\":{\"offset\":76061,\"file\":{\"path\":\"/kafka_logs/kafkaServer-gc.log\"}}}\n",
      "Received message: {\"@timestamp\":\"2024-07-29T05:50:19.539Z\",\"@metadata\":{\"beat\":\"filebeat\",\"type\":\"_doc\",\"version\":\"7.15.0\"},\"host\":{\"name\":\"instance-20240216-1350-bunyamin-dev-confluent-7-4-3\"},\"agent\":{\"ephemeral_id\":\"98a4e183-cf33-4e5f-bcdc-ac577f498006\",\"id\":\"372e3c8c-f088-4782-b9a8-65beb18740c6\",\"name\":\"instance-20240216-1350-bunyamin-dev-confluent-7-4-3\",\"type\":\"filebeat\",\"version\":\"7.15.0\",\"hostname\":\"instance-20240216-1350-bunyamin-dev-confluent-7-4-3\"},\"ecs\":{\"version\":\"1.11.0\"},\"log\":{\"offset\":76144,\"file\":{\"path\":\"/kafka_logs/kafkaServer-gc.log\"}},\"message\":\"[2024-07-29T05:50:16.472+0000][gc,heap       ] GC(56) Old regions: 123->125\",\"input\":{\"type\":\"log\"}}\n",
      "Received message: {\"@timestamp\":\"2024-07-29T05:50:19.539Z\",\"@metadata\":{\"beat\":\"filebeat\",\"type\":\"_doc\",\"version\":\"7.15.0\"},\"agent\":{\"id\":\"372e3c8c-f088-4782-b9a8-65beb18740c6\",\"name\":\"instance-20240216-1350-bunyamin-dev-confluent-7-4-3\",\"type\":\"filebeat\",\"version\":\"7.15.0\",\"hostname\":\"instance-20240216-1350-bunyamin-dev-confluent-7-4-3\",\"ephemeral_id\":\"98a4e183-cf33-4e5f-bcdc-ac577f498006\"},\"log\":{\"offset\":76220,\"file\":{\"path\":\"/kafka_logs/kafkaServer-gc.log\"}},\"message\":\"[2024-07-29T05:50:16.472+0000][gc,heap       ] GC(56) Humongous regions: 131->131\",\"input\":{\"type\":\"log\"},\"ecs\":{\"version\":\"1.11.0\"},\"host\":{\"name\":\"instance-20240216-1350-bunyamin-dev-confluent-7-4-3\"}}\n",
      "Received message: {\"@timestamp\":\"2024-07-29T05:50:19.539Z\",\"@metadata\":{\"beat\":\"filebeat\",\"type\":\"_doc\",\"version\":\"7.15.0\"},\"log\":{\"file\":{\"path\":\"/kafka_logs/kafkaServer-gc.log\"},\"offset\":76302},\"message\":\"[2024-07-29T05:50:16.472+0000][gc,metaspace  ] GC(56) Metaspace: 109343K(115044K)->109343K(115044K) NonClass: 95630K(98764K)->95630K(98764K) Class: 13713K(16280K)->13713K(16280K)\",\"input\":{\"type\":\"log\"},\"host\":{\"name\":\"instance-20240216-1350-bunyamin-dev-confluent-7-4-3\"},\"agent\":{\"name\":\"instance-20240216-1350-bunyamin-dev-confluent-7-4-3\",\"type\":\"filebeat\",\"version\":\"7.15.0\",\"hostname\":\"instance-20240216-1350-bunyamin-dev-confluent-7-4-3\",\"ephemeral_id\":\"98a4e183-cf33-4e5f-bcdc-ac577f498006\",\"id\":\"372e3c8c-f088-4782-b9a8-65beb18740c6\"},\"ecs\":{\"version\":\"1.11.0\"}}\n",
      "Received message: {\"@timestamp\":\"2024-07-29T05:50:19.539Z\",\"@metadata\":{\"beat\":\"filebeat\",\"type\":\"_doc\",\"version\":\"7.15.0\"},\"host\":{\"name\":\"instance-20240216-1350-bunyamin-dev-confluent-7-4-3\"},\"agent\":{\"id\":\"372e3c8c-f088-4782-b9a8-65beb18740c6\",\"name\":\"instance-20240216-1350-bunyamin-dev-confluent-7-4-3\",\"type\":\"filebeat\",\"version\":\"7.15.0\",\"hostname\":\"instance-20240216-1350-bunyamin-dev-confluent-7-4-3\",\"ephemeral_id\":\"98a4e183-cf33-4e5f-bcdc-ac577f498006\"},\"message\":\"[2024-07-29T05:50:16.472+0000][gc            ] GC(56) Pause Young (Normal) (G1 Evacuation Pause) 432M->267M(1024M) 15.746ms\",\"log\":{\"offset\":76481,\"file\":{\"path\":\"/kafka_logs/kafkaServer-gc.log\"}},\"input\":{\"type\":\"log\"},\"ecs\":{\"version\":\"1.11.0\"}}\n",
      "Received message: {\"@timestamp\":\"2024-07-29T05:50:19.539Z\",\"@metadata\":{\"beat\":\"filebeat\",\"type\":\"_doc\",\"version\":\"7.15.0\"},\"log\":{\"offset\":76605,\"file\":{\"path\":\"/kafka_logs/kafkaServer-gc.log\"}},\"message\":\"[2024-07-29T05:50:16.472+0000][gc,cpu        ] GC(56) User=0.06s Sys=0.00s Real=0.02s\",\"input\":{\"type\":\"log\"},\"agent\":{\"name\":\"instance-20240216-1350-bunyamin-dev-confluent-7-4-3\",\"type\":\"filebeat\",\"version\":\"7.15.0\",\"hostname\":\"instance-20240216-1350-bunyamin-dev-confluent-7-4-3\",\"ephemeral_id\":\"98a4e183-cf33-4e5f-bcdc-ac577f498006\",\"id\":\"372e3c8c-f088-4782-b9a8-65beb18740c6\"},\"ecs\":{\"version\":\"1.11.0\"},\"host\":{\"name\":\"instance-20240216-1350-bunyamin-dev-confluent-7-4-3\"}}\n",
      "Received message: {\"@timestamp\":\"2024-07-29T05:50:24.547Z\",\"@metadata\":{\"beat\":\"filebeat\",\"type\":\"_doc\",\"version\":\"7.15.0\"},\"input\":{\"type\":\"log\"},\"ecs\":{\"version\":\"1.11.0\"},\"host\":{\"name\":\"instance-20240216-1350-bunyamin-dev-confluent-7-4-3\"},\"agent\":{\"id\":\"372e3c8c-f088-4782-b9a8-65beb18740c6\",\"name\":\"instance-20240216-1350-bunyamin-dev-confluent-7-4-3\",\"type\":\"filebeat\",\"version\":\"7.15.0\",\"hostname\":\"instance-20240216-1350-bunyamin-dev-confluent-7-4-3\",\"ephemeral_id\":\"98a4e183-cf33-4e5f-bcdc-ac577f498006\"},\"log\":{\"offset\":10491,\"file\":{\"path\":\"/kafka_logs/metadata-service.log\"}},\"message\":\"[2024-07-29 05:50:17,201] INFO 127.0.0.1 - - [29/Jul/2024:05:50:17 +0000] \\\"GET /v1/metadata/id HTTP/2.0\\\" 200 105 \\\"-\\\" \\\"armeria/1.24.3\\\" 2 (io.confluent.rest-utils.requests)\"}\n",
      "Received message: {\"@timestamp\":\"2024-07-29T05:50:28.776Z\",\"@metadata\":{\"beat\":\"filebeat\",\"type\":\"_doc\",\"version\":\"7.15.0\"},\"log\":{\"offset\":1389016,\"file\":{\"path\":\"/kafka_logs/server.log\"}},\"message\":\"[2024-07-29 05:50:25,266] INFO [Consumer clientId=kafka-cruise-control, groupId=ConfluentTelemetryReporterSampler--7309764670275015236] Seeking to offset 68014 for partition _confluent-telemetry-metrics-3 (org.apache.kafka.clients.consumer.KafkaConsumer)\",\"input\":{\"type\":\"log\"},\"ecs\":{\"version\":\"1.11.0\"},\"host\":{\"name\":\"instance-20240216-1350-bunyamin-dev-confluent-7-4-3\"},\"agent\":{\"type\":\"filebeat\",\"version\":\"7.15.0\",\"hostname\":\"instance-20240216-1350-bunyamin-dev-confluent-7-4-3\",\"ephemeral_id\":\"98a4e183-cf33-4e5f-bcdc-ac577f498006\",\"id\":\"372e3c8c-f088-4782-b9a8-65beb18740c6\",\"name\":\"instance-20240216-1350-bunyamin-dev-confluent-7-4-3\"}}\n",
      "Received message: {\"@timestamp\":\"2024-07-29T05:50:28.776Z\",\"@metadata\":{\"beat\":\"filebeat\",\"type\":\"_doc\",\"version\":\"7.15.0\"},\"input\":{\"type\":\"log\"},\"agent\":{\"id\":\"372e3c8c-f088-4782-b9a8-65beb18740c6\",\"name\":\"instance-20240216-1350-bunyamin-dev-confluent-7-4-3\",\"type\":\"filebeat\",\"version\":\"7.15.0\",\"hostname\":\"instance-20240216-1350-bunyamin-dev-confluent-7-4-3\",\"ephemeral_id\":\"98a4e183-cf33-4e5f-bcdc-ac577f498006\"},\"ecs\":{\"version\":\"1.11.0\"},\"host\":{\"name\":\"instance-20240216-1350-bunyamin-dev-confluent-7-4-3\"},\"log\":{\"offset\":1389271,\"file\":{\"path\":\"/kafka_logs/server.log\"}},\"message\":\"[2024-07-29 05:50:25,266] INFO [Consumer clientId=kafka-cruise-control, groupId=ConfluentTelemetryReporterSampler--7309764670275015236] Seeking to offset 67475 for partition _confluent-telemetry-metrics-4 (org.apache.kafka.clients.consumer.KafkaConsumer)\"}\n",
      "Received message: {\"@timestamp\":\"2024-07-29T05:50:28.776Z\",\"@metadata\":{\"beat\":\"filebeat\",\"type\":\"_doc\",\"version\":\"7.15.0\"},\"input\":{\"type\":\"log\"},\"ecs\":{\"version\":\"1.11.0\"},\"host\":{\"name\":\"instance-20240216-1350-bunyamin-dev-confluent-7-4-3\"},\"agent\":{\"version\":\"7.15.0\",\"hostname\":\"instance-20240216-1350-bunyamin-dev-confluent-7-4-3\",\"ephemeral_id\":\"98a4e183-cf33-4e5f-bcdc-ac577f498006\",\"id\":\"372e3c8c-f088-4782-b9a8-65beb18740c6\",\"name\":\"instance-20240216-1350-bunyamin-dev-confluent-7-4-3\",\"type\":\"filebeat\"},\"log\":{\"offset\":1389526,\"file\":{\"path\":\"/kafka_logs/server.log\"}},\"message\":\"[2024-07-29 05:50:25,266] INFO [Consumer clientId=kafka-cruise-control, groupId=ConfluentTelemetryReporterSampler--7309764670275015236] Seeking to offset 63973 for partition _confluent-telemetry-metrics-5 (org.apache.kafka.clients.consumer.KafkaConsumer)\"}\n",
      "Received message: {\"@timestamp\":\"2024-07-29T05:50:28.776Z\",\"@metadata\":{\"beat\":\"filebeat\",\"type\":\"_doc\",\"version\":\"7.15.0\"},\"log\":{\"offset\":1389781,\"file\":{\"path\":\"/kafka_logs/server.log\"}},\"message\":\"[2024-07-29 05:50:25,266] INFO [Consumer clientId=kafka-cruise-control, groupId=ConfluentTelemetryReporterSampler--7309764670275015236] Seeking to offset 64742 for partition _confluent-telemetry-metrics-6 (org.apache.kafka.clients.consumer.KafkaConsumer)\",\"input\":{\"type\":\"log\"},\"ecs\":{\"version\":\"1.11.0\"},\"host\":{\"name\":\"instance-20240216-1350-bunyamin-dev-confluent-7-4-3\"},\"agent\":{\"version\":\"7.15.0\",\"hostname\":\"instance-20240216-1350-bunyamin-dev-confluent-7-4-3\",\"ephemeral_id\":\"98a4e183-cf33-4e5f-bcdc-ac577f498006\",\"id\":\"372e3c8c-f088-4782-b9a8-65beb18740c6\",\"name\":\"instance-20240216-1350-bunyamin-dev-confluent-7-4-3\",\"type\":\"filebeat\"}}\n",
      "Received message: {\"@timestamp\":\"2024-07-29T05:50:28.776Z\",\"@metadata\":{\"beat\":\"filebeat\",\"type\":\"_doc\",\"version\":\"7.15.0\"},\"host\":{\"name\":\"instance-20240216-1350-bunyamin-dev-confluent-7-4-3\"},\"agent\":{\"id\":\"372e3c8c-f088-4782-b9a8-65beb18740c6\",\"name\":\"instance-20240216-1350-bunyamin-dev-confluent-7-4-3\",\"type\":\"filebeat\",\"version\":\"7.15.0\",\"hostname\":\"instance-20240216-1350-bunyamin-dev-confluent-7-4-3\",\"ephemeral_id\":\"98a4e183-cf33-4e5f-bcdc-ac577f498006\"},\"ecs\":{\"version\":\"1.11.0\"},\"log\":{\"offset\":1390036,\"file\":{\"path\":\"/kafka_logs/server.log\"}},\"message\":\"[2024-07-29 05:50:25,266] INFO [Consumer clientId=kafka-cruise-control, groupId=ConfluentTelemetryReporterSampler--7309764670275015236] Seeking to offset 67358 for partition _confluent-telemetry-metrics-7 (org.apache.kafka.clients.consumer.KafkaConsumer)\",\"input\":{\"type\":\"log\"}}\n",
      "Received message: {\"@timestamp\":\"2024-07-29T05:50:28.776Z\",\"@metadata\":{\"beat\":\"filebeat\",\"type\":\"_doc\",\"version\":\"7.15.0\"},\"log\":{\"file\":{\"path\":\"/kafka_logs/server.log\"},\"offset\":1390291},\"message\":\"[2024-07-29 05:50:25,266] INFO [Consumer clientId=kafka-cruise-control, groupId=ConfluentTelemetryReporterSampler--7309764670275015236] Seeking to offset 66171 for partition _confluent-telemetry-metrics-8 (org.apache.kafka.clients.consumer.KafkaConsumer)\",\"input\":{\"type\":\"log\"},\"ecs\":{\"version\":\"1.11.0\"},\"host\":{\"name\":\"instance-20240216-1350-bunyamin-dev-confluent-7-4-3\"},\"agent\":{\"id\":\"372e3c8c-f088-4782-b9a8-65beb18740c6\",\"name\":\"instance-20240216-1350-bunyamin-dev-confluent-7-4-3\",\"type\":\"filebeat\",\"version\":\"7.15.0\",\"hostname\":\"instance-20240216-1350-bunyamin-dev-confluent-7-4-3\",\"ephemeral_id\":\"98a4e183-cf33-4e5f-bcdc-ac577f498006\"}}\n",
      "Received message: {\"@timestamp\":\"2024-07-29T05:50:28.776Z\",\"@metadata\":{\"beat\":\"filebeat\",\"type\":\"_doc\",\"version\":\"7.15.0\"},\"message\":\"[2024-07-29 05:50:25,266] INFO [Consumer clientId=kafka-cruise-control, groupId=ConfluentTelemetryReporterSampler--7309764670275015236] Seeking to offset 67874 for partition _confluent-telemetry-metrics-9 (org.apache.kafka.clients.consumer.KafkaConsumer)\",\"log\":{\"offset\":1390546,\"file\":{\"path\":\"/kafka_logs/server.log\"}},\"input\":{\"type\":\"log\"},\"ecs\":{\"version\":\"1.11.0\"},\"host\":{\"name\":\"instance-20240216-1350-bunyamin-dev-confluent-7-4-3\"},\"agent\":{\"version\":\"7.15.0\",\"hostname\":\"instance-20240216-1350-bunyamin-dev-confluent-7-4-3\",\"ephemeral_id\":\"98a4e183-cf33-4e5f-bcdc-ac577f498006\",\"id\":\"372e3c8c-f088-4782-b9a8-65beb18740c6\",\"name\":\"instance-20240216-1350-bunyamin-dev-confluent-7-4-3\",\"type\":\"filebeat\"}}\n",
      "Received message: {\"@timestamp\":\"2024-07-29T05:50:28.776Z\",\"@metadata\":{\"beat\":\"filebeat\",\"type\":\"_doc\",\"version\":\"7.15.0\"},\"ecs\":{\"version\":\"1.11.0\"},\"host\":{\"name\":\"instance-20240216-1350-bunyamin-dev-confluent-7-4-3\"},\"agent\":{\"type\":\"filebeat\",\"version\":\"7.15.0\",\"hostname\":\"instance-20240216-1350-bunyamin-dev-confluent-7-4-3\",\"ephemeral_id\":\"98a4e183-cf33-4e5f-bcdc-ac577f498006\",\"id\":\"372e3c8c-f088-4782-b9a8-65beb18740c6\",\"name\":\"instance-20240216-1350-bunyamin-dev-confluent-7-4-3\"},\"message\":\"[2024-07-29 05:50:25,266] INFO [Consumer clientId=kafka-cruise-control, groupId=ConfluentTelemetryReporterSampler--7309764670275015236] Seeking to offset 65774 for partition _confluent-telemetry-metrics-10 (org.apache.kafka.clients.consumer.KafkaConsumer)\",\"log\":{\"file\":{\"path\":\"/kafka_logs/server.log\"},\"offset\":1390801},\"input\":{\"type\":\"log\"}}\n",
      "Received message: {\"@timestamp\":\"2024-07-29T05:50:28.776Z\",\"@metadata\":{\"beat\":\"filebeat\",\"type\":\"_doc\",\"version\":\"7.15.0\"},\"input\":{\"type\":\"log\"},\"ecs\":{\"version\":\"1.11.0\"},\"host\":{\"name\":\"instance-20240216-1350-bunyamin-dev-confluent-7-4-3\"},\"agent\":{\"version\":\"7.15.0\",\"hostname\":\"instance-20240216-1350-bunyamin-dev-confluent-7-4-3\",\"ephemeral_id\":\"98a4e183-cf33-4e5f-bcdc-ac577f498006\",\"id\":\"372e3c8c-f088-4782-b9a8-65beb18740c6\",\"name\":\"instance-20240216-1350-bunyamin-dev-confluent-7-4-3\",\"type\":\"filebeat\"},\"log\":{\"offset\":1391057,\"file\":{\"path\":\"/kafka_logs/server.log\"}},\"message\":\"[2024-07-29 05:50:25,266] INFO [Consumer clientId=kafka-cruise-control, groupId=ConfluentTelemetryReporterSampler--7309764670275015236] Seeking to offset 64708 for partition _confluent-telemetry-metrics-11 (org.apache.kafka.clients.consumer.KafkaConsumer)\"}\n",
      "Received message: {\"@timestamp\":\"2024-07-29T05:50:28.776Z\",\"@metadata\":{\"beat\":\"filebeat\",\"type\":\"_doc\",\"version\":\"7.15.0\"},\"host\":{\"name\":\"instance-20240216-1350-bunyamin-dev-confluent-7-4-3\"},\"agent\":{\"name\":\"instance-20240216-1350-bunyamin-dev-confluent-7-4-3\",\"type\":\"filebeat\",\"version\":\"7.15.0\",\"hostname\":\"instance-20240216-1350-bunyamin-dev-confluent-7-4-3\",\"ephemeral_id\":\"98a4e183-cf33-4e5f-bcdc-ac577f498006\",\"id\":\"372e3c8c-f088-4782-b9a8-65beb18740c6\"},\"log\":{\"offset\":1391313,\"file\":{\"path\":\"/kafka_logs/server.log\"}},\"message\":\"[2024-07-29 05:50:25,266] INFO [Consumer clientId=kafka-cruise-control, groupId=ConfluentTelemetryReporterSampler--7309764670275015236] Seeking to offset 65131 for partition _confluent-telemetry-metrics-0 (org.apache.kafka.clients.consumer.KafkaConsumer)\",\"input\":{\"type\":\"log\"},\"ecs\":{\"version\":\"1.11.0\"}}\n",
      "Received message: {\"@timestamp\":\"2024-07-29T05:50:28.776Z\",\"@metadata\":{\"beat\":\"filebeat\",\"type\":\"_doc\",\"version\":\"7.15.0\"},\"input\":{\"type\":\"log\"},\"ecs\":{\"version\":\"1.11.0\"},\"host\":{\"name\":\"instance-20240216-1350-bunyamin-dev-confluent-7-4-3\"},\"agent\":{\"id\":\"372e3c8c-f088-4782-b9a8-65beb18740c6\",\"name\":\"instance-20240216-1350-bunyamin-dev-confluent-7-4-3\",\"type\":\"filebeat\",\"version\":\"7.15.0\",\"hostname\":\"instance-20240216-1350-bunyamin-dev-confluent-7-4-3\",\"ephemeral_id\":\"98a4e183-cf33-4e5f-bcdc-ac577f498006\"},\"log\":{\"offset\":1391568,\"file\":{\"path\":\"/kafka_logs/server.log\"}},\"message\":\"[2024-07-29 05:50:25,266] INFO [Consumer clientId=kafka-cruise-control, groupId=ConfluentTelemetryReporterSampler--7309764670275015236] Seeking to offset 61736 for partition _confluent-telemetry-metrics-1 (org.apache.kafka.clients.consumer.KafkaConsumer)\"}\n",
      "Received message: {\"@timestamp\":\"2024-07-29T05:50:28.776Z\",\"@metadata\":{\"beat\":\"filebeat\",\"type\":\"_doc\",\"version\":\"7.15.0\"},\"log\":{\"file\":{\"path\":\"/kafka_logs/server.log\"},\"offset\":1391823},\"message\":\"[2024-07-29 05:50:25,266] INFO [Consumer clientId=kafka-cruise-control, groupId=ConfluentTelemetryReporterSampler--7309764670275015236] Seeking to offset 65999 for partition _confluent-telemetry-metrics-2 (org.apache.kafka.clients.consumer.KafkaConsumer)\",\"input\":{\"type\":\"log\"},\"ecs\":{\"version\":\"1.11.0\"},\"host\":{\"name\":\"instance-20240216-1350-bunyamin-dev-confluent-7-4-3\"},\"agent\":{\"hostname\":\"instance-20240216-1350-bunyamin-dev-confluent-7-4-3\",\"ephemeral_id\":\"98a4e183-cf33-4e5f-bcdc-ac577f498006\",\"id\":\"372e3c8c-f088-4782-b9a8-65beb18740c6\",\"name\":\"instance-20240216-1350-bunyamin-dev-confluent-7-4-3\",\"type\":\"filebeat\",\"version\":\"7.15.0\"}}\n",
      "Received message: {\"@timestamp\":\"2024-07-29T05:50:28.776Z\",\"@metadata\":{\"beat\":\"filebeat\",\"type\":\"_doc\",\"version\":\"7.15.0\"},\"log\":{\"file\":{\"path\":\"/kafka_logs/server.log\"},\"offset\":1392078},\"message\":\"[2024-07-29 05:50:25,452] INFO [AdminClient clientId=null-admin-0] Node 0 disconnected. (org.apache.kafka.clients.NetworkClient)\",\"input\":{\"type\":\"log\"},\"ecs\":{\"version\":\"1.11.0\"},\"host\":{\"name\":\"instance-20240216-1350-bunyamin-dev-confluent-7-4-3\"},\"agent\":{\"id\":\"372e3c8c-f088-4782-b9a8-65beb18740c6\",\"name\":\"instance-20240216-1350-bunyamin-dev-confluent-7-4-3\",\"type\":\"filebeat\",\"version\":\"7.15.0\",\"hostname\":\"instance-20240216-1350-bunyamin-dev-confluent-7-4-3\",\"ephemeral_id\":\"98a4e183-cf33-4e5f-bcdc-ac577f498006\"}}\n",
      "Received message: {\"@timestamp\":\"2024-07-29T05:50:34.493Z\",\"@metadata\":{\"beat\":\"filebeat\",\"type\":\"_doc\",\"version\":\"7.15.0\"},\"ecs\":{\"version\":\"1.11.0\"},\"host\":{\"name\":\"instance-20240216-1350-bunyamin-dev-confluent-7-4-3\"},\"agent\":{\"hostname\":\"instance-20240216-1350-bunyamin-dev-confluent-7-4-3\",\"ephemeral_id\":\"98a4e183-cf33-4e5f-bcdc-ac577f498006\",\"id\":\"372e3c8c-f088-4782-b9a8-65beb18740c6\",\"name\":\"instance-20240216-1350-bunyamin-dev-confluent-7-4-3\",\"type\":\"filebeat\",\"version\":\"7.15.0\"},\"log\":{\"offset\":50231,\"file\":{\"path\":\"/kafka_logs/controller.log\"}},\"message\":\"[2024-07-29 05:50:25,103] INFO [Controller id=0] Processing automatic preferred replica leader election (kafka.controller.KafkaController)\",\"input\":{\"type\":\"log\"}}\n",
      "Received message: {\"@timestamp\":\"2024-07-29T05:50:34.493Z\",\"@metadata\":{\"beat\":\"filebeat\",\"type\":\"_doc\",\"version\":\"7.15.0\"},\"ecs\":{\"version\":\"1.11.0\"},\"host\":{\"name\":\"instance-20240216-1350-bunyamin-dev-confluent-7-4-3\"},\"agent\":{\"name\":\"instance-20240216-1350-bunyamin-dev-confluent-7-4-3\",\"type\":\"filebeat\",\"version\":\"7.15.0\",\"hostname\":\"instance-20240216-1350-bunyamin-dev-confluent-7-4-3\",\"ephemeral_id\":\"98a4e183-cf33-4e5f-bcdc-ac577f498006\",\"id\":\"372e3c8c-f088-4782-b9a8-65beb18740c6\"},\"log\":{\"offset\":50370,\"file\":{\"path\":\"/kafka_logs/controller.log\"}},\"message\":\"[2024-07-29 05:50:25,103] TRACE [Controller id=0] Checking need to trigger auto leader balancing (kafka.controller.KafkaController)\",\"input\":{\"type\":\"log\"}}\n",
      "Received message: {\"@timestamp\":\"2024-07-29T05:50:34.493Z\",\"@metadata\":{\"beat\":\"filebeat\",\"type\":\"_doc\",\"version\":\"7.15.0\"},\"host\":{\"name\":\"instance-20240216-1350-bunyamin-dev-confluent-7-4-3\"},\"agent\":{\"name\":\"instance-20240216-1350-bunyamin-dev-confluent-7-4-3\",\"type\":\"filebeat\",\"version\":\"7.15.0\",\"hostname\":\"instance-20240216-1350-bunyamin-dev-confluent-7-4-3\",\"ephemeral_id\":\"98a4e183-cf33-4e5f-bcdc-ac577f498006\",\"id\":\"372e3c8c-f088-4782-b9a8-65beb18740c6\"},\"ecs\":{\"version\":\"1.11.0\"},\"log\":{\"offset\":50502,\"file\":{\"path\":\"/kafka_logs/controller.log\"}},\"message\":\"[2024-07-29 05:50:25,104] TRACE [Controller id=0] Found 0 topic partitions without preferred leader 0 (kafka.controller.KafkaController)\",\"input\":{\"type\":\"log\"}}\n",
      "Received message: {\"@timestamp\":\"2024-07-29T05:50:34.493Z\",\"@metadata\":{\"beat\":\"filebeat\",\"type\":\"_doc\",\"version\":\"7.15.0\"},\"message\":\"[2024-07-29 05:50:25,104] TRACE [Controller id=0] Leader imbalance ratio for broker 0 is 0.0 (kafka.controller.KafkaController)\",\"input\":{\"type\":\"log\"},\"host\":{\"name\":\"instance-20240216-1350-bunyamin-dev-confluent-7-4-3\"},\"agent\":{\"id\":\"372e3c8c-f088-4782-b9a8-65beb18740c6\",\"name\":\"instance-20240216-1350-bunyamin-dev-confluent-7-4-3\",\"type\":\"filebeat\",\"version\":\"7.15.0\",\"hostname\":\"instance-20240216-1350-bunyamin-dev-confluent-7-4-3\",\"ephemeral_id\":\"98a4e183-cf33-4e5f-bcdc-ac577f498006\"},\"ecs\":{\"version\":\"1.11.0\"},\"log\":{\"offset\":50639,\"file\":{\"path\":\"/kafka_logs/controller.log\"}}}\n",
      "Received message: {\"@timestamp\":\"2024-07-29T05:50:39.550Z\",\"@metadata\":{\"beat\":\"filebeat\",\"type\":\"_doc\",\"version\":\"7.15.0\"},\"message\":\"[2024-07-29 05:50:33,413] INFO 127.0.0.1 - - [29/Jul/2024:05:50:33 +0000] \\\"GET /v1/metadata/id HTTP/2.0\\\" 200 105 \\\"-\\\" \\\"armeria/1.24.3\\\" 2 (io.confluent.rest-utils.requests)\",\"input\":{\"type\":\"log\"},\"host\":{\"name\":\"instance-20240216-1350-bunyamin-dev-confluent-7-4-3\"},\"agent\":{\"ephemeral_id\":\"98a4e183-cf33-4e5f-bcdc-ac577f498006\",\"id\":\"372e3c8c-f088-4782-b9a8-65beb18740c6\",\"name\":\"instance-20240216-1350-bunyamin-dev-confluent-7-4-3\",\"type\":\"filebeat\",\"version\":\"7.15.0\",\"hostname\":\"instance-20240216-1350-bunyamin-dev-confluent-7-4-3\"},\"ecs\":{\"version\":\"1.11.0\"},\"log\":{\"offset\":10662,\"file\":{\"path\":\"/kafka_logs/metadata-service.log\"}}}\n",
      "Received message: {\"@timestamp\":\"2024-07-29T05:50:44.542Z\",\"@metadata\":{\"beat\":\"filebeat\",\"type\":\"_doc\",\"version\":\"7.15.0\"},\"log\":{\"offset\":76691,\"file\":{\"path\":\"/kafka_logs/kafkaServer-gc.log\"}},\"message\":\"[2024-07-29T05:50:41.599+0000][gc,start      ] GC(57) Pause Young (Normal) (G1 Evacuation Pause)\",\"input\":{\"type\":\"log\"},\"ecs\":{\"version\":\"1.11.0\"},\"host\":{\"name\":\"instance-20240216-1350-bunyamin-dev-confluent-7-4-3\"},\"agent\":{\"name\":\"instance-20240216-1350-bunyamin-dev-confluent-7-4-3\",\"type\":\"filebeat\",\"version\":\"7.15.0\",\"hostname\":\"instance-20240216-1350-bunyamin-dev-confluent-7-4-3\",\"ephemeral_id\":\"98a4e183-cf33-4e5f-bcdc-ac577f498006\",\"id\":\"372e3c8c-f088-4782-b9a8-65beb18740c6\"}}\n",
      "Received message: {\"@timestamp\":\"2024-07-29T05:50:44.542Z\",\"@metadata\":{\"beat\":\"filebeat\",\"type\":\"_doc\",\"version\":\"7.15.0\"},\"ecs\":{\"version\":\"1.11.0\"},\"host\":{\"name\":\"instance-20240216-1350-bunyamin-dev-confluent-7-4-3\"},\"agent\":{\"id\":\"372e3c8c-f088-4782-b9a8-65beb18740c6\",\"name\":\"instance-20240216-1350-bunyamin-dev-confluent-7-4-3\",\"type\":\"filebeat\",\"version\":\"7.15.0\",\"hostname\":\"instance-20240216-1350-bunyamin-dev-confluent-7-4-3\",\"ephemeral_id\":\"98a4e183-cf33-4e5f-bcdc-ac577f498006\"},\"log\":{\"offset\":76788,\"file\":{\"path\":\"/kafka_logs/kafkaServer-gc.log\"}},\"message\":\"[2024-07-29T05:50:41.599+0000][gc,task       ] GC(57) Using 4 workers of 4 for evacuation\",\"input\":{\"type\":\"log\"}}\n",
      "Received message: {\"@timestamp\":\"2024-07-29T05:50:44.542Z\",\"@metadata\":{\"beat\":\"filebeat\",\"type\":\"_doc\",\"version\":\"7.15.0\"},\"input\":{\"type\":\"log\"},\"ecs\":{\"version\":\"1.11.0\"},\"host\":{\"name\":\"instance-20240216-1350-bunyamin-dev-confluent-7-4-3\"},\"agent\":{\"name\":\"instance-20240216-1350-bunyamin-dev-confluent-7-4-3\",\"type\":\"filebeat\",\"version\":\"7.15.0\",\"hostname\":\"instance-20240216-1350-bunyamin-dev-confluent-7-4-3\",\"ephemeral_id\":\"98a4e183-cf33-4e5f-bcdc-ac577f498006\",\"id\":\"372e3c8c-f088-4782-b9a8-65beb18740c6\"},\"log\":{\"offset\":76878,\"file\":{\"path\":\"/kafka_logs/kafkaServer-gc.log\"}},\"message\":\"[2024-07-29T05:50:41.615+0000][gc,phases     ] GC(57)   Pre Evacuate Collection Set: 0.0ms\"}\n",
      "Received message: {\"@timestamp\":\"2024-07-29T05:50:44.542Z\",\"@metadata\":{\"beat\":\"filebeat\",\"type\":\"_doc\",\"version\":\"7.15.0\"},\"log\":{\"offset\":76969,\"file\":{\"path\":\"/kafka_logs/kafkaServer-gc.log\"}},\"message\":\"[2024-07-29T05:50:41.615+0000][gc,phases     ] GC(57)   Evacuate Collection Set: 15.0ms\",\"input\":{\"type\":\"log\"},\"host\":{\"name\":\"instance-20240216-1350-bunyamin-dev-confluent-7-4-3\"},\"agent\":{\"type\":\"filebeat\",\"version\":\"7.15.0\",\"hostname\":\"instance-20240216-1350-bunyamin-dev-confluent-7-4-3\",\"ephemeral_id\":\"98a4e183-cf33-4e5f-bcdc-ac577f498006\",\"id\":\"372e3c8c-f088-4782-b9a8-65beb18740c6\",\"name\":\"instance-20240216-1350-bunyamin-dev-confluent-7-4-3\"},\"ecs\":{\"version\":\"1.11.0\"}}\n",
      "Received message: {\"@timestamp\":\"2024-07-29T05:50:44.542Z\",\"@metadata\":{\"beat\":\"filebeat\",\"type\":\"_doc\",\"version\":\"7.15.0\"},\"agent\":{\"version\":\"7.15.0\",\"hostname\":\"instance-20240216-1350-bunyamin-dev-confluent-7-4-3\",\"ephemeral_id\":\"98a4e183-cf33-4e5f-bcdc-ac577f498006\",\"id\":\"372e3c8c-f088-4782-b9a8-65beb18740c6\",\"name\":\"instance-20240216-1350-bunyamin-dev-confluent-7-4-3\",\"type\":\"filebeat\"},\"log\":{\"offset\":77057,\"file\":{\"path\":\"/kafka_logs/kafkaServer-gc.log\"}},\"message\":\"[2024-07-29T05:50:41.615+0000][gc,phases     ] GC(57)   Post Evacuate Collection Set: 0.5ms\",\"input\":{\"type\":\"log\"},\"ecs\":{\"version\":\"1.11.0\"},\"host\":{\"name\":\"instance-20240216-1350-bunyamin-dev-confluent-7-4-3\"}}\n",
      "Received message: {\"@timestamp\":\"2024-07-29T05:50:44.542Z\",\"@metadata\":{\"beat\":\"filebeat\",\"type\":\"_doc\",\"version\":\"7.15.0\"},\"ecs\":{\"version\":\"1.11.0\"},\"host\":{\"name\":\"instance-20240216-1350-bunyamin-dev-confluent-7-4-3\"},\"agent\":{\"name\":\"instance-20240216-1350-bunyamin-dev-confluent-7-4-3\",\"type\":\"filebeat\",\"version\":\"7.15.0\",\"hostname\":\"instance-20240216-1350-bunyamin-dev-confluent-7-4-3\",\"ephemeral_id\":\"98a4e183-cf33-4e5f-bcdc-ac577f498006\",\"id\":\"372e3c8c-f088-4782-b9a8-65beb18740c6\"},\"log\":{\"offset\":77149,\"file\":{\"path\":\"/kafka_logs/kafkaServer-gc.log\"}},\"message\":\"[2024-07-29T05:50:41.615+0000][gc,phases     ] GC(57)   Other: 0.3ms\",\"input\":{\"type\":\"log\"}}\n",
      "Received message: {\"@timestamp\":\"2024-07-29T05:50:44.542Z\",\"@metadata\":{\"beat\":\"filebeat\",\"type\":\"_doc\",\"version\":\"7.15.0\"},\"log\":{\"file\":{\"path\":\"/kafka_logs/kafkaServer-gc.log\"},\"offset\":77218},\"input\":{\"type\":\"log\"},\"ecs\":{\"version\":\"1.11.0\"},\"host\":{\"name\":\"instance-20240216-1350-bunyamin-dev-confluent-7-4-3\"},\"agent\":{\"ephemeral_id\":\"98a4e183-cf33-4e5f-bcdc-ac577f498006\",\"id\":\"372e3c8c-f088-4782-b9a8-65beb18740c6\",\"name\":\"instance-20240216-1350-bunyamin-dev-confluent-7-4-3\",\"type\":\"filebeat\",\"version\":\"7.15.0\",\"hostname\":\"instance-20240216-1350-bunyamin-dev-confluent-7-4-3\"},\"message\":\"[2024-07-29T05:50:41.615+0000][gc,heap       ] GC(57) Eden regions: 170->0(198)\"}\n",
      "Received message: {\"@timestamp\":\"2024-07-29T05:50:44.542Z\",\"@metadata\":{\"beat\":\"filebeat\",\"type\":\"_doc\",\"version\":\"7.15.0\"},\"ecs\":{\"version\":\"1.11.0\"},\"host\":{\"name\":\"instance-20240216-1350-bunyamin-dev-confluent-7-4-3\"},\"agent\":{\"id\":\"372e3c8c-f088-4782-b9a8-65beb18740c6\",\"name\":\"instance-20240216-1350-bunyamin-dev-confluent-7-4-3\",\"type\":\"filebeat\",\"version\":\"7.15.0\",\"hostname\":\"instance-20240216-1350-bunyamin-dev-confluent-7-4-3\",\"ephemeral_id\":\"98a4e183-cf33-4e5f-bcdc-ac577f498006\"},\"log\":{\"offset\":77298,\"file\":{\"path\":\"/kafka_logs/kafkaServer-gc.log\"}},\"message\":\"[2024-07-29T05:50:41.615+0000][gc,heap       ] GC(57) Survivor regions: 13->13(23)\",\"input\":{\"type\":\"log\"}}\n",
      "Received message: {\"@timestamp\":\"2024-07-29T05:50:44.542Z\",\"@metadata\":{\"beat\":\"filebeat\",\"type\":\"_doc\",\"version\":\"7.15.0\"},\"input\":{\"type\":\"log\"},\"ecs\":{\"version\":\"1.11.0\"},\"host\":{\"name\":\"instance-20240216-1350-bunyamin-dev-confluent-7-4-3\"},\"agent\":{\"hostname\":\"instance-20240216-1350-bunyamin-dev-confluent-7-4-3\",\"ephemeral_id\":\"98a4e183-cf33-4e5f-bcdc-ac577f498006\",\"id\":\"372e3c8c-f088-4782-b9a8-65beb18740c6\",\"name\":\"instance-20240216-1350-bunyamin-dev-confluent-7-4-3\",\"type\":\"filebeat\",\"version\":\"7.15.0\"},\"log\":{\"offset\":77381,\"file\":{\"path\":\"/kafka_logs/kafkaServer-gc.log\"}},\"message\":\"[2024-07-29T05:50:41.615+0000][gc,heap       ] GC(57) Old regions: 125->128\"}\n",
      "Received message: {\"@timestamp\":\"2024-07-29T05:50:44.542Z\",\"@metadata\":{\"beat\":\"filebeat\",\"type\":\"_doc\",\"version\":\"7.15.0\"},\"log\":{\"offset\":77457,\"file\":{\"path\":\"/kafka_logs/kafkaServer-gc.log\"}},\"message\":\"[2024-07-29T05:50:41.615+0000][gc,heap       ] GC(57) Humongous regions: 131->131\",\"input\":{\"type\":\"log\"},\"ecs\":{\"version\":\"1.11.0\"},\"host\":{\"name\":\"instance-20240216-1350-bunyamin-dev-confluent-7-4-3\"},\"agent\":{\"id\":\"372e3c8c-f088-4782-b9a8-65beb18740c6\",\"name\":\"instance-20240216-1350-bunyamin-dev-confluent-7-4-3\",\"type\":\"filebeat\",\"version\":\"7.15.0\",\"hostname\":\"instance-20240216-1350-bunyamin-dev-confluent-7-4-3\",\"ephemeral_id\":\"98a4e183-cf33-4e5f-bcdc-ac577f498006\"}}\n",
      "Received message: {\"@timestamp\":\"2024-07-29T05:50:44.542Z\",\"@metadata\":{\"beat\":\"filebeat\",\"type\":\"_doc\",\"version\":\"7.15.0\"},\"message\":\"[2024-07-29T05:50:41.615+0000][gc,metaspace  ] GC(57) Metaspace: 109370K(115300K)->109370K(115300K) NonClass: 95657K(99020K)->95657K(99020K) Class: 13713K(16280K)->13713K(16280K)\",\"input\":{\"type\":\"log\"},\"agent\":{\"version\":\"7.15.0\",\"hostname\":\"instance-20240216-1350-bunyamin-dev-confluent-7-4-3\",\"ephemeral_id\":\"98a4e183-cf33-4e5f-bcdc-ac577f498006\",\"id\":\"372e3c8c-f088-4782-b9a8-65beb18740c6\",\"name\":\"instance-20240216-1350-bunyamin-dev-confluent-7-4-3\",\"type\":\"filebeat\"},\"ecs\":{\"version\":\"1.11.0\"},\"host\":{\"name\":\"instance-20240216-1350-bunyamin-dev-confluent-7-4-3\"},\"log\":{\"file\":{\"path\":\"/kafka_logs/kafkaServer-gc.log\"},\"offset\":77539}}\n",
      "Received message: {\"@timestamp\":\"2024-07-29T05:50:44.542Z\",\"@metadata\":{\"beat\":\"filebeat\",\"type\":\"_doc\",\"version\":\"7.15.0\"},\"log\":{\"offset\":77718,\"file\":{\"path\":\"/kafka_logs/kafkaServer-gc.log\"}},\"message\":\"[2024-07-29T05:50:41.615+0000][gc            ] GC(57) Pause Young (Normal) (G1 Evacuation Pause) 437M->270M(1024M) 15.831ms\",\"input\":{\"type\":\"log\"},\"ecs\":{\"version\":\"1.11.0\"},\"host\":{\"name\":\"instance-20240216-1350-bunyamin-dev-confluent-7-4-3\"},\"agent\":{\"id\":\"372e3c8c-f088-4782-b9a8-65beb18740c6\",\"name\":\"instance-20240216-1350-bunyamin-dev-confluent-7-4-3\",\"type\":\"filebeat\",\"version\":\"7.15.0\",\"hostname\":\"instance-20240216-1350-bunyamin-dev-confluent-7-4-3\",\"ephemeral_id\":\"98a4e183-cf33-4e5f-bcdc-ac577f498006\"}}\n",
      "Received message: {\"@timestamp\":\"2024-07-29T05:50:44.542Z\",\"@metadata\":{\"beat\":\"filebeat\",\"type\":\"_doc\",\"version\":\"7.15.0\"},\"message\":\"[2024-07-29T05:50:41.615+0000][gc,cpu        ] GC(57) User=0.06s Sys=0.00s Real=0.01s\",\"input\":{\"type\":\"log\"},\"ecs\":{\"version\":\"1.11.0\"},\"host\":{\"name\":\"instance-20240216-1350-bunyamin-dev-confluent-7-4-3\"},\"agent\":{\"ephemeral_id\":\"98a4e183-cf33-4e5f-bcdc-ac577f498006\",\"id\":\"372e3c8c-f088-4782-b9a8-65beb18740c6\",\"name\":\"instance-20240216-1350-bunyamin-dev-confluent-7-4-3\",\"type\":\"filebeat\",\"version\":\"7.15.0\",\"hostname\":\"instance-20240216-1350-bunyamin-dev-confluent-7-4-3\"},\"log\":{\"offset\":77842,\"file\":{\"path\":\"/kafka_logs/kafkaServer-gc.log\"}}}\n",
      "Received message: {\"@timestamp\":\"2024-07-29T05:50:54.553Z\",\"@metadata\":{\"beat\":\"filebeat\",\"type\":\"_doc\",\"version\":\"7.15.0\"},\"message\":\"[2024-07-29 05:50:52,450] INFO 127.0.0.1 - - [29/Jul/2024:05:50:52 +0000] \\\"GET /v1/metadata/id HTTP/2.0\\\" 200 105 \\\"-\\\" \\\"armeria/1.24.3\\\" 2 (io.confluent.rest-utils.requests)\",\"input\":{\"type\":\"log\"},\"ecs\":{\"version\":\"1.11.0\"},\"host\":{\"name\":\"instance-20240216-1350-bunyamin-dev-confluent-7-4-3\"},\"agent\":{\"id\":\"372e3c8c-f088-4782-b9a8-65beb18740c6\",\"name\":\"instance-20240216-1350-bunyamin-dev-confluent-7-4-3\",\"type\":\"filebeat\",\"version\":\"7.15.0\",\"hostname\":\"instance-20240216-1350-bunyamin-dev-confluent-7-4-3\",\"ephemeral_id\":\"98a4e183-cf33-4e5f-bcdc-ac577f498006\"},\"log\":{\"offset\":10833,\"file\":{\"path\":\"/kafka_logs/metadata-service.log\"}}}\n",
      "Received message: {\"@timestamp\":\"2024-07-29T05:51:19.546Z\",\"@metadata\":{\"beat\":\"filebeat\",\"type\":\"_doc\",\"version\":\"7.15.0\"},\"host\":{\"name\":\"instance-20240216-1350-bunyamin-dev-confluent-7-4-3\"},\"message\":\"[2024-07-29T05:51:18.590+0000][gc,start      ] GC(58) Pause Young (Normal) (G1 Evacuation Pause)\",\"log\":{\"offset\":77928,\"file\":{\"path\":\"/kafka_logs/kafkaServer-gc.log\"}},\"input\":{\"type\":\"log\"},\"agent\":{\"id\":\"372e3c8c-f088-4782-b9a8-65beb18740c6\",\"name\":\"instance-20240216-1350-bunyamin-dev-confluent-7-4-3\",\"type\":\"filebeat\",\"version\":\"7.15.0\",\"hostname\":\"instance-20240216-1350-bunyamin-dev-confluent-7-4-3\",\"ephemeral_id\":\"98a4e183-cf33-4e5f-bcdc-ac577f498006\"},\"ecs\":{\"version\":\"1.11.0\"}}\n",
      "Received message: {\"@timestamp\":\"2024-07-29T05:51:19.546Z\",\"@metadata\":{\"beat\":\"filebeat\",\"type\":\"_doc\",\"version\":\"7.15.0\"},\"host\":{\"name\":\"instance-20240216-1350-bunyamin-dev-confluent-7-4-3\"},\"agent\":{\"id\":\"372e3c8c-f088-4782-b9a8-65beb18740c6\",\"name\":\"instance-20240216-1350-bunyamin-dev-confluent-7-4-3\",\"type\":\"filebeat\",\"version\":\"7.15.0\",\"hostname\":\"instance-20240216-1350-bunyamin-dev-confluent-7-4-3\",\"ephemeral_id\":\"98a4e183-cf33-4e5f-bcdc-ac577f498006\"},\"log\":{\"offset\":78025,\"file\":{\"path\":\"/kafka_logs/kafkaServer-gc.log\"}},\"message\":\"[2024-07-29T05:51:18.590+0000][gc,task       ] GC(58) Using 4 workers of 4 for evacuation\",\"input\":{\"type\":\"log\"},\"ecs\":{\"version\":\"1.11.0\"}}\n",
      "Received message: {\"@timestamp\":\"2024-07-29T05:51:19.546Z\",\"@metadata\":{\"beat\":\"filebeat\",\"type\":\"_doc\",\"version\":\"7.15.0\"},\"host\":{\"name\":\"instance-20240216-1350-bunyamin-dev-confluent-7-4-3\"},\"log\":{\"offset\":78115,\"file\":{\"path\":\"/kafka_logs/kafkaServer-gc.log\"}},\"message\":\"[2024-07-29T05:51:18.606+0000][gc,phases     ] GC(58)   Pre Evacuate Collection Set: 0.0ms\",\"input\":{\"type\":\"log\"},\"agent\":{\"hostname\":\"instance-20240216-1350-bunyamin-dev-confluent-7-4-3\",\"ephemeral_id\":\"98a4e183-cf33-4e5f-bcdc-ac577f498006\",\"id\":\"372e3c8c-f088-4782-b9a8-65beb18740c6\",\"name\":\"instance-20240216-1350-bunyamin-dev-confluent-7-4-3\",\"type\":\"filebeat\",\"version\":\"7.15.0\"},\"ecs\":{\"version\":\"1.11.0\"}}\n",
      "Received message: {\"@timestamp\":\"2024-07-29T05:51:19.546Z\",\"@metadata\":{\"beat\":\"filebeat\",\"type\":\"_doc\",\"version\":\"7.15.0\"},\"message\":\"[2024-07-29T05:51:18.606+0000][gc,phases     ] GC(58)   Evacuate Collection Set: 15.6ms\",\"input\":{\"type\":\"log\"},\"agent\":{\"hostname\":\"instance-20240216-1350-bunyamin-dev-confluent-7-4-3\",\"ephemeral_id\":\"98a4e183-cf33-4e5f-bcdc-ac577f498006\",\"id\":\"372e3c8c-f088-4782-b9a8-65beb18740c6\",\"name\":\"instance-20240216-1350-bunyamin-dev-confluent-7-4-3\",\"type\":\"filebeat\",\"version\":\"7.15.0\"},\"ecs\":{\"version\":\"1.11.0\"},\"host\":{\"name\":\"instance-20240216-1350-bunyamin-dev-confluent-7-4-3\"},\"log\":{\"file\":{\"path\":\"/kafka_logs/kafkaServer-gc.log\"},\"offset\":78206}}\n",
      "Received message: {\"@timestamp\":\"2024-07-29T05:51:19.546Z\",\"@metadata\":{\"beat\":\"filebeat\",\"type\":\"_doc\",\"version\":\"7.15.0\"},\"ecs\":{\"version\":\"1.11.0\"},\"host\":{\"name\":\"instance-20240216-1350-bunyamin-dev-confluent-7-4-3\"},\"log\":{\"file\":{\"path\":\"/kafka_logs/kafkaServer-gc.log\"},\"offset\":78294},\"message\":\"[2024-07-29T05:51:18.606+0000][gc,phases     ] GC(58)   Post Evacuate Collection Set: 0.5ms\",\"input\":{\"type\":\"log\"},\"agent\":{\"id\":\"372e3c8c-f088-4782-b9a8-65beb18740c6\",\"name\":\"instance-20240216-1350-bunyamin-dev-confluent-7-4-3\",\"type\":\"filebeat\",\"version\":\"7.15.0\",\"hostname\":\"instance-20240216-1350-bunyamin-dev-confluent-7-4-3\",\"ephemeral_id\":\"98a4e183-cf33-4e5f-bcdc-ac577f498006\"}}\n",
      "Received message: {\"@timestamp\":\"2024-07-29T05:51:19.546Z\",\"@metadata\":{\"beat\":\"filebeat\",\"type\":\"_doc\",\"version\":\"7.15.0\"},\"log\":{\"offset\":78386,\"file\":{\"path\":\"/kafka_logs/kafkaServer-gc.log\"}},\"message\":\"[2024-07-29T05:51:18.606+0000][gc,phases     ] GC(58)   Other: 0.2ms\",\"input\":{\"type\":\"log\"},\"agent\":{\"id\":\"372e3c8c-f088-4782-b9a8-65beb18740c6\",\"name\":\"instance-20240216-1350-bunyamin-dev-confluent-7-4-3\",\"type\":\"filebeat\",\"version\":\"7.15.0\",\"hostname\":\"instance-20240216-1350-bunyamin-dev-confluent-7-4-3\",\"ephemeral_id\":\"98a4e183-cf33-4e5f-bcdc-ac577f498006\"},\"ecs\":{\"version\":\"1.11.0\"},\"host\":{\"name\":\"instance-20240216-1350-bunyamin-dev-confluent-7-4-3\"}}\n",
      "Received message: {\"@timestamp\":\"2024-07-29T05:51:19.546Z\",\"@metadata\":{\"beat\":\"filebeat\",\"type\":\"_doc\",\"version\":\"7.15.0\"},\"log\":{\"file\":{\"path\":\"/kafka_logs/kafkaServer-gc.log\"},\"offset\":78455},\"message\":\"[2024-07-29T05:51:18.606+0000][gc,heap       ] GC(58) Eden regions: 173->0(195)\",\"input\":{\"type\":\"log\"},\"ecs\":{\"version\":\"1.11.0\"},\"host\":{\"name\":\"instance-20240216-1350-bunyamin-dev-confluent-7-4-3\"},\"agent\":{\"type\":\"filebeat\",\"version\":\"7.15.0\",\"hostname\":\"instance-20240216-1350-bunyamin-dev-confluent-7-4-3\",\"ephemeral_id\":\"98a4e183-cf33-4e5f-bcdc-ac577f498006\",\"id\":\"372e3c8c-f088-4782-b9a8-65beb18740c6\",\"name\":\"instance-20240216-1350-bunyamin-dev-confluent-7-4-3\"}}\n",
      "Received message: {\"@timestamp\":\"2024-07-29T05:51:19.546Z\",\"@metadata\":{\"beat\":\"filebeat\",\"type\":\"_doc\",\"version\":\"7.15.0\"},\"log\":{\"offset\":78535,\"file\":{\"path\":\"/kafka_logs/kafkaServer-gc.log\"}},\"message\":\"[2024-07-29T05:51:18.606+0000][gc,heap       ] GC(58) Survivor regions: 13->13(24)\",\"input\":{\"type\":\"log\"},\"ecs\":{\"version\":\"1.11.0\"},\"host\":{\"name\":\"instance-20240216-1350-bunyamin-dev-confluent-7-4-3\"},\"agent\":{\"id\":\"372e3c8c-f088-4782-b9a8-65beb18740c6\",\"name\":\"instance-20240216-1350-bunyamin-dev-confluent-7-4-3\",\"type\":\"filebeat\",\"version\":\"7.15.0\",\"hostname\":\"instance-20240216-1350-bunyamin-dev-confluent-7-4-3\",\"ephemeral_id\":\"98a4e183-cf33-4e5f-bcdc-ac577f498006\"}}\n",
      "Received message: {\"@timestamp\":\"2024-07-29T05:51:19.546Z\",\"@metadata\":{\"beat\":\"filebeat\",\"type\":\"_doc\",\"version\":\"7.15.0\"},\"log\":{\"offset\":78618,\"file\":{\"path\":\"/kafka_logs/kafkaServer-gc.log\"}},\"input\":{\"type\":\"log\"},\"ecs\":{\"version\":\"1.11.0\"},\"host\":{\"name\":\"instance-20240216-1350-bunyamin-dev-confluent-7-4-3\"},\"agent\":{\"hostname\":\"instance-20240216-1350-bunyamin-dev-confluent-7-4-3\",\"ephemeral_id\":\"98a4e183-cf33-4e5f-bcdc-ac577f498006\",\"id\":\"372e3c8c-f088-4782-b9a8-65beb18740c6\",\"name\":\"instance-20240216-1350-bunyamin-dev-confluent-7-4-3\",\"type\":\"filebeat\",\"version\":\"7.15.0\"},\"message\":\"[2024-07-29T05:51:18.606+0000][gc,heap       ] GC(58) Old regions: 128->131\"}\n",
      "Received message: {\"@timestamp\":\"2024-07-29T05:51:19.546Z\",\"@metadata\":{\"beat\":\"filebeat\",\"type\":\"_doc\",\"version\":\"7.15.0\"},\"log\":{\"offset\":78694,\"file\":{\"path\":\"/kafka_logs/kafkaServer-gc.log\"}},\"message\":\"[2024-07-29T05:51:18.606+0000][gc,heap       ] GC(58) Humongous regions: 131->131\",\"input\":{\"type\":\"log\"},\"host\":{\"name\":\"instance-20240216-1350-bunyamin-dev-confluent-7-4-3\"},\"agent\":{\"version\":\"7.15.0\",\"hostname\":\"instance-20240216-1350-bunyamin-dev-confluent-7-4-3\",\"ephemeral_id\":\"98a4e183-cf33-4e5f-bcdc-ac577f498006\",\"id\":\"372e3c8c-f088-4782-b9a8-65beb18740c6\",\"name\":\"instance-20240216-1350-bunyamin-dev-confluent-7-4-3\",\"type\":\"filebeat\"},\"ecs\":{\"version\":\"1.11.0\"}}\n",
      "Received message: {\"@timestamp\":\"2024-07-29T05:51:19.546Z\",\"@metadata\":{\"beat\":\"filebeat\",\"type\":\"_doc\",\"version\":\"7.15.0\"},\"input\":{\"type\":\"log\"},\"host\":{\"name\":\"instance-20240216-1350-bunyamin-dev-confluent-7-4-3\"},\"agent\":{\"id\":\"372e3c8c-f088-4782-b9a8-65beb18740c6\",\"name\":\"instance-20240216-1350-bunyamin-dev-confluent-7-4-3\",\"type\":\"filebeat\",\"version\":\"7.15.0\",\"hostname\":\"instance-20240216-1350-bunyamin-dev-confluent-7-4-3\",\"ephemeral_id\":\"98a4e183-cf33-4e5f-bcdc-ac577f498006\"},\"ecs\":{\"version\":\"1.11.0\"},\"log\":{\"offset\":78776,\"file\":{\"path\":\"/kafka_logs/kafkaServer-gc.log\"}},\"message\":\"[2024-07-29T05:51:18.606+0000][gc,metaspace  ] GC(58) Metaspace: 109387K(115300K)->109387K(115300K) NonClass: 95674K(99020K)->95674K(99020K) Class: 13713K(16280K)->13713K(16280K)\"}\n",
      "Received message: {\"@timestamp\":\"2024-07-29T05:51:19.547Z\",\"@metadata\":{\"beat\":\"filebeat\",\"type\":\"_doc\",\"version\":\"7.15.0\"},\"log\":{\"offset\":78955,\"file\":{\"path\":\"/kafka_logs/kafkaServer-gc.log\"}},\"message\":\"[2024-07-29T05:51:18.606+0000][gc            ] GC(58) Pause Young (Normal) (G1 Evacuation Pause) 443M->272M(1024M) 16.408ms\",\"input\":{\"type\":\"log\"},\"ecs\":{\"version\":\"1.11.0\"},\"host\":{\"name\":\"instance-20240216-1350-bunyamin-dev-confluent-7-4-3\"},\"agent\":{\"id\":\"372e3c8c-f088-4782-b9a8-65beb18740c6\",\"name\":\"instance-20240216-1350-bunyamin-dev-confluent-7-4-3\",\"type\":\"filebeat\",\"version\":\"7.15.0\",\"hostname\":\"instance-20240216-1350-bunyamin-dev-confluent-7-4-3\",\"ephemeral_id\":\"98a4e183-cf33-4e5f-bcdc-ac577f498006\"}}\n",
      "Received message: {\"@timestamp\":\"2024-07-29T05:51:19.547Z\",\"@metadata\":{\"beat\":\"filebeat\",\"type\":\"_doc\",\"version\":\"7.15.0\"},\"log\":{\"file\":{\"path\":\"/kafka_logs/kafkaServer-gc.log\"},\"offset\":79079},\"message\":\"[2024-07-29T05:51:18.606+0000][gc,cpu        ] GC(58) User=0.06s Sys=0.00s Real=0.01s\",\"input\":{\"type\":\"log\"},\"ecs\":{\"version\":\"1.11.0\"},\"host\":{\"name\":\"instance-20240216-1350-bunyamin-dev-confluent-7-4-3\"},\"agent\":{\"name\":\"instance-20240216-1350-bunyamin-dev-confluent-7-4-3\",\"type\":\"filebeat\",\"version\":\"7.15.0\",\"hostname\":\"instance-20240216-1350-bunyamin-dev-confluent-7-4-3\",\"ephemeral_id\":\"98a4e183-cf33-4e5f-bcdc-ac577f498006\",\"id\":\"372e3c8c-f088-4782-b9a8-65beb18740c6\"}}\n",
      "Received message: {\"@timestamp\":\"2024-07-29T05:51:19.555Z\",\"@metadata\":{\"beat\":\"filebeat\",\"type\":\"_doc\",\"version\":\"7.15.0\"},\"ecs\":{\"version\":\"1.11.0\"},\"host\":{\"name\":\"instance-20240216-1350-bunyamin-dev-confluent-7-4-3\"},\"agent\":{\"id\":\"372e3c8c-f088-4782-b9a8-65beb18740c6\",\"name\":\"instance-20240216-1350-bunyamin-dev-confluent-7-4-3\",\"type\":\"filebeat\",\"version\":\"7.15.0\",\"hostname\":\"instance-20240216-1350-bunyamin-dev-confluent-7-4-3\",\"ephemeral_id\":\"98a4e183-cf33-4e5f-bcdc-ac577f498006\"},\"message\":\"[2024-07-29 05:51:16,427] INFO 127.0.0.1 - - [29/Jul/2024:05:51:16 +0000] \\\"GET /v1/metadata/id HTTP/2.0\\\" 200 105 \\\"-\\\" \\\"armeria/1.24.3\\\" 2 (io.confluent.rest-utils.requests)\",\"log\":{\"offset\":11004,\"file\":{\"path\":\"/kafka_logs/metadata-service.log\"}},\"input\":{\"type\":\"log\"}}\n",
      "Received message: {\"@timestamp\":\"2024-07-29T05:51:44.559Z\",\"@metadata\":{\"beat\":\"filebeat\",\"type\":\"_doc\",\"version\":\"7.15.0\"},\"agent\":{\"id\":\"372e3c8c-f088-4782-b9a8-65beb18740c6\",\"name\":\"instance-20240216-1350-bunyamin-dev-confluent-7-4-3\",\"type\":\"filebeat\",\"version\":\"7.15.0\",\"hostname\":\"instance-20240216-1350-bunyamin-dev-confluent-7-4-3\",\"ephemeral_id\":\"98a4e183-cf33-4e5f-bcdc-ac577f498006\"},\"log\":{\"offset\":11175,\"file\":{\"path\":\"/kafka_logs/metadata-service.log\"}},\"message\":\"[2024-07-29 05:51:38,495] INFO 127.0.0.1 - - [29/Jul/2024:05:51:38 +0000] \\\"GET /v1/metadata/id HTTP/2.0\\\" 200 105 \\\"-\\\" \\\"armeria/1.24.3\\\" 2 (io.confluent.rest-utils.requests)\",\"input\":{\"type\":\"log\"},\"ecs\":{\"version\":\"1.11.0\"},\"host\":{\"name\":\"instance-20240216-1350-bunyamin-dev-confluent-7-4-3\"}}\n",
      "Received message: {\"@timestamp\":\"2024-07-29T05:51:54.550Z\",\"@metadata\":{\"beat\":\"filebeat\",\"type\":\"_doc\",\"version\":\"7.15.0\"},\"message\":\"[2024-07-29T05:51:46.761+0000][gc,start      ] GC(59) Pause Young (Normal) (G1 Evacuation Pause)\",\"input\":{\"type\":\"log\"},\"ecs\":{\"version\":\"1.11.0\"},\"host\":{\"name\":\"instance-20240216-1350-bunyamin-dev-confluent-7-4-3\"},\"agent\":{\"id\":\"372e3c8c-f088-4782-b9a8-65beb18740c6\",\"name\":\"instance-20240216-1350-bunyamin-dev-confluent-7-4-3\",\"type\":\"filebeat\",\"version\":\"7.15.0\",\"hostname\":\"instance-20240216-1350-bunyamin-dev-confluent-7-4-3\",\"ephemeral_id\":\"98a4e183-cf33-4e5f-bcdc-ac577f498006\"},\"log\":{\"file\":{\"path\":\"/kafka_logs/kafkaServer-gc.log\"},\"offset\":79165}}\n",
      "Received message: {\"@timestamp\":\"2024-07-29T05:51:54.550Z\",\"@metadata\":{\"beat\":\"filebeat\",\"type\":\"_doc\",\"version\":\"7.15.0\"},\"agent\":{\"id\":\"372e3c8c-f088-4782-b9a8-65beb18740c6\",\"name\":\"instance-20240216-1350-bunyamin-dev-confluent-7-4-3\",\"type\":\"filebeat\",\"version\":\"7.15.0\",\"hostname\":\"instance-20240216-1350-bunyamin-dev-confluent-7-4-3\",\"ephemeral_id\":\"98a4e183-cf33-4e5f-bcdc-ac577f498006\"},\"ecs\":{\"version\":\"1.11.0\"},\"host\":{\"name\":\"instance-20240216-1350-bunyamin-dev-confluent-7-4-3\"},\"log\":{\"offset\":79262,\"file\":{\"path\":\"/kafka_logs/kafkaServer-gc.log\"}},\"message\":\"[2024-07-29T05:51:46.761+0000][gc,task       ] GC(59) Using 4 workers of 4 for evacuation\",\"input\":{\"type\":\"log\"}}\n",
      "Received message: {\"@timestamp\":\"2024-07-29T05:51:54.550Z\",\"@metadata\":{\"beat\":\"filebeat\",\"type\":\"_doc\",\"version\":\"7.15.0\"},\"log\":{\"offset\":79352,\"file\":{\"path\":\"/kafka_logs/kafkaServer-gc.log\"}},\"message\":\"[2024-07-29T05:51:46.777+0000][gc,phases     ] GC(59)   Pre Evacuate Collection Set: 0.0ms\",\"input\":{\"type\":\"log\"},\"host\":{\"name\":\"instance-20240216-1350-bunyamin-dev-confluent-7-4-3\"},\"agent\":{\"id\":\"372e3c8c-f088-4782-b9a8-65beb18740c6\",\"name\":\"instance-20240216-1350-bunyamin-dev-confluent-7-4-3\",\"type\":\"filebeat\",\"version\":\"7.15.0\",\"hostname\":\"instance-20240216-1350-bunyamin-dev-confluent-7-4-3\",\"ephemeral_id\":\"98a4e183-cf33-4e5f-bcdc-ac577f498006\"},\"ecs\":{\"version\":\"1.11.0\"}}\n",
      "Received message: {\"@timestamp\":\"2024-07-29T05:51:54.550Z\",\"@metadata\":{\"beat\":\"filebeat\",\"type\":\"_doc\",\"version\":\"7.15.0\"},\"log\":{\"offset\":79443,\"file\":{\"path\":\"/kafka_logs/kafkaServer-gc.log\"}},\"message\":\"[2024-07-29T05:51:46.777+0000][gc,phases     ] GC(59)   Evacuate Collection Set: 15.3ms\",\"input\":{\"type\":\"log\"},\"host\":{\"name\":\"instance-20240216-1350-bunyamin-dev-confluent-7-4-3\"},\"agent\":{\"ephemeral_id\":\"98a4e183-cf33-4e5f-bcdc-ac577f498006\",\"id\":\"372e3c8c-f088-4782-b9a8-65beb18740c6\",\"name\":\"instance-20240216-1350-bunyamin-dev-confluent-7-4-3\",\"type\":\"filebeat\",\"version\":\"7.15.0\",\"hostname\":\"instance-20240216-1350-bunyamin-dev-confluent-7-4-3\"},\"ecs\":{\"version\":\"1.11.0\"}}\n",
      "Received message: {\"@timestamp\":\"2024-07-29T05:51:54.550Z\",\"@metadata\":{\"beat\":\"filebeat\",\"type\":\"_doc\",\"version\":\"7.15.0\"},\"ecs\":{\"version\":\"1.11.0\"},\"host\":{\"name\":\"instance-20240216-1350-bunyamin-dev-confluent-7-4-3\"},\"agent\":{\"ephemeral_id\":\"98a4e183-cf33-4e5f-bcdc-ac577f498006\",\"id\":\"372e3c8c-f088-4782-b9a8-65beb18740c6\",\"name\":\"instance-20240216-1350-bunyamin-dev-confluent-7-4-3\",\"type\":\"filebeat\",\"version\":\"7.15.0\",\"hostname\":\"instance-20240216-1350-bunyamin-dev-confluent-7-4-3\"},\"log\":{\"offset\":79531,\"file\":{\"path\":\"/kafka_logs/kafkaServer-gc.log\"}},\"message\":\"[2024-07-29T05:51:46.777+0000][gc,phases     ] GC(59)   Post Evacuate Collection Set: 0.5ms\",\"input\":{\"type\":\"log\"}}\n",
      "Received message: {\"@timestamp\":\"2024-07-29T05:51:54.551Z\",\"@metadata\":{\"beat\":\"filebeat\",\"type\":\"_doc\",\"version\":\"7.15.0\"},\"message\":\"[2024-07-29T05:51:46.777+0000][gc,phases     ] GC(59)   Other: 0.2ms\",\"input\":{\"type\":\"log\"},\"ecs\":{\"version\":\"1.11.0\"},\"host\":{\"name\":\"instance-20240216-1350-bunyamin-dev-confluent-7-4-3\"},\"agent\":{\"version\":\"7.15.0\",\"hostname\":\"instance-20240216-1350-bunyamin-dev-confluent-7-4-3\",\"ephemeral_id\":\"98a4e183-cf33-4e5f-bcdc-ac577f498006\",\"id\":\"372e3c8c-f088-4782-b9a8-65beb18740c6\",\"name\":\"instance-20240216-1350-bunyamin-dev-confluent-7-4-3\",\"type\":\"filebeat\"},\"log\":{\"offset\":79623,\"file\":{\"path\":\"/kafka_logs/kafkaServer-gc.log\"}}}\n",
      "Received message: {\"@timestamp\":\"2024-07-29T05:51:54.551Z\",\"@metadata\":{\"beat\":\"filebeat\",\"type\":\"_doc\",\"version\":\"7.15.0\"},\"ecs\":{\"version\":\"1.11.0\"},\"host\":{\"name\":\"instance-20240216-1350-bunyamin-dev-confluent-7-4-3\"},\"agent\":{\"ephemeral_id\":\"98a4e183-cf33-4e5f-bcdc-ac577f498006\",\"id\":\"372e3c8c-f088-4782-b9a8-65beb18740c6\",\"name\":\"instance-20240216-1350-bunyamin-dev-confluent-7-4-3\",\"type\":\"filebeat\",\"version\":\"7.15.0\",\"hostname\":\"instance-20240216-1350-bunyamin-dev-confluent-7-4-3\"},\"log\":{\"offset\":79692,\"file\":{\"path\":\"/kafka_logs/kafkaServer-gc.log\"}},\"message\":\"[2024-07-29T05:51:46.777+0000][gc,heap       ] GC(59) Eden regions: 173->0(197)\",\"input\":{\"type\":\"log\"}}\n",
      "Received message: {\"@timestamp\":\"2024-07-29T05:51:54.551Z\",\"@metadata\":{\"beat\":\"filebeat\",\"type\":\"_doc\",\"version\":\"7.15.0\"},\"log\":{\"offset\":79772,\"file\":{\"path\":\"/kafka_logs/kafkaServer-gc.log\"}},\"message\":\"[2024-07-29T05:51:46.777+0000][gc,heap       ] GC(59) Survivor regions: 13->16(24)\",\"input\":{\"type\":\"log\"},\"ecs\":{\"version\":\"1.11.0\"},\"host\":{\"name\":\"instance-20240216-1350-bunyamin-dev-confluent-7-4-3\"},\"agent\":{\"ephemeral_id\":\"98a4e183-cf33-4e5f-bcdc-ac577f498006\",\"id\":\"372e3c8c-f088-4782-b9a8-65beb18740c6\",\"name\":\"instance-20240216-1350-bunyamin-dev-confluent-7-4-3\",\"type\":\"filebeat\",\"version\":\"7.15.0\",\"hostname\":\"instance-20240216-1350-bunyamin-dev-confluent-7-4-3\"}}\n",
      "Received message: {\"@timestamp\":\"2024-07-29T05:51:54.551Z\",\"@metadata\":{\"beat\":\"filebeat\",\"type\":\"_doc\",\"version\":\"7.15.0\"},\"ecs\":{\"version\":\"1.11.0\"},\"host\":{\"name\":\"instance-20240216-1350-bunyamin-dev-confluent-7-4-3\"},\"log\":{\"offset\":79855,\"file\":{\"path\":\"/kafka_logs/kafkaServer-gc.log\"}},\"message\":\"[2024-07-29T05:51:46.777+0000][gc,heap       ] GC(59) Old regions: 131->131\",\"input\":{\"type\":\"log\"},\"agent\":{\"version\":\"7.15.0\",\"hostname\":\"instance-20240216-1350-bunyamin-dev-confluent-7-4-3\",\"ephemeral_id\":\"98a4e183-cf33-4e5f-bcdc-ac577f498006\",\"id\":\"372e3c8c-f088-4782-b9a8-65beb18740c6\",\"name\":\"instance-20240216-1350-bunyamin-dev-confluent-7-4-3\",\"type\":\"filebeat\"}}\n",
      "Received message: {\"@timestamp\":\"2024-07-29T05:51:54.551Z\",\"@metadata\":{\"beat\":\"filebeat\",\"type\":\"_doc\",\"version\":\"7.15.0\"},\"log\":{\"offset\":79931,\"file\":{\"path\":\"/kafka_logs/kafkaServer-gc.log\"}},\"message\":\"[2024-07-29T05:51:46.777+0000][gc,heap       ] GC(59) Humongous regions: 131->131\",\"input\":{\"type\":\"log\"},\"ecs\":{\"version\":\"1.11.0\"},\"host\":{\"name\":\"instance-20240216-1350-bunyamin-dev-confluent-7-4-3\"},\"agent\":{\"ephemeral_id\":\"98a4e183-cf33-4e5f-bcdc-ac577f498006\",\"id\":\"372e3c8c-f088-4782-b9a8-65beb18740c6\",\"name\":\"instance-20240216-1350-bunyamin-dev-confluent-7-4-3\",\"type\":\"filebeat\",\"version\":\"7.15.0\",\"hostname\":\"instance-20240216-1350-bunyamin-dev-confluent-7-4-3\"}}\n",
      "Received message: {\"@timestamp\":\"2024-07-29T05:51:54.551Z\",\"@metadata\":{\"beat\":\"filebeat\",\"type\":\"_doc\",\"version\":\"7.15.0\"},\"log\":{\"offset\":80013,\"file\":{\"path\":\"/kafka_logs/kafkaServer-gc.log\"}},\"message\":\"[2024-07-29T05:51:46.777+0000][gc,metaspace  ] GC(59) Metaspace: 109411K(115300K)->109411K(115300K) NonClass: 95697K(99020K)->95697K(99020K) Class: 13713K(16280K)->13713K(16280K)\",\"input\":{\"type\":\"log\"},\"agent\":{\"name\":\"instance-20240216-1350-bunyamin-dev-confluent-7-4-3\",\"type\":\"filebeat\",\"version\":\"7.15.0\",\"hostname\":\"instance-20240216-1350-bunyamin-dev-confluent-7-4-3\",\"ephemeral_id\":\"98a4e183-cf33-4e5f-bcdc-ac577f498006\",\"id\":\"372e3c8c-f088-4782-b9a8-65beb18740c6\"},\"ecs\":{\"version\":\"1.11.0\"},\"host\":{\"name\":\"instance-20240216-1350-bunyamin-dev-confluent-7-4-3\"}}\n",
      "Received message: {\"@timestamp\":\"2024-07-29T05:51:54.551Z\",\"@metadata\":{\"beat\":\"filebeat\",\"type\":\"_doc\",\"version\":\"7.15.0\"},\"input\":{\"type\":\"log\"},\"ecs\":{\"version\":\"1.11.0\"},\"host\":{\"name\":\"instance-20240216-1350-bunyamin-dev-confluent-7-4-3\"},\"agent\":{\"type\":\"filebeat\",\"version\":\"7.15.0\",\"hostname\":\"instance-20240216-1350-bunyamin-dev-confluent-7-4-3\",\"ephemeral_id\":\"98a4e183-cf33-4e5f-bcdc-ac577f498006\",\"id\":\"372e3c8c-f088-4782-b9a8-65beb18740c6\",\"name\":\"instance-20240216-1350-bunyamin-dev-confluent-7-4-3\"},\"log\":{\"file\":{\"path\":\"/kafka_logs/kafkaServer-gc.log\"},\"offset\":80192},\"message\":\"[2024-07-29T05:51:46.777+0000][gc            ] GC(59) Pause Young (Normal) (G1 Evacuation Pause) 445M->275M(1024M) 16.018ms\"}\n",
      "Received message: {\"@timestamp\":\"2024-07-29T05:51:54.551Z\",\"@metadata\":{\"beat\":\"filebeat\",\"type\":\"_doc\",\"version\":\"7.15.0\"},\"log\":{\"offset\":80316,\"file\":{\"path\":\"/kafka_logs/kafkaServer-gc.log\"}},\"message\":\"[2024-07-29T05:51:46.777+0000][gc,cpu        ] GC(59) User=0.06s Sys=0.00s Real=0.01s\",\"input\":{\"type\":\"log\"},\"ecs\":{\"version\":\"1.11.0\"},\"host\":{\"name\":\"instance-20240216-1350-bunyamin-dev-confluent-7-4-3\"},\"agent\":{\"id\":\"372e3c8c-f088-4782-b9a8-65beb18740c6\",\"name\":\"instance-20240216-1350-bunyamin-dev-confluent-7-4-3\",\"type\":\"filebeat\",\"version\":\"7.15.0\",\"hostname\":\"instance-20240216-1350-bunyamin-dev-confluent-7-4-3\",\"ephemeral_id\":\"98a4e183-cf33-4e5f-bcdc-ac577f498006\"}}\n",
      "Received message: {\"@timestamp\":\"2024-07-29T05:51:59.561Z\",\"@metadata\":{\"beat\":\"filebeat\",\"type\":\"_doc\",\"version\":\"7.15.0\"},\"log\":{\"file\":{\"path\":\"/kafka_logs/metadata-service.log\"},\"offset\":11346},\"message\":\"[2024-07-29 05:51:54,923] INFO 127.0.0.1 - - [29/Jul/2024:05:51:54 +0000] \\\"GET /v1/metadata/id HTTP/2.0\\\" 200 105 \\\"-\\\" \\\"armeria/1.24.3\\\" 3 (io.confluent.rest-utils.requests)\",\"input\":{\"type\":\"log\"},\"ecs\":{\"version\":\"1.11.0\"},\"host\":{\"name\":\"instance-20240216-1350-bunyamin-dev-confluent-7-4-3\"},\"agent\":{\"ephemeral_id\":\"98a4e183-cf33-4e5f-bcdc-ac577f498006\",\"id\":\"372e3c8c-f088-4782-b9a8-65beb18740c6\",\"name\":\"instance-20240216-1350-bunyamin-dev-confluent-7-4-3\",\"type\":\"filebeat\",\"version\":\"7.15.0\",\"hostname\":\"instance-20240216-1350-bunyamin-dev-confluent-7-4-3\"}}\n",
      "Received message: {\"@timestamp\":\"2024-07-29T05:52:24.563Z\",\"@metadata\":{\"beat\":\"filebeat\",\"type\":\"_doc\",\"version\":\"7.15.0\"},\"log\":{\"offset\":11517,\"file\":{\"path\":\"/kafka_logs/metadata-service.log\"}},\"message\":\"[2024-07-29 05:52:15,696] INFO 127.0.0.1 - - [29/Jul/2024:05:52:15 +0000] \\\"GET /v1/metadata/id HTTP/2.0\\\" 200 105 \\\"-\\\" \\\"armeria/1.24.3\\\" 2 (io.confluent.rest-utils.requests)\",\"input\":{\"type\":\"log\"},\"host\":{\"name\":\"instance-20240216-1350-bunyamin-dev-confluent-7-4-3\"},\"agent\":{\"ephemeral_id\":\"98a4e183-cf33-4e5f-bcdc-ac577f498006\",\"id\":\"372e3c8c-f088-4782-b9a8-65beb18740c6\",\"name\":\"instance-20240216-1350-bunyamin-dev-confluent-7-4-3\",\"type\":\"filebeat\",\"version\":\"7.15.0\",\"hostname\":\"instance-20240216-1350-bunyamin-dev-confluent-7-4-3\"},\"ecs\":{\"version\":\"1.11.0\"}}\n",
      "Received message: {\"@timestamp\":\"2024-07-29T05:52:29.556Z\",\"@metadata\":{\"beat\":\"filebeat\",\"type\":\"_doc\",\"version\":\"7.15.0\"},\"agent\":{\"hostname\":\"instance-20240216-1350-bunyamin-dev-confluent-7-4-3\",\"ephemeral_id\":\"98a4e183-cf33-4e5f-bcdc-ac577f498006\",\"id\":\"372e3c8c-f088-4782-b9a8-65beb18740c6\",\"name\":\"instance-20240216-1350-bunyamin-dev-confluent-7-4-3\",\"type\":\"filebeat\",\"version\":\"7.15.0\"},\"log\":{\"offset\":80402,\"file\":{\"path\":\"/kafka_logs/kafkaServer-gc.log\"}},\"message\":\"[2024-07-29T05:52:21.473+0000][gc,start      ] GC(60) Pause Young (Normal) (G1 Evacuation Pause)\",\"input\":{\"type\":\"log\"},\"ecs\":{\"version\":\"1.11.0\"},\"host\":{\"name\":\"instance-20240216-1350-bunyamin-dev-confluent-7-4-3\"}}\n",
      "Received message: {\"@timestamp\":\"2024-07-29T05:52:29.556Z\",\"@metadata\":{\"beat\":\"filebeat\",\"type\":\"_doc\",\"version\":\"7.15.0\"},\"host\":{\"name\":\"instance-20240216-1350-bunyamin-dev-confluent-7-4-3\"},\"agent\":{\"id\":\"372e3c8c-f088-4782-b9a8-65beb18740c6\",\"name\":\"instance-20240216-1350-bunyamin-dev-confluent-7-4-3\",\"type\":\"filebeat\",\"version\":\"7.15.0\",\"hostname\":\"instance-20240216-1350-bunyamin-dev-confluent-7-4-3\",\"ephemeral_id\":\"98a4e183-cf33-4e5f-bcdc-ac577f498006\"},\"log\":{\"offset\":80499,\"file\":{\"path\":\"/kafka_logs/kafkaServer-gc.log\"}},\"message\":\"[2024-07-29T05:52:21.473+0000][gc,task       ] GC(60) Using 4 workers of 4 for evacuation\",\"input\":{\"type\":\"log\"},\"ecs\":{\"version\":\"1.11.0\"}}\n",
      "Received message: {\"@timestamp\":\"2024-07-29T05:52:29.556Z\",\"@metadata\":{\"beat\":\"filebeat\",\"type\":\"_doc\",\"version\":\"7.15.0\"},\"log\":{\"file\":{\"path\":\"/kafka_logs/kafkaServer-gc.log\"},\"offset\":80589},\"message\":\"[2024-07-29T05:52:21.491+0000][gc,phases     ] GC(60)   Pre Evacuate Collection Set: 0.0ms\",\"input\":{\"type\":\"log\"},\"host\":{\"name\":\"instance-20240216-1350-bunyamin-dev-confluent-7-4-3\"},\"agent\":{\"id\":\"372e3c8c-f088-4782-b9a8-65beb18740c6\",\"name\":\"instance-20240216-1350-bunyamin-dev-confluent-7-4-3\",\"type\":\"filebeat\",\"version\":\"7.15.0\",\"hostname\":\"instance-20240216-1350-bunyamin-dev-confluent-7-4-3\",\"ephemeral_id\":\"98a4e183-cf33-4e5f-bcdc-ac577f498006\"},\"ecs\":{\"version\":\"1.11.0\"}}\n",
      "Received message: {\"@timestamp\":\"2024-07-29T05:52:29.556Z\",\"@metadata\":{\"beat\":\"filebeat\",\"type\":\"_doc\",\"version\":\"7.15.0\"},\"input\":{\"type\":\"log\"},\"agent\":{\"id\":\"372e3c8c-f088-4782-b9a8-65beb18740c6\",\"name\":\"instance-20240216-1350-bunyamin-dev-confluent-7-4-3\",\"type\":\"filebeat\",\"version\":\"7.15.0\",\"hostname\":\"instance-20240216-1350-bunyamin-dev-confluent-7-4-3\",\"ephemeral_id\":\"98a4e183-cf33-4e5f-bcdc-ac577f498006\"},\"ecs\":{\"version\":\"1.11.0\"},\"host\":{\"name\":\"instance-20240216-1350-bunyamin-dev-confluent-7-4-3\"},\"log\":{\"file\":{\"path\":\"/kafka_logs/kafkaServer-gc.log\"},\"offset\":80680},\"message\":\"[2024-07-29T05:52:21.491+0000][gc,phases     ] GC(60)   Evacuate Collection Set: 17.1ms\"}\n",
      "Received message: {\"@timestamp\":\"2024-07-29T05:52:29.556Z\",\"@metadata\":{\"beat\":\"filebeat\",\"type\":\"_doc\",\"version\":\"7.15.0\"},\"host\":{\"name\":\"instance-20240216-1350-bunyamin-dev-confluent-7-4-3\"},\"agent\":{\"hostname\":\"instance-20240216-1350-bunyamin-dev-confluent-7-4-3\",\"ephemeral_id\":\"98a4e183-cf33-4e5f-bcdc-ac577f498006\",\"id\":\"372e3c8c-f088-4782-b9a8-65beb18740c6\",\"name\":\"instance-20240216-1350-bunyamin-dev-confluent-7-4-3\",\"type\":\"filebeat\",\"version\":\"7.15.0\"},\"log\":{\"offset\":80768,\"file\":{\"path\":\"/kafka_logs/kafkaServer-gc.log\"}},\"message\":\"[2024-07-29T05:52:21.491+0000][gc,phases     ] GC(60)   Post Evacuate Collection Set: 0.5ms\",\"input\":{\"type\":\"log\"},\"ecs\":{\"version\":\"1.11.0\"}}\n",
      "Received message: {\"@timestamp\":\"2024-07-29T05:52:29.556Z\",\"@metadata\":{\"beat\":\"filebeat\",\"type\":\"_doc\",\"version\":\"7.15.0\"},\"log\":{\"offset\":80860,\"file\":{\"path\":\"/kafka_logs/kafkaServer-gc.log\"}},\"message\":\"[2024-07-29T05:52:21.491+0000][gc,phases     ] GC(60)   Other: 0.2ms\",\"input\":{\"type\":\"log\"},\"ecs\":{\"version\":\"1.11.0\"},\"host\":{\"name\":\"instance-20240216-1350-bunyamin-dev-confluent-7-4-3\"},\"agent\":{\"ephemeral_id\":\"98a4e183-cf33-4e5f-bcdc-ac577f498006\",\"id\":\"372e3c8c-f088-4782-b9a8-65beb18740c6\",\"name\":\"instance-20240216-1350-bunyamin-dev-confluent-7-4-3\",\"type\":\"filebeat\",\"version\":\"7.15.0\",\"hostname\":\"instance-20240216-1350-bunyamin-dev-confluent-7-4-3\"}}\n",
      "Received message: {\"@timestamp\":\"2024-07-29T05:52:29.556Z\",\"@metadata\":{\"beat\":\"filebeat\",\"type\":\"_doc\",\"version\":\"7.15.0\"},\"message\":\"[2024-07-29T05:52:21.491+0000][gc,heap       ] GC(60) Eden regions: 175->0(201)\",\"log\":{\"offset\":80929,\"file\":{\"path\":\"/kafka_logs/kafkaServer-gc.log\"}},\"input\":{\"type\":\"log\"},\"ecs\":{\"version\":\"1.11.0\"},\"host\":{\"name\":\"instance-20240216-1350-bunyamin-dev-confluent-7-4-3\"},\"agent\":{\"id\":\"372e3c8c-f088-4782-b9a8-65beb18740c6\",\"name\":\"instance-20240216-1350-bunyamin-dev-confluent-7-4-3\",\"type\":\"filebeat\",\"version\":\"7.15.0\",\"hostname\":\"instance-20240216-1350-bunyamin-dev-confluent-7-4-3\",\"ephemeral_id\":\"98a4e183-cf33-4e5f-bcdc-ac577f498006\"}}\n",
      "Received message: {\"@timestamp\":\"2024-07-29T05:52:29.556Z\",\"@metadata\":{\"beat\":\"filebeat\",\"type\":\"_doc\",\"version\":\"7.15.0\"},\"host\":{\"name\":\"instance-20240216-1350-bunyamin-dev-confluent-7-4-3\"},\"agent\":{\"type\":\"filebeat\",\"version\":\"7.15.0\",\"hostname\":\"instance-20240216-1350-bunyamin-dev-confluent-7-4-3\",\"ephemeral_id\":\"98a4e183-cf33-4e5f-bcdc-ac577f498006\",\"id\":\"372e3c8c-f088-4782-b9a8-65beb18740c6\",\"name\":\"instance-20240216-1350-bunyamin-dev-confluent-7-4-3\"},\"log\":{\"file\":{\"path\":\"/kafka_logs/kafkaServer-gc.log\"},\"offset\":81009},\"message\":\"[2024-07-29T05:52:21.491+0000][gc,heap       ] GC(60) Survivor regions: 16->13(24)\",\"input\":{\"type\":\"log\"},\"ecs\":{\"version\":\"1.11.0\"}}\n",
      "Received message: {\"@timestamp\":\"2024-07-29T05:52:29.556Z\",\"@metadata\":{\"beat\":\"filebeat\",\"type\":\"_doc\",\"version\":\"7.15.0\"},\"log\":{\"offset\":81092,\"file\":{\"path\":\"/kafka_logs/kafkaServer-gc.log\"}},\"message\":\"[2024-07-29T05:52:21.491+0000][gc,heap       ] GC(60) Old regions: 131->135\",\"input\":{\"type\":\"log\"},\"agent\":{\"id\":\"372e3c8c-f088-4782-b9a8-65beb18740c6\",\"name\":\"instance-20240216-1350-bunyamin-dev-confluent-7-4-3\",\"type\":\"filebeat\",\"version\":\"7.15.0\",\"hostname\":\"instance-20240216-1350-bunyamin-dev-confluent-7-4-3\",\"ephemeral_id\":\"98a4e183-cf33-4e5f-bcdc-ac577f498006\"},\"ecs\":{\"version\":\"1.11.0\"},\"host\":{\"name\":\"instance-20240216-1350-bunyamin-dev-confluent-7-4-3\"}}\n",
      "Received message: {\"@timestamp\":\"2024-07-29T05:52:29.556Z\",\"@metadata\":{\"beat\":\"filebeat\",\"type\":\"_doc\",\"version\":\"7.15.0\"},\"log\":{\"file\":{\"path\":\"/kafka_logs/kafkaServer-gc.log\"},\"offset\":81168},\"message\":\"[2024-07-29T05:52:21.491+0000][gc,heap       ] GC(60) Humongous regions: 131->131\",\"input\":{\"type\":\"log\"},\"agent\":{\"type\":\"filebeat\",\"version\":\"7.15.0\",\"hostname\":\"instance-20240216-1350-bunyamin-dev-confluent-7-4-3\",\"ephemeral_id\":\"98a4e183-cf33-4e5f-bcdc-ac577f498006\",\"id\":\"372e3c8c-f088-4782-b9a8-65beb18740c6\",\"name\":\"instance-20240216-1350-bunyamin-dev-confluent-7-4-3\"},\"ecs\":{\"version\":\"1.11.0\"},\"host\":{\"name\":\"instance-20240216-1350-bunyamin-dev-confluent-7-4-3\"}}\n",
      "Received message: {\"@timestamp\":\"2024-07-29T05:52:29.556Z\",\"@metadata\":{\"beat\":\"filebeat\",\"type\":\"_doc\",\"version\":\"7.15.0\"},\"log\":{\"offset\":81250,\"file\":{\"path\":\"/kafka_logs/kafkaServer-gc.log\"}},\"message\":\"[2024-07-29T05:52:21.491+0000][gc,metaspace  ] GC(60) Metaspace: 109445K(115300K)->109445K(115300K) NonClass: 95731K(99020K)->95731K(99020K) Class: 13713K(16280K)->13713K(16280K)\",\"input\":{\"type\":\"log\"},\"ecs\":{\"version\":\"1.11.0\"},\"host\":{\"name\":\"instance-20240216-1350-bunyamin-dev-confluent-7-4-3\"},\"agent\":{\"name\":\"instance-20240216-1350-bunyamin-dev-confluent-7-4-3\",\"type\":\"filebeat\",\"version\":\"7.15.0\",\"hostname\":\"instance-20240216-1350-bunyamin-dev-confluent-7-4-3\",\"ephemeral_id\":\"98a4e183-cf33-4e5f-bcdc-ac577f498006\",\"id\":\"372e3c8c-f088-4782-b9a8-65beb18740c6\"}}\n",
      "Received message: {\"@timestamp\":\"2024-07-29T05:52:29.556Z\",\"@metadata\":{\"beat\":\"filebeat\",\"type\":\"_doc\",\"version\":\"7.15.0\"},\"log\":{\"offset\":81429,\"file\":{\"path\":\"/kafka_logs/kafkaServer-gc.log\"}},\"message\":\"[2024-07-29T05:52:21.491+0000][gc            ] GC(60) Pause Young (Normal) (G1 Evacuation Pause) 450M->277M(1024M) 17.863ms\",\"input\":{\"type\":\"log\"},\"ecs\":{\"version\":\"1.11.0\"},\"host\":{\"name\":\"instance-20240216-1350-bunyamin-dev-confluent-7-4-3\"},\"agent\":{\"id\":\"372e3c8c-f088-4782-b9a8-65beb18740c6\",\"name\":\"instance-20240216-1350-bunyamin-dev-confluent-7-4-3\",\"type\":\"filebeat\",\"version\":\"7.15.0\",\"hostname\":\"instance-20240216-1350-bunyamin-dev-confluent-7-4-3\",\"ephemeral_id\":\"98a4e183-cf33-4e5f-bcdc-ac577f498006\"}}\n",
      "Received message: {\"@timestamp\":\"2024-07-29T05:52:29.556Z\",\"@metadata\":{\"beat\":\"filebeat\",\"type\":\"_doc\",\"version\":\"7.15.0\"},\"agent\":{\"version\":\"7.15.0\",\"hostname\":\"instance-20240216-1350-bunyamin-dev-confluent-7-4-3\",\"ephemeral_id\":\"98a4e183-cf33-4e5f-bcdc-ac577f498006\",\"id\":\"372e3c8c-f088-4782-b9a8-65beb18740c6\",\"name\":\"instance-20240216-1350-bunyamin-dev-confluent-7-4-3\",\"type\":\"filebeat\"},\"log\":{\"offset\":81553,\"file\":{\"path\":\"/kafka_logs/kafkaServer-gc.log\"}},\"message\":\"[2024-07-29T05:52:21.491+0000][gc,cpu        ] GC(60) User=0.07s Sys=0.00s Real=0.02s\",\"input\":{\"type\":\"log\"},\"ecs\":{\"version\":\"1.11.0\"},\"host\":{\"name\":\"instance-20240216-1350-bunyamin-dev-confluent-7-4-3\"}}\n",
      "Received message: {\"@timestamp\":\"2024-07-29T05:52:39.567Z\",\"@metadata\":{\"beat\":\"filebeat\",\"type\":\"_doc\",\"version\":\"7.15.0\"},\"log\":{\"offset\":11688,\"file\":{\"path\":\"/kafka_logs/metadata-service.log\"}},\"message\":\"[2024-07-29 05:52:33,603] INFO 127.0.0.1 - - [29/Jul/2024:05:52:33 +0000] \\\"GET /v1/metadata/id HTTP/2.0\\\" 200 105 \\\"-\\\" \\\"armeria/1.24.3\\\" 2 (io.confluent.rest-utils.requests)\",\"input\":{\"type\":\"log\"},\"ecs\":{\"version\":\"1.11.0\"},\"host\":{\"name\":\"instance-20240216-1350-bunyamin-dev-confluent-7-4-3\"},\"agent\":{\"id\":\"372e3c8c-f088-4782-b9a8-65beb18740c6\",\"name\":\"instance-20240216-1350-bunyamin-dev-confluent-7-4-3\",\"type\":\"filebeat\",\"version\":\"7.15.0\",\"hostname\":\"instance-20240216-1350-bunyamin-dev-confluent-7-4-3\",\"ephemeral_id\":\"98a4e183-cf33-4e5f-bcdc-ac577f498006\"}}\n",
      "Received message: {\"@timestamp\":\"2024-07-29T05:52:54.571Z\",\"@metadata\":{\"beat\":\"filebeat\",\"type\":\"_doc\",\"version\":\"7.15.0\"},\"ecs\":{\"version\":\"1.11.0\"},\"host\":{\"name\":\"instance-20240216-1350-bunyamin-dev-confluent-7-4-3\"},\"agent\":{\"id\":\"372e3c8c-f088-4782-b9a8-65beb18740c6\",\"name\":\"instance-20240216-1350-bunyamin-dev-confluent-7-4-3\",\"type\":\"filebeat\",\"version\":\"7.15.0\",\"hostname\":\"instance-20240216-1350-bunyamin-dev-confluent-7-4-3\",\"ephemeral_id\":\"98a4e183-cf33-4e5f-bcdc-ac577f498006\"},\"log\":{\"offset\":11859,\"file\":{\"path\":\"/kafka_logs/metadata-service.log\"}},\"message\":\"[2024-07-29 05:52:54,112] INFO 127.0.0.1 - - [29/Jul/2024:05:52:54 +0000] \\\"GET /v1/metadata/id HTTP/2.0\\\" 200 105 \\\"-\\\" \\\"armeria/1.24.3\\\" 2 (io.confluent.rest-utils.requests)\",\"input\":{\"type\":\"log\"}}\n",
      "Received message: {\"@timestamp\":\"2024-07-29T05:53:04.560Z\",\"@metadata\":{\"beat\":\"filebeat\",\"type\":\"_doc\",\"version\":\"7.15.0\"},\"ecs\":{\"version\":\"1.11.0\"},\"host\":{\"name\":\"instance-20240216-1350-bunyamin-dev-confluent-7-4-3\"},\"agent\":{\"ephemeral_id\":\"98a4e183-cf33-4e5f-bcdc-ac577f498006\",\"id\":\"372e3c8c-f088-4782-b9a8-65beb18740c6\",\"name\":\"instance-20240216-1350-bunyamin-dev-confluent-7-4-3\",\"type\":\"filebeat\",\"version\":\"7.15.0\",\"hostname\":\"instance-20240216-1350-bunyamin-dev-confluent-7-4-3\"},\"log\":{\"offset\":81639,\"file\":{\"path\":\"/kafka_logs/kafkaServer-gc.log\"}},\"message\":\"[2024-07-29T05:52:56.724+0000][gc,start      ] GC(61) Pause Young (Normal) (G1 Evacuation Pause)\",\"input\":{\"type\":\"log\"}}\n",
      "Received message: {\"@timestamp\":\"2024-07-29T05:53:04.560Z\",\"@metadata\":{\"beat\":\"filebeat\",\"type\":\"_doc\",\"version\":\"7.15.0\"},\"log\":{\"file\":{\"path\":\"/kafka_logs/kafkaServer-gc.log\"},\"offset\":81736},\"message\":\"[2024-07-29T05:52:56.724+0000][gc,task       ] GC(61) Using 4 workers of 4 for evacuation\",\"input\":{\"type\":\"log\"},\"ecs\":{\"version\":\"1.11.0\"},\"host\":{\"name\":\"instance-20240216-1350-bunyamin-dev-confluent-7-4-3\"},\"agent\":{\"hostname\":\"instance-20240216-1350-bunyamin-dev-confluent-7-4-3\",\"ephemeral_id\":\"98a4e183-cf33-4e5f-bcdc-ac577f498006\",\"id\":\"372e3c8c-f088-4782-b9a8-65beb18740c6\",\"name\":\"instance-20240216-1350-bunyamin-dev-confluent-7-4-3\",\"type\":\"filebeat\",\"version\":\"7.15.0\"}}\n",
      "Received message: {\"@timestamp\":\"2024-07-29T05:53:04.560Z\",\"@metadata\":{\"beat\":\"filebeat\",\"type\":\"_doc\",\"version\":\"7.15.0\"},\"input\":{\"type\":\"log\"},\"ecs\":{\"version\":\"1.11.0\"},\"host\":{\"name\":\"instance-20240216-1350-bunyamin-dev-confluent-7-4-3\"},\"agent\":{\"id\":\"372e3c8c-f088-4782-b9a8-65beb18740c6\",\"name\":\"instance-20240216-1350-bunyamin-dev-confluent-7-4-3\",\"type\":\"filebeat\",\"version\":\"7.15.0\",\"hostname\":\"instance-20240216-1350-bunyamin-dev-confluent-7-4-3\",\"ephemeral_id\":\"98a4e183-cf33-4e5f-bcdc-ac577f498006\"},\"log\":{\"file\":{\"path\":\"/kafka_logs/kafkaServer-gc.log\"},\"offset\":81826},\"message\":\"[2024-07-29T05:52:56.741+0000][gc,phases     ] GC(61)   Pre Evacuate Collection Set: 0.0ms\"}\n",
      "Received message: {\"@timestamp\":\"2024-07-29T05:53:04.560Z\",\"@metadata\":{\"beat\":\"filebeat\",\"type\":\"_doc\",\"version\":\"7.15.0\"},\"log\":{\"offset\":81917,\"file\":{\"path\":\"/kafka_logs/kafkaServer-gc.log\"}},\"message\":\"[2024-07-29T05:52:56.741+0000][gc,phases     ] GC(61)   Evacuate Collection Set: 16.5ms\",\"input\":{\"type\":\"log\"},\"ecs\":{\"version\":\"1.11.0\"},\"host\":{\"name\":\"instance-20240216-1350-bunyamin-dev-confluent-7-4-3\"},\"agent\":{\"id\":\"372e3c8c-f088-4782-b9a8-65beb18740c6\",\"name\":\"instance-20240216-1350-bunyamin-dev-confluent-7-4-3\",\"type\":\"filebeat\",\"version\":\"7.15.0\",\"hostname\":\"instance-20240216-1350-bunyamin-dev-confluent-7-4-3\",\"ephemeral_id\":\"98a4e183-cf33-4e5f-bcdc-ac577f498006\"}}\n",
      "Received message: {\"@timestamp\":\"2024-07-29T05:53:04.560Z\",\"@metadata\":{\"beat\":\"filebeat\",\"type\":\"_doc\",\"version\":\"7.15.0\"},\"log\":{\"offset\":82005,\"file\":{\"path\":\"/kafka_logs/kafkaServer-gc.log\"}},\"message\":\"[2024-07-29T05:52:56.741+0000][gc,phases     ] GC(61)   Post Evacuate Collection Set: 0.5ms\",\"input\":{\"type\":\"log\"},\"ecs\":{\"version\":\"1.11.0\"},\"host\":{\"name\":\"instance-20240216-1350-bunyamin-dev-confluent-7-4-3\"},\"agent\":{\"type\":\"filebeat\",\"version\":\"7.15.0\",\"hostname\":\"instance-20240216-1350-bunyamin-dev-confluent-7-4-3\",\"ephemeral_id\":\"98a4e183-cf33-4e5f-bcdc-ac577f498006\",\"id\":\"372e3c8c-f088-4782-b9a8-65beb18740c6\",\"name\":\"instance-20240216-1350-bunyamin-dev-confluent-7-4-3\"}}\n",
      "Received message: {\"@timestamp\":\"2024-07-29T05:53:04.560Z\",\"@metadata\":{\"beat\":\"filebeat\",\"type\":\"_doc\",\"version\":\"7.15.0\"},\"log\":{\"offset\":82097,\"file\":{\"path\":\"/kafka_logs/kafkaServer-gc.log\"}},\"message\":\"[2024-07-29T05:52:56.741+0000][gc,phases     ] GC(61)   Other: 0.3ms\",\"input\":{\"type\":\"log\"},\"ecs\":{\"version\":\"1.11.0\"},\"host\":{\"name\":\"instance-20240216-1350-bunyamin-dev-confluent-7-4-3\"},\"agent\":{\"name\":\"instance-20240216-1350-bunyamin-dev-confluent-7-4-3\",\"type\":\"filebeat\",\"version\":\"7.15.0\",\"hostname\":\"instance-20240216-1350-bunyamin-dev-confluent-7-4-3\",\"ephemeral_id\":\"98a4e183-cf33-4e5f-bcdc-ac577f498006\",\"id\":\"372e3c8c-f088-4782-b9a8-65beb18740c6\"}}\n",
      "Received message: {\"@timestamp\":\"2024-07-29T05:53:04.560Z\",\"@metadata\":{\"beat\":\"filebeat\",\"type\":\"_doc\",\"version\":\"7.15.0\"},\"ecs\":{\"version\":\"1.11.0\"},\"host\":{\"name\":\"instance-20240216-1350-bunyamin-dev-confluent-7-4-3\"},\"agent\":{\"ephemeral_id\":\"98a4e183-cf33-4e5f-bcdc-ac577f498006\",\"id\":\"372e3c8c-f088-4782-b9a8-65beb18740c6\",\"name\":\"instance-20240216-1350-bunyamin-dev-confluent-7-4-3\",\"type\":\"filebeat\",\"version\":\"7.15.0\",\"hostname\":\"instance-20240216-1350-bunyamin-dev-confluent-7-4-3\"},\"message\":\"[2024-07-29T05:52:56.741+0000][gc,heap       ] GC(61) Eden regions: 201->0(225)\",\"log\":{\"file\":{\"path\":\"/kafka_logs/kafkaServer-gc.log\"},\"offset\":82166},\"input\":{\"type\":\"log\"}}\n",
      "Received message: {\"@timestamp\":\"2024-07-29T05:53:04.560Z\",\"@metadata\":{\"beat\":\"filebeat\",\"type\":\"_doc\",\"version\":\"7.15.0\"},\"input\":{\"type\":\"log\"},\"host\":{\"name\":\"instance-20240216-1350-bunyamin-dev-confluent-7-4-3\"},\"agent\":{\"ephemeral_id\":\"98a4e183-cf33-4e5f-bcdc-ac577f498006\",\"id\":\"372e3c8c-f088-4782-b9a8-65beb18740c6\",\"name\":\"instance-20240216-1350-bunyamin-dev-confluent-7-4-3\",\"type\":\"filebeat\",\"version\":\"7.15.0\",\"hostname\":\"instance-20240216-1350-bunyamin-dev-confluent-7-4-3\"},\"ecs\":{\"version\":\"1.11.0\"},\"log\":{\"offset\":82246,\"file\":{\"path\":\"/kafka_logs/kafkaServer-gc.log\"}},\"message\":\"[2024-07-29T05:52:56.741+0000][gc,heap       ] GC(61) Survivor regions: 13->15(27)\"}\n",
      "Received message: {\"@timestamp\":\"2024-07-29T05:53:04.560Z\",\"@metadata\":{\"beat\":\"filebeat\",\"type\":\"_doc\",\"version\":\"7.15.0\"},\"message\":\"[2024-07-29T05:52:56.741+0000][gc,heap       ] GC(61) Old regions: 135->135\",\"input\":{\"type\":\"log\"},\"ecs\":{\"version\":\"1.11.0\"},\"host\":{\"name\":\"instance-20240216-1350-bunyamin-dev-confluent-7-4-3\"},\"agent\":{\"ephemeral_id\":\"98a4e183-cf33-4e5f-bcdc-ac577f498006\",\"id\":\"372e3c8c-f088-4782-b9a8-65beb18740c6\",\"name\":\"instance-20240216-1350-bunyamin-dev-confluent-7-4-3\",\"type\":\"filebeat\",\"version\":\"7.15.0\",\"hostname\":\"instance-20240216-1350-bunyamin-dev-confluent-7-4-3\"},\"log\":{\"file\":{\"path\":\"/kafka_logs/kafkaServer-gc.log\"},\"offset\":82329}}\n",
      "Received message: {\"@timestamp\":\"2024-07-29T05:53:04.560Z\",\"@metadata\":{\"beat\":\"filebeat\",\"type\":\"_doc\",\"version\":\"7.15.0\"},\"message\":\"[2024-07-29T05:52:56.741+0000][gc,heap       ] GC(61) Humongous regions: 131->131\",\"input\":{\"type\":\"log\"},\"ecs\":{\"version\":\"1.11.0\"},\"host\":{\"name\":\"instance-20240216-1350-bunyamin-dev-confluent-7-4-3\"},\"agent\":{\"id\":\"372e3c8c-f088-4782-b9a8-65beb18740c6\",\"name\":\"instance-20240216-1350-bunyamin-dev-confluent-7-4-3\",\"type\":\"filebeat\",\"version\":\"7.15.0\",\"hostname\":\"instance-20240216-1350-bunyamin-dev-confluent-7-4-3\",\"ephemeral_id\":\"98a4e183-cf33-4e5f-bcdc-ac577f498006\"},\"log\":{\"file\":{\"path\":\"/kafka_logs/kafkaServer-gc.log\"},\"offset\":82405}}\n",
      "Received message: {\"@timestamp\":\"2024-07-29T05:53:04.560Z\",\"@metadata\":{\"beat\":\"filebeat\",\"type\":\"_doc\",\"version\":\"7.15.0\"},\"agent\":{\"id\":\"372e3c8c-f088-4782-b9a8-65beb18740c6\",\"name\":\"instance-20240216-1350-bunyamin-dev-confluent-7-4-3\",\"type\":\"filebeat\",\"version\":\"7.15.0\",\"hostname\":\"instance-20240216-1350-bunyamin-dev-confluent-7-4-3\",\"ephemeral_id\":\"98a4e183-cf33-4e5f-bcdc-ac577f498006\"},\"log\":{\"offset\":82487,\"file\":{\"path\":\"/kafka_logs/kafkaServer-gc.log\"}},\"message\":\"[2024-07-29T05:52:56.741+0000][gc,metaspace  ] GC(61) Metaspace: 109472K(115300K)->109472K(115300K) NonClass: 95758K(99020K)->95758K(99020K) Class: 13713K(16280K)->13713K(16280K)\",\"input\":{\"type\":\"log\"},\"ecs\":{\"version\":\"1.11.0\"},\"host\":{\"name\":\"instance-20240216-1350-bunyamin-dev-confluent-7-4-3\"}}\n",
      "Received message: {\"@timestamp\":\"2024-07-29T05:53:04.560Z\",\"@metadata\":{\"beat\":\"filebeat\",\"type\":\"_doc\",\"version\":\"7.15.0\"},\"log\":{\"offset\":82666,\"file\":{\"path\":\"/kafka_logs/kafkaServer-gc.log\"}},\"message\":\"[2024-07-29T05:52:56.741+0000][gc            ] GC(61) Pause Young (Normal) (G1 Evacuation Pause) 478M->279M(1024M) 17.380ms\",\"input\":{\"type\":\"log\"},\"ecs\":{\"version\":\"1.11.0\"},\"host\":{\"name\":\"instance-20240216-1350-bunyamin-dev-confluent-7-4-3\"},\"agent\":{\"name\":\"instance-20240216-1350-bunyamin-dev-confluent-7-4-3\",\"type\":\"filebeat\",\"version\":\"7.15.0\",\"hostname\":\"instance-20240216-1350-bunyamin-dev-confluent-7-4-3\",\"ephemeral_id\":\"98a4e183-cf33-4e5f-bcdc-ac577f498006\",\"id\":\"372e3c8c-f088-4782-b9a8-65beb18740c6\"}}\n",
      "Received message: {\"@timestamp\":\"2024-07-29T05:53:04.560Z\",\"@metadata\":{\"beat\":\"filebeat\",\"type\":\"_doc\",\"version\":\"7.15.0\"},\"input\":{\"type\":\"log\"},\"ecs\":{\"version\":\"1.11.0\"},\"host\":{\"name\":\"instance-20240216-1350-bunyamin-dev-confluent-7-4-3\"},\"agent\":{\"ephemeral_id\":\"98a4e183-cf33-4e5f-bcdc-ac577f498006\",\"id\":\"372e3c8c-f088-4782-b9a8-65beb18740c6\",\"name\":\"instance-20240216-1350-bunyamin-dev-confluent-7-4-3\",\"type\":\"filebeat\",\"version\":\"7.15.0\",\"hostname\":\"instance-20240216-1350-bunyamin-dev-confluent-7-4-3\"},\"log\":{\"offset\":82790,\"file\":{\"path\":\"/kafka_logs/kafkaServer-gc.log\"}},\"message\":\"[2024-07-29T05:52:56.741+0000][gc,cpu        ] GC(61) User=0.06s Sys=0.01s Real=0.02s\"}\n",
      "Received message: {\"@timestamp\":\"2024-07-29T05:53:19.574Z\",\"@metadata\":{\"beat\":\"filebeat\",\"type\":\"_doc\",\"version\":\"7.15.0\"},\"input\":{\"type\":\"log\"},\"agent\":{\"id\":\"372e3c8c-f088-4782-b9a8-65beb18740c6\",\"name\":\"instance-20240216-1350-bunyamin-dev-confluent-7-4-3\",\"type\":\"filebeat\",\"version\":\"7.15.0\",\"hostname\":\"instance-20240216-1350-bunyamin-dev-confluent-7-4-3\",\"ephemeral_id\":\"98a4e183-cf33-4e5f-bcdc-ac577f498006\"},\"ecs\":{\"version\":\"1.11.0\"},\"host\":{\"name\":\"instance-20240216-1350-bunyamin-dev-confluent-7-4-3\"},\"log\":{\"offset\":12030,\"file\":{\"path\":\"/kafka_logs/metadata-service.log\"}},\"message\":\"[2024-07-29 05:53:17,487] INFO 127.0.0.1 - - [29/Jul/2024:05:53:17 +0000] \\\"GET /v1/metadata/id HTTP/2.0\\\" 200 105 \\\"-\\\" \\\"armeria/1.24.3\\\" 2 (io.confluent.rest-utils.requests)\"}\n",
      "Received message: {\"@timestamp\":\"2024-07-29T05:53:29.563Z\",\"@metadata\":{\"beat\":\"filebeat\",\"type\":\"_doc\",\"version\":\"7.15.0\"},\"agent\":{\"ephemeral_id\":\"98a4e183-cf33-4e5f-bcdc-ac577f498006\",\"id\":\"372e3c8c-f088-4782-b9a8-65beb18740c6\",\"name\":\"instance-20240216-1350-bunyamin-dev-confluent-7-4-3\",\"type\":\"filebeat\",\"version\":\"7.15.0\",\"hostname\":\"instance-20240216-1350-bunyamin-dev-confluent-7-4-3\"},\"ecs\":{\"version\":\"1.11.0\"},\"log\":{\"offset\":82876,\"file\":{\"path\":\"/kafka_logs/kafkaServer-gc.log\"}},\"message\":\"[2024-07-29T05:53:24.529+0000][gc,start      ] GC(62) Pause Young (Normal) (G1 Evacuation Pause)\",\"input\":{\"type\":\"log\"},\"host\":{\"name\":\"instance-20240216-1350-bunyamin-dev-confluent-7-4-3\"}}\n",
      "Received message: {\"@timestamp\":\"2024-07-29T05:53:29.563Z\",\"@metadata\":{\"beat\":\"filebeat\",\"type\":\"_doc\",\"version\":\"7.15.0\"},\"log\":{\"offset\":82973,\"file\":{\"path\":\"/kafka_logs/kafkaServer-gc.log\"}},\"message\":\"[2024-07-29T05:53:24.529+0000][gc,task       ] GC(62) Using 4 workers of 4 for evacuation\",\"input\":{\"type\":\"log\"},\"ecs\":{\"version\":\"1.11.0\"},\"host\":{\"name\":\"instance-20240216-1350-bunyamin-dev-confluent-7-4-3\"},\"agent\":{\"id\":\"372e3c8c-f088-4782-b9a8-65beb18740c6\",\"name\":\"instance-20240216-1350-bunyamin-dev-confluent-7-4-3\",\"type\":\"filebeat\",\"version\":\"7.15.0\",\"hostname\":\"instance-20240216-1350-bunyamin-dev-confluent-7-4-3\",\"ephemeral_id\":\"98a4e183-cf33-4e5f-bcdc-ac577f498006\"}}\n",
      "Received message: {\"@timestamp\":\"2024-07-29T05:53:29.563Z\",\"@metadata\":{\"beat\":\"filebeat\",\"type\":\"_doc\",\"version\":\"7.15.0\"},\"message\":\"[2024-07-29T05:53:24.546+0000][gc,phases     ] GC(62)   Pre Evacuate Collection Set: 0.0ms\",\"input\":{\"type\":\"log\"},\"ecs\":{\"version\":\"1.11.0\"},\"host\":{\"name\":\"instance-20240216-1350-bunyamin-dev-confluent-7-4-3\"},\"agent\":{\"hostname\":\"instance-20240216-1350-bunyamin-dev-confluent-7-4-3\",\"ephemeral_id\":\"98a4e183-cf33-4e5f-bcdc-ac577f498006\",\"id\":\"372e3c8c-f088-4782-b9a8-65beb18740c6\",\"name\":\"instance-20240216-1350-bunyamin-dev-confluent-7-4-3\",\"type\":\"filebeat\",\"version\":\"7.15.0\"},\"log\":{\"offset\":83063,\"file\":{\"path\":\"/kafka_logs/kafkaServer-gc.log\"}}}\n",
      "Received message: {\"@timestamp\":\"2024-07-29T05:53:29.563Z\",\"@metadata\":{\"beat\":\"filebeat\",\"type\":\"_doc\",\"version\":\"7.15.0\"},\"message\":\"[2024-07-29T05:53:24.547+0000][gc,phases     ] GC(62)   Evacuate Collection Set: 17.1ms\",\"log\":{\"offset\":83154,\"file\":{\"path\":\"/kafka_logs/kafkaServer-gc.log\"}},\"input\":{\"type\":\"log\"},\"agent\":{\"id\":\"372e3c8c-f088-4782-b9a8-65beb18740c6\",\"name\":\"instance-20240216-1350-bunyamin-dev-confluent-7-4-3\",\"type\":\"filebeat\",\"version\":\"7.15.0\",\"hostname\":\"instance-20240216-1350-bunyamin-dev-confluent-7-4-3\",\"ephemeral_id\":\"98a4e183-cf33-4e5f-bcdc-ac577f498006\"},\"ecs\":{\"version\":\"1.11.0\"},\"host\":{\"name\":\"instance-20240216-1350-bunyamin-dev-confluent-7-4-3\"}}\n",
      "Received message: {\"@timestamp\":\"2024-07-29T05:53:29.563Z\",\"@metadata\":{\"beat\":\"filebeat\",\"type\":\"_doc\",\"version\":\"7.15.0\"},\"host\":{\"name\":\"instance-20240216-1350-bunyamin-dev-confluent-7-4-3\"},\"agent\":{\"id\":\"372e3c8c-f088-4782-b9a8-65beb18740c6\",\"name\":\"instance-20240216-1350-bunyamin-dev-confluent-7-4-3\",\"type\":\"filebeat\",\"version\":\"7.15.0\",\"hostname\":\"instance-20240216-1350-bunyamin-dev-confluent-7-4-3\",\"ephemeral_id\":\"98a4e183-cf33-4e5f-bcdc-ac577f498006\"},\"log\":{\"offset\":83242,\"file\":{\"path\":\"/kafka_logs/kafkaServer-gc.log\"}},\"message\":\"[2024-07-29T05:53:24.547+0000][gc,phases     ] GC(62)   Post Evacuate Collection Set: 0.6ms\",\"input\":{\"type\":\"log\"},\"ecs\":{\"version\":\"1.11.0\"}}\n",
      "Received message: {\"@timestamp\":\"2024-07-29T05:53:29.563Z\",\"@metadata\":{\"beat\":\"filebeat\",\"type\":\"_doc\",\"version\":\"7.15.0\"},\"message\":\"[2024-07-29T05:53:24.547+0000][gc,phases     ] GC(62)   Other: 0.2ms\",\"input\":{\"type\":\"log\"},\"agent\":{\"id\":\"372e3c8c-f088-4782-b9a8-65beb18740c6\",\"name\":\"instance-20240216-1350-bunyamin-dev-confluent-7-4-3\",\"type\":\"filebeat\",\"version\":\"7.15.0\",\"hostname\":\"instance-20240216-1350-bunyamin-dev-confluent-7-4-3\",\"ephemeral_id\":\"98a4e183-cf33-4e5f-bcdc-ac577f498006\"},\"ecs\":{\"version\":\"1.11.0\"},\"host\":{\"name\":\"instance-20240216-1350-bunyamin-dev-confluent-7-4-3\"},\"log\":{\"file\":{\"path\":\"/kafka_logs/kafkaServer-gc.log\"},\"offset\":83334}}\n",
      "Received message: {\"@timestamp\":\"2024-07-29T05:53:29.563Z\",\"@metadata\":{\"beat\":\"filebeat\",\"type\":\"_doc\",\"version\":\"7.15.0\"},\"log\":{\"offset\":83403,\"file\":{\"path\":\"/kafka_logs/kafkaServer-gc.log\"}},\"message\":\"[2024-07-29T05:53:24.547+0000][gc,heap       ] GC(62) Eden regions: 153->0(223)\",\"input\":{\"type\":\"log\"},\"ecs\":{\"version\":\"1.11.0\"},\"host\":{\"name\":\"instance-20240216-1350-bunyamin-dev-confluent-7-4-3\"},\"agent\":{\"version\":\"7.15.0\",\"hostname\":\"instance-20240216-1350-bunyamin-dev-confluent-7-4-3\",\"ephemeral_id\":\"98a4e183-cf33-4e5f-bcdc-ac577f498006\",\"id\":\"372e3c8c-f088-4782-b9a8-65beb18740c6\",\"name\":\"instance-20240216-1350-bunyamin-dev-confluent-7-4-3\",\"type\":\"filebeat\"}}\n",
      "Received message: {\"@timestamp\":\"2024-07-29T05:53:29.563Z\",\"@metadata\":{\"beat\":\"filebeat\",\"type\":\"_doc\",\"version\":\"7.15.0\"},\"message\":\"[2024-07-29T05:53:24.547+0000][gc,heap       ] GC(62) Survivor regions: 15->13(21)\",\"input\":{\"type\":\"log\"},\"ecs\":{\"version\":\"1.11.0\"},\"host\":{\"name\":\"instance-20240216-1350-bunyamin-dev-confluent-7-4-3\"},\"agent\":{\"id\":\"372e3c8c-f088-4782-b9a8-65beb18740c6\",\"name\":\"instance-20240216-1350-bunyamin-dev-confluent-7-4-3\",\"type\":\"filebeat\",\"version\":\"7.15.0\",\"hostname\":\"instance-20240216-1350-bunyamin-dev-confluent-7-4-3\",\"ephemeral_id\":\"98a4e183-cf33-4e5f-bcdc-ac577f498006\"},\"log\":{\"offset\":83483,\"file\":{\"path\":\"/kafka_logs/kafkaServer-gc.log\"}}}\n",
      "Received message: {\"@timestamp\":\"2024-07-29T05:53:29.563Z\",\"@metadata\":{\"beat\":\"filebeat\",\"type\":\"_doc\",\"version\":\"7.15.0\"},\"log\":{\"file\":{\"path\":\"/kafka_logs/kafkaServer-gc.log\"},\"offset\":83566},\"message\":\"[2024-07-29T05:53:24.547+0000][gc,heap       ] GC(62) Old regions: 135->139\",\"input\":{\"type\":\"log\"},\"ecs\":{\"version\":\"1.11.0\"},\"host\":{\"name\":\"instance-20240216-1350-bunyamin-dev-confluent-7-4-3\"},\"agent\":{\"id\":\"372e3c8c-f088-4782-b9a8-65beb18740c6\",\"name\":\"instance-20240216-1350-bunyamin-dev-confluent-7-4-3\",\"type\":\"filebeat\",\"version\":\"7.15.0\",\"hostname\":\"instance-20240216-1350-bunyamin-dev-confluent-7-4-3\",\"ephemeral_id\":\"98a4e183-cf33-4e5f-bcdc-ac577f498006\"}}\n",
      "Received message: {\"@timestamp\":\"2024-07-29T05:53:29.563Z\",\"@metadata\":{\"beat\":\"filebeat\",\"type\":\"_doc\",\"version\":\"7.15.0\"},\"log\":{\"offset\":83642,\"file\":{\"path\":\"/kafka_logs/kafkaServer-gc.log\"}},\"message\":\"[2024-07-29T05:53:24.547+0000][gc,heap       ] GC(62) Humongous regions: 131->131\",\"input\":{\"type\":\"log\"},\"ecs\":{\"version\":\"1.11.0\"},\"host\":{\"name\":\"instance-20240216-1350-bunyamin-dev-confluent-7-4-3\"},\"agent\":{\"id\":\"372e3c8c-f088-4782-b9a8-65beb18740c6\",\"name\":\"instance-20240216-1350-bunyamin-dev-confluent-7-4-3\",\"type\":\"filebeat\",\"version\":\"7.15.0\",\"hostname\":\"instance-20240216-1350-bunyamin-dev-confluent-7-4-3\",\"ephemeral_id\":\"98a4e183-cf33-4e5f-bcdc-ac577f498006\"}}\n",
      "Received message: {\"@timestamp\":\"2024-07-29T05:53:29.563Z\",\"@metadata\":{\"beat\":\"filebeat\",\"type\":\"_doc\",\"version\":\"7.15.0\"},\"log\":{\"offset\":83724,\"file\":{\"path\":\"/kafka_logs/kafkaServer-gc.log\"}},\"message\":\"[2024-07-29T05:53:24.547+0000][gc,metaspace  ] GC(62) Metaspace: 109486K(115300K)->109486K(115300K) NonClass: 95772K(99020K)->95772K(99020K) Class: 13713K(16280K)->13713K(16280K)\",\"input\":{\"type\":\"log\"},\"agent\":{\"version\":\"7.15.0\",\"hostname\":\"instance-20240216-1350-bunyamin-dev-confluent-7-4-3\",\"ephemeral_id\":\"98a4e183-cf33-4e5f-bcdc-ac577f498006\",\"id\":\"372e3c8c-f088-4782-b9a8-65beb18740c6\",\"name\":\"instance-20240216-1350-bunyamin-dev-confluent-7-4-3\",\"type\":\"filebeat\"},\"ecs\":{\"version\":\"1.11.0\"},\"host\":{\"name\":\"instance-20240216-1350-bunyamin-dev-confluent-7-4-3\"}}\n",
      "Received message: {\"@timestamp\":\"2024-07-29T05:53:29.563Z\",\"@metadata\":{\"beat\":\"filebeat\",\"type\":\"_doc\",\"version\":\"7.15.0\"},\"host\":{\"name\":\"instance-20240216-1350-bunyamin-dev-confluent-7-4-3\"},\"agent\":{\"name\":\"instance-20240216-1350-bunyamin-dev-confluent-7-4-3\",\"type\":\"filebeat\",\"version\":\"7.15.0\",\"hostname\":\"instance-20240216-1350-bunyamin-dev-confluent-7-4-3\",\"ephemeral_id\":\"98a4e183-cf33-4e5f-bcdc-ac577f498006\",\"id\":\"372e3c8c-f088-4782-b9a8-65beb18740c6\"},\"message\":\"[2024-07-29T05:53:24.547+0000][gc            ] GC(62) Pause Young (Normal) (G1 Evacuation Pause) 432M->281M(1024M) 17.995ms\",\"log\":{\"offset\":83903,\"file\":{\"path\":\"/kafka_logs/kafkaServer-gc.log\"}},\"input\":{\"type\":\"log\"},\"ecs\":{\"version\":\"1.11.0\"}}\n",
      "Received message: {\"@timestamp\":\"2024-07-29T05:53:29.563Z\",\"@metadata\":{\"beat\":\"filebeat\",\"type\":\"_doc\",\"version\":\"7.15.0\"},\"input\":{\"type\":\"log\"},\"ecs\":{\"version\":\"1.11.0\"},\"host\":{\"name\":\"instance-20240216-1350-bunyamin-dev-confluent-7-4-3\"},\"agent\":{\"version\":\"7.15.0\",\"hostname\":\"instance-20240216-1350-bunyamin-dev-confluent-7-4-3\",\"ephemeral_id\":\"98a4e183-cf33-4e5f-bcdc-ac577f498006\",\"id\":\"372e3c8c-f088-4782-b9a8-65beb18740c6\",\"name\":\"instance-20240216-1350-bunyamin-dev-confluent-7-4-3\",\"type\":\"filebeat\"},\"log\":{\"offset\":84027,\"file\":{\"path\":\"/kafka_logs/kafkaServer-gc.log\"}},\"message\":\"[2024-07-29T05:53:24.547+0000][gc,cpu        ] GC(62) User=0.06s Sys=0.00s Real=0.01s\"}\n",
      "Received message: {\"@timestamp\":\"2024-07-29T05:53:33.807Z\",\"@metadata\":{\"beat\":\"filebeat\",\"type\":\"_doc\",\"version\":\"7.15.0\"},\"input\":{\"type\":\"log\"},\"ecs\":{\"version\":\"1.11.0\"},\"host\":{\"name\":\"instance-20240216-1350-bunyamin-dev-confluent-7-4-3\"},\"agent\":{\"type\":\"filebeat\",\"version\":\"7.15.0\",\"hostname\":\"instance-20240216-1350-bunyamin-dev-confluent-7-4-3\",\"ephemeral_id\":\"98a4e183-cf33-4e5f-bcdc-ac577f498006\",\"id\":\"372e3c8c-f088-4782-b9a8-65beb18740c6\",\"name\":\"instance-20240216-1350-bunyamin-dev-confluent-7-4-3\"},\"log\":{\"offset\":1392207,\"file\":{\"path\":\"/kafka_logs/server.log\"}},\"message\":\"[2024-07-29 05:53:25,266] INFO [Consumer clientId=kafka-cruise-control, groupId=ConfluentTelemetryReporterSampler--7309764670275015236] Seeking to offset 68274 for partition _confluent-telemetry-metrics-3 (org.apache.kafka.clients.consumer.KafkaConsumer)\"}\n",
      "Received message: {\"@timestamp\":\"2024-07-29T05:53:33.807Z\",\"@metadata\":{\"beat\":\"filebeat\",\"type\":\"_doc\",\"version\":\"7.15.0\"},\"message\":\"[2024-07-29 05:53:25,266] INFO [Consumer clientId=kafka-cruise-control, groupId=ConfluentTelemetryReporterSampler--7309764670275015236] Seeking to offset 67559 for partition _confluent-telemetry-metrics-4 (org.apache.kafka.clients.consumer.KafkaConsumer)\",\"input\":{\"type\":\"log\"},\"ecs\":{\"version\":\"1.11.0\"},\"host\":{\"name\":\"instance-20240216-1350-bunyamin-dev-confluent-7-4-3\"},\"agent\":{\"id\":\"372e3c8c-f088-4782-b9a8-65beb18740c6\",\"name\":\"instance-20240216-1350-bunyamin-dev-confluent-7-4-3\",\"type\":\"filebeat\",\"version\":\"7.15.0\",\"hostname\":\"instance-20240216-1350-bunyamin-dev-confluent-7-4-3\",\"ephemeral_id\":\"98a4e183-cf33-4e5f-bcdc-ac577f498006\"},\"log\":{\"file\":{\"path\":\"/kafka_logs/server.log\"},\"offset\":1392462}}\n",
      "Received message: {\"@timestamp\":\"2024-07-29T05:53:33.807Z\",\"@metadata\":{\"beat\":\"filebeat\",\"type\":\"_doc\",\"version\":\"7.15.0\"},\"log\":{\"offset\":1392717,\"file\":{\"path\":\"/kafka_logs/server.log\"}},\"message\":\"[2024-07-29 05:53:25,266] INFO [Consumer clientId=kafka-cruise-control, groupId=ConfluentTelemetryReporterSampler--7309764670275015236] Seeking to offset 64015 for partition _confluent-telemetry-metrics-5 (org.apache.kafka.clients.consumer.KafkaConsumer)\",\"input\":{\"type\":\"log\"},\"agent\":{\"name\":\"instance-20240216-1350-bunyamin-dev-confluent-7-4-3\",\"type\":\"filebeat\",\"version\":\"7.15.0\",\"hostname\":\"instance-20240216-1350-bunyamin-dev-confluent-7-4-3\",\"ephemeral_id\":\"98a4e183-cf33-4e5f-bcdc-ac577f498006\",\"id\":\"372e3c8c-f088-4782-b9a8-65beb18740c6\"},\"ecs\":{\"version\":\"1.11.0\"},\"host\":{\"name\":\"instance-20240216-1350-bunyamin-dev-confluent-7-4-3\"}}\n",
      "Received message: {\"@timestamp\":\"2024-07-29T05:53:33.807Z\",\"@metadata\":{\"beat\":\"filebeat\",\"type\":\"_doc\",\"version\":\"7.15.0\"},\"log\":{\"offset\":1392972,\"file\":{\"path\":\"/kafka_logs/server.log\"}},\"message\":\"[2024-07-29 05:53:25,266] INFO [Consumer clientId=kafka-cruise-control, groupId=ConfluentTelemetryReporterSampler--7309764670275015236] Seeking to offset 65178 for partition _confluent-telemetry-metrics-6 (org.apache.kafka.clients.consumer.KafkaConsumer)\",\"input\":{\"type\":\"log\"},\"ecs\":{\"version\":\"1.11.0\"},\"host\":{\"name\":\"instance-20240216-1350-bunyamin-dev-confluent-7-4-3\"},\"agent\":{\"id\":\"372e3c8c-f088-4782-b9a8-65beb18740c6\",\"name\":\"instance-20240216-1350-bunyamin-dev-confluent-7-4-3\",\"type\":\"filebeat\",\"version\":\"7.15.0\",\"hostname\":\"instance-20240216-1350-bunyamin-dev-confluent-7-4-3\",\"ephemeral_id\":\"98a4e183-cf33-4e5f-bcdc-ac577f498006\"}}\n",
      "Received message: {\"@timestamp\":\"2024-07-29T05:53:33.807Z\",\"@metadata\":{\"beat\":\"filebeat\",\"type\":\"_doc\",\"version\":\"7.15.0\"},\"log\":{\"offset\":1393227,\"file\":{\"path\":\"/kafka_logs/server.log\"}},\"message\":\"[2024-07-29 05:53:25,266] INFO [Consumer clientId=kafka-cruise-control, groupId=ConfluentTelemetryReporterSampler--7309764670275015236] Seeking to offset 67494 for partition _confluent-telemetry-metrics-7 (org.apache.kafka.clients.consumer.KafkaConsumer)\",\"input\":{\"type\":\"log\"},\"ecs\":{\"version\":\"1.11.0\"},\"host\":{\"name\":\"instance-20240216-1350-bunyamin-dev-confluent-7-4-3\"},\"agent\":{\"name\":\"instance-20240216-1350-bunyamin-dev-confluent-7-4-3\",\"type\":\"filebeat\",\"version\":\"7.15.0\",\"hostname\":\"instance-20240216-1350-bunyamin-dev-confluent-7-4-3\",\"ephemeral_id\":\"98a4e183-cf33-4e5f-bcdc-ac577f498006\",\"id\":\"372e3c8c-f088-4782-b9a8-65beb18740c6\"}}\n",
      "Received message: {\"@timestamp\":\"2024-07-29T05:53:33.808Z\",\"@metadata\":{\"beat\":\"filebeat\",\"type\":\"_doc\",\"version\":\"7.15.0\"},\"input\":{\"type\":\"log\"},\"ecs\":{\"version\":\"1.11.0\"},\"host\":{\"name\":\"instance-20240216-1350-bunyamin-dev-confluent-7-4-3\"},\"agent\":{\"hostname\":\"instance-20240216-1350-bunyamin-dev-confluent-7-4-3\",\"ephemeral_id\":\"98a4e183-cf33-4e5f-bcdc-ac577f498006\",\"id\":\"372e3c8c-f088-4782-b9a8-65beb18740c6\",\"name\":\"instance-20240216-1350-bunyamin-dev-confluent-7-4-3\",\"type\":\"filebeat\",\"version\":\"7.15.0\"},\"log\":{\"offset\":1393482,\"file\":{\"path\":\"/kafka_logs/server.log\"}},\"message\":\"[2024-07-29 05:53:25,266] INFO [Consumer clientId=kafka-cruise-control, groupId=ConfluentTelemetryReporterSampler--7309764670275015236] Seeking to offset 66371 for partition _confluent-telemetry-metrics-8 (org.apache.kafka.clients.consumer.KafkaConsumer)\"}\n",
      "Received message: {\"@timestamp\":\"2024-07-29T05:53:33.808Z\",\"@metadata\":{\"beat\":\"filebeat\",\"type\":\"_doc\",\"version\":\"7.15.0\"},\"agent\":{\"id\":\"372e3c8c-f088-4782-b9a8-65beb18740c6\",\"name\":\"instance-20240216-1350-bunyamin-dev-confluent-7-4-3\",\"type\":\"filebeat\",\"version\":\"7.15.0\",\"hostname\":\"instance-20240216-1350-bunyamin-dev-confluent-7-4-3\",\"ephemeral_id\":\"98a4e183-cf33-4e5f-bcdc-ac577f498006\"},\"log\":{\"offset\":1393737,\"file\":{\"path\":\"/kafka_logs/server.log\"}},\"message\":\"[2024-07-29 05:53:25,266] INFO [Consumer clientId=kafka-cruise-control, groupId=ConfluentTelemetryReporterSampler--7309764670275015236] Seeking to offset 67989 for partition _confluent-telemetry-metrics-9 (org.apache.kafka.clients.consumer.KafkaConsumer)\",\"input\":{\"type\":\"log\"},\"ecs\":{\"version\":\"1.11.0\"},\"host\":{\"name\":\"instance-20240216-1350-bunyamin-dev-confluent-7-4-3\"}}\n",
      "Received message: {\"@timestamp\":\"2024-07-29T05:53:33.808Z\",\"@metadata\":{\"beat\":\"filebeat\",\"type\":\"_doc\",\"version\":\"7.15.0\"},\"ecs\":{\"version\":\"1.11.0\"},\"host\":{\"name\":\"instance-20240216-1350-bunyamin-dev-confluent-7-4-3\"},\"agent\":{\"id\":\"372e3c8c-f088-4782-b9a8-65beb18740c6\",\"name\":\"instance-20240216-1350-bunyamin-dev-confluent-7-4-3\",\"type\":\"filebeat\",\"version\":\"7.15.0\",\"hostname\":\"instance-20240216-1350-bunyamin-dev-confluent-7-4-3\",\"ephemeral_id\":\"98a4e183-cf33-4e5f-bcdc-ac577f498006\"},\"log\":{\"offset\":1393992,\"file\":{\"path\":\"/kafka_logs/server.log\"}},\"message\":\"[2024-07-29 05:53:25,266] INFO [Consumer clientId=kafka-cruise-control, groupId=ConfluentTelemetryReporterSampler--7309764670275015236] Seeking to offset 66061 for partition _confluent-telemetry-metrics-10 (org.apache.kafka.clients.consumer.KafkaConsumer)\",\"input\":{\"type\":\"log\"}}\n",
      "Received message: {\"@timestamp\":\"2024-07-29T05:53:33.808Z\",\"@metadata\":{\"beat\":\"filebeat\",\"type\":\"_doc\",\"version\":\"7.15.0\"},\"host\":{\"name\":\"instance-20240216-1350-bunyamin-dev-confluent-7-4-3\"},\"agent\":{\"ephemeral_id\":\"98a4e183-cf33-4e5f-bcdc-ac577f498006\",\"id\":\"372e3c8c-f088-4782-b9a8-65beb18740c6\",\"name\":\"instance-20240216-1350-bunyamin-dev-confluent-7-4-3\",\"type\":\"filebeat\",\"version\":\"7.15.0\",\"hostname\":\"instance-20240216-1350-bunyamin-dev-confluent-7-4-3\"},\"log\":{\"offset\":1394248,\"file\":{\"path\":\"/kafka_logs/server.log\"}},\"message\":\"[2024-07-29 05:53:25,266] INFO [Consumer clientId=kafka-cruise-control, groupId=ConfluentTelemetryReporterSampler--7309764670275015236] Seeking to offset 64937 for partition _confluent-telemetry-metrics-11 (org.apache.kafka.clients.consumer.KafkaConsumer)\",\"input\":{\"type\":\"log\"},\"ecs\":{\"version\":\"1.11.0\"}}\n",
      "Received message: {\"@timestamp\":\"2024-07-29T05:53:33.808Z\",\"@metadata\":{\"beat\":\"filebeat\",\"type\":\"_doc\",\"version\":\"7.15.0\"},\"host\":{\"name\":\"instance-20240216-1350-bunyamin-dev-confluent-7-4-3\"},\"agent\":{\"hostname\":\"instance-20240216-1350-bunyamin-dev-confluent-7-4-3\",\"ephemeral_id\":\"98a4e183-cf33-4e5f-bcdc-ac577f498006\",\"id\":\"372e3c8c-f088-4782-b9a8-65beb18740c6\",\"name\":\"instance-20240216-1350-bunyamin-dev-confluent-7-4-3\",\"type\":\"filebeat\",\"version\":\"7.15.0\"},\"log\":{\"offset\":1394504,\"file\":{\"path\":\"/kafka_logs/server.log\"}},\"message\":\"[2024-07-29 05:53:25,266] INFO [Consumer clientId=kafka-cruise-control, groupId=ConfluentTelemetryReporterSampler--7309764670275015236] Seeking to offset 65359 for partition _confluent-telemetry-metrics-0 (org.apache.kafka.clients.consumer.KafkaConsumer)\",\"input\":{\"type\":\"log\"},\"ecs\":{\"version\":\"1.11.0\"}}\n",
      "Received message: {\"@timestamp\":\"2024-07-29T05:53:33.808Z\",\"@metadata\":{\"beat\":\"filebeat\",\"type\":\"_doc\",\"version\":\"7.15.0\"},\"agent\":{\"id\":\"372e3c8c-f088-4782-b9a8-65beb18740c6\",\"name\":\"instance-20240216-1350-bunyamin-dev-confluent-7-4-3\",\"type\":\"filebeat\",\"version\":\"7.15.0\",\"hostname\":\"instance-20240216-1350-bunyamin-dev-confluent-7-4-3\",\"ephemeral_id\":\"98a4e183-cf33-4e5f-bcdc-ac577f498006\"},\"log\":{\"file\":{\"path\":\"/kafka_logs/server.log\"},\"offset\":1394759},\"message\":\"[2024-07-29 05:53:25,266] INFO [Consumer clientId=kafka-cruise-control, groupId=ConfluentTelemetryReporterSampler--7309764670275015236] Seeking to offset 61843 for partition _confluent-telemetry-metrics-1 (org.apache.kafka.clients.consumer.KafkaConsumer)\",\"input\":{\"type\":\"log\"},\"ecs\":{\"version\":\"1.11.0\"},\"host\":{\"name\":\"instance-20240216-1350-bunyamin-dev-confluent-7-4-3\"}}\n",
      "Received message: {\"@timestamp\":\"2024-07-29T05:53:33.808Z\",\"@metadata\":{\"beat\":\"filebeat\",\"type\":\"_doc\",\"version\":\"7.15.0\"},\"agent\":{\"type\":\"filebeat\",\"version\":\"7.15.0\",\"hostname\":\"instance-20240216-1350-bunyamin-dev-confluent-7-4-3\",\"ephemeral_id\":\"98a4e183-cf33-4e5f-bcdc-ac577f498006\",\"id\":\"372e3c8c-f088-4782-b9a8-65beb18740c6\",\"name\":\"instance-20240216-1350-bunyamin-dev-confluent-7-4-3\"},\"log\":{\"offset\":1395014,\"file\":{\"path\":\"/kafka_logs/server.log\"}},\"message\":\"[2024-07-29 05:53:25,266] INFO [Consumer clientId=kafka-cruise-control, groupId=ConfluentTelemetryReporterSampler--7309764670275015236] Seeking to offset 66111 for partition _confluent-telemetry-metrics-2 (org.apache.kafka.clients.consumer.KafkaConsumer)\",\"input\":{\"type\":\"log\"},\"ecs\":{\"version\":\"1.11.0\"},\"host\":{\"name\":\"instance-20240216-1350-bunyamin-dev-confluent-7-4-3\"}}\n",
      "Received message: {\"@timestamp\":\"2024-07-29T05:53:44.578Z\",\"@metadata\":{\"beat\":\"filebeat\",\"type\":\"_doc\",\"version\":\"7.15.0\"},\"agent\":{\"id\":\"372e3c8c-f088-4782-b9a8-65beb18740c6\",\"name\":\"instance-20240216-1350-bunyamin-dev-confluent-7-4-3\",\"type\":\"filebeat\",\"version\":\"7.15.0\",\"hostname\":\"instance-20240216-1350-bunyamin-dev-confluent-7-4-3\",\"ephemeral_id\":\"98a4e183-cf33-4e5f-bcdc-ac577f498006\"},\"log\":{\"file\":{\"path\":\"/kafka_logs/metadata-service.log\"},\"offset\":12201},\"message\":\"[2024-07-29 05:53:37,463] INFO 127.0.0.1 - - [29/Jul/2024:05:53:37 +0000] \\\"GET /v1/metadata/id HTTP/2.0\\\" 200 105 \\\"-\\\" \\\"armeria/1.24.3\\\" 2 (io.confluent.rest-utils.requests)\",\"input\":{\"type\":\"log\"},\"ecs\":{\"version\":\"1.11.0\"},\"host\":{\"name\":\"instance-20240216-1350-bunyamin-dev-confluent-7-4-3\"}}\n",
      "Received message: {\"@timestamp\":\"2024-07-29T05:53:54.566Z\",\"@metadata\":{\"beat\":\"filebeat\",\"type\":\"_doc\",\"version\":\"7.15.0\"},\"host\":{\"name\":\"instance-20240216-1350-bunyamin-dev-confluent-7-4-3\"},\"agent\":{\"type\":\"filebeat\",\"version\":\"7.15.0\",\"hostname\":\"instance-20240216-1350-bunyamin-dev-confluent-7-4-3\",\"ephemeral_id\":\"98a4e183-cf33-4e5f-bcdc-ac577f498006\",\"id\":\"372e3c8c-f088-4782-b9a8-65beb18740c6\",\"name\":\"instance-20240216-1350-bunyamin-dev-confluent-7-4-3\"},\"log\":{\"offset\":84113,\"file\":{\"path\":\"/kafka_logs/kafkaServer-gc.log\"}},\"message\":\"[2024-07-29T05:53:53.931+0000][gc,start      ] GC(63) Pause Young (Normal) (G1 Evacuation Pause)\",\"input\":{\"type\":\"log\"},\"ecs\":{\"version\":\"1.11.0\"}}\n",
      "Received message: {\"@timestamp\":\"2024-07-29T05:53:54.567Z\",\"@metadata\":{\"beat\":\"filebeat\",\"type\":\"_doc\",\"version\":\"7.15.0\"},\"input\":{\"type\":\"log\"},\"ecs\":{\"version\":\"1.11.0\"},\"host\":{\"name\":\"instance-20240216-1350-bunyamin-dev-confluent-7-4-3\"},\"agent\":{\"hostname\":\"instance-20240216-1350-bunyamin-dev-confluent-7-4-3\",\"ephemeral_id\":\"98a4e183-cf33-4e5f-bcdc-ac577f498006\",\"id\":\"372e3c8c-f088-4782-b9a8-65beb18740c6\",\"name\":\"instance-20240216-1350-bunyamin-dev-confluent-7-4-3\",\"type\":\"filebeat\",\"version\":\"7.15.0\"},\"log\":{\"offset\":84210,\"file\":{\"path\":\"/kafka_logs/kafkaServer-gc.log\"}},\"message\":\"[2024-07-29T05:53:53.931+0000][gc,task       ] GC(63) Using 4 workers of 4 for evacuation\"}\n",
      "Received message: {\"@timestamp\":\"2024-07-29T05:53:54.567Z\",\"@metadata\":{\"beat\":\"filebeat\",\"type\":\"_doc\",\"version\":\"7.15.0\"},\"host\":{\"name\":\"instance-20240216-1350-bunyamin-dev-confluent-7-4-3\"},\"agent\":{\"hostname\":\"instance-20240216-1350-bunyamin-dev-confluent-7-4-3\",\"ephemeral_id\":\"98a4e183-cf33-4e5f-bcdc-ac577f498006\",\"id\":\"372e3c8c-f088-4782-b9a8-65beb18740c6\",\"name\":\"instance-20240216-1350-bunyamin-dev-confluent-7-4-3\",\"type\":\"filebeat\",\"version\":\"7.15.0\"},\"log\":{\"offset\":84300,\"file\":{\"path\":\"/kafka_logs/kafkaServer-gc.log\"}},\"message\":\"[2024-07-29T05:53:53.947+0000][gc,phases     ] GC(63)   Pre Evacuate Collection Set: 0.0ms\",\"input\":{\"type\":\"log\"},\"ecs\":{\"version\":\"1.11.0\"}}\n",
      "Received message: {\"@timestamp\":\"2024-07-29T05:53:54.567Z\",\"@metadata\":{\"beat\":\"filebeat\",\"type\":\"_doc\",\"version\":\"7.15.0\"},\"host\":{\"name\":\"instance-20240216-1350-bunyamin-dev-confluent-7-4-3\"},\"agent\":{\"version\":\"7.15.0\",\"hostname\":\"instance-20240216-1350-bunyamin-dev-confluent-7-4-3\",\"ephemeral_id\":\"98a4e183-cf33-4e5f-bcdc-ac577f498006\",\"id\":\"372e3c8c-f088-4782-b9a8-65beb18740c6\",\"name\":\"instance-20240216-1350-bunyamin-dev-confluent-7-4-3\",\"type\":\"filebeat\"},\"log\":{\"offset\":84391,\"file\":{\"path\":\"/kafka_logs/kafkaServer-gc.log\"}},\"message\":\"[2024-07-29T05:53:53.947+0000][gc,phases     ] GC(63)   Evacuate Collection Set: 15.1ms\",\"input\":{\"type\":\"log\"},\"ecs\":{\"version\":\"1.11.0\"}}\n",
      "Received message: {\"@timestamp\":\"2024-07-29T05:53:54.567Z\",\"@metadata\":{\"beat\":\"filebeat\",\"type\":\"_doc\",\"version\":\"7.15.0\"},\"log\":{\"offset\":84479,\"file\":{\"path\":\"/kafka_logs/kafkaServer-gc.log\"}},\"message\":\"[2024-07-29T05:53:53.947+0000][gc,phases     ] GC(63)   Post Evacuate Collection Set: 0.6ms\",\"input\":{\"type\":\"log\"},\"ecs\":{\"version\":\"1.11.0\"},\"host\":{\"name\":\"instance-20240216-1350-bunyamin-dev-confluent-7-4-3\"},\"agent\":{\"name\":\"instance-20240216-1350-bunyamin-dev-confluent-7-4-3\",\"type\":\"filebeat\",\"version\":\"7.15.0\",\"hostname\":\"instance-20240216-1350-bunyamin-dev-confluent-7-4-3\",\"ephemeral_id\":\"98a4e183-cf33-4e5f-bcdc-ac577f498006\",\"id\":\"372e3c8c-f088-4782-b9a8-65beb18740c6\"}}\n",
      "Received message: {\"@timestamp\":\"2024-07-29T05:53:54.567Z\",\"@metadata\":{\"beat\":\"filebeat\",\"type\":\"_doc\",\"version\":\"7.15.0\"},\"log\":{\"offset\":84571,\"file\":{\"path\":\"/kafka_logs/kafkaServer-gc.log\"}},\"message\":\"[2024-07-29T05:53:53.947+0000][gc,phases     ] GC(63)   Other: 0.2ms\",\"input\":{\"type\":\"log\"},\"ecs\":{\"version\":\"1.11.0\"},\"host\":{\"name\":\"instance-20240216-1350-bunyamin-dev-confluent-7-4-3\"},\"agent\":{\"id\":\"372e3c8c-f088-4782-b9a8-65beb18740c6\",\"name\":\"instance-20240216-1350-bunyamin-dev-confluent-7-4-3\",\"type\":\"filebeat\",\"version\":\"7.15.0\",\"hostname\":\"instance-20240216-1350-bunyamin-dev-confluent-7-4-3\",\"ephemeral_id\":\"98a4e183-cf33-4e5f-bcdc-ac577f498006\"}}\n",
      "Received message: {\"@timestamp\":\"2024-07-29T05:53:54.567Z\",\"@metadata\":{\"beat\":\"filebeat\",\"type\":\"_doc\",\"version\":\"7.15.0\"},\"host\":{\"name\":\"instance-20240216-1350-bunyamin-dev-confluent-7-4-3\"},\"agent\":{\"version\":\"7.15.0\",\"hostname\":\"instance-20240216-1350-bunyamin-dev-confluent-7-4-3\",\"ephemeral_id\":\"98a4e183-cf33-4e5f-bcdc-ac577f498006\",\"id\":\"372e3c8c-f088-4782-b9a8-65beb18740c6\",\"name\":\"instance-20240216-1350-bunyamin-dev-confluent-7-4-3\",\"type\":\"filebeat\"},\"message\":\"[2024-07-29T05:53:53.947+0000][gc,heap       ] GC(63) Eden regions: 161->0(195)\",\"log\":{\"offset\":84640,\"file\":{\"path\":\"/kafka_logs/kafkaServer-gc.log\"}},\"input\":{\"type\":\"log\"},\"ecs\":{\"version\":\"1.11.0\"}}\n",
      "Received message: {\"@timestamp\":\"2024-07-29T05:53:54.567Z\",\"@metadata\":{\"beat\":\"filebeat\",\"type\":\"_doc\",\"version\":\"7.15.0\"},\"host\":{\"name\":\"instance-20240216-1350-bunyamin-dev-confluent-7-4-3\"},\"agent\":{\"ephemeral_id\":\"98a4e183-cf33-4e5f-bcdc-ac577f498006\",\"id\":\"372e3c8c-f088-4782-b9a8-65beb18740c6\",\"name\":\"instance-20240216-1350-bunyamin-dev-confluent-7-4-3\",\"type\":\"filebeat\",\"version\":\"7.15.0\",\"hostname\":\"instance-20240216-1350-bunyamin-dev-confluent-7-4-3\"},\"message\":\"[2024-07-29T05:53:53.947+0000][gc,heap       ] GC(63) Survivor regions: 13->12(22)\",\"log\":{\"offset\":84720,\"file\":{\"path\":\"/kafka_logs/kafkaServer-gc.log\"}},\"input\":{\"type\":\"log\"},\"ecs\":{\"version\":\"1.11.0\"}}\n",
      "Received message: {\"@timestamp\":\"2024-07-29T05:53:54.567Z\",\"@metadata\":{\"beat\":\"filebeat\",\"type\":\"_doc\",\"version\":\"7.15.0\"},\"ecs\":{\"version\":\"1.11.0\"},\"host\":{\"name\":\"instance-20240216-1350-bunyamin-dev-confluent-7-4-3\"},\"agent\":{\"ephemeral_id\":\"98a4e183-cf33-4e5f-bcdc-ac577f498006\",\"id\":\"372e3c8c-f088-4782-b9a8-65beb18740c6\",\"name\":\"instance-20240216-1350-bunyamin-dev-confluent-7-4-3\",\"type\":\"filebeat\",\"version\":\"7.15.0\",\"hostname\":\"instance-20240216-1350-bunyamin-dev-confluent-7-4-3\"},\"log\":{\"offset\":84803,\"file\":{\"path\":\"/kafka_logs/kafkaServer-gc.log\"}},\"message\":\"[2024-07-29T05:53:53.947+0000][gc,heap       ] GC(63) Old regions: 139->142\",\"input\":{\"type\":\"log\"}}\n",
      "Received message: {\"@timestamp\":\"2024-07-29T05:53:54.567Z\",\"@metadata\":{\"beat\":\"filebeat\",\"type\":\"_doc\",\"version\":\"7.15.0\"},\"host\":{\"name\":\"instance-20240216-1350-bunyamin-dev-confluent-7-4-3\"},\"agent\":{\"name\":\"instance-20240216-1350-bunyamin-dev-confluent-7-4-3\",\"type\":\"filebeat\",\"version\":\"7.15.0\",\"hostname\":\"instance-20240216-1350-bunyamin-dev-confluent-7-4-3\",\"ephemeral_id\":\"98a4e183-cf33-4e5f-bcdc-ac577f498006\",\"id\":\"372e3c8c-f088-4782-b9a8-65beb18740c6\"},\"log\":{\"offset\":84879,\"file\":{\"path\":\"/kafka_logs/kafkaServer-gc.log\"}},\"message\":\"[2024-07-29T05:53:53.947+0000][gc,heap       ] GC(63) Humongous regions: 131->131\",\"input\":{\"type\":\"log\"},\"ecs\":{\"version\":\"1.11.0\"}}\n",
      "Received message: {\"@timestamp\":\"2024-07-29T05:53:54.567Z\",\"@metadata\":{\"beat\":\"filebeat\",\"type\":\"_doc\",\"version\":\"7.15.0\"},\"host\":{\"name\":\"instance-20240216-1350-bunyamin-dev-confluent-7-4-3\"},\"agent\":{\"id\":\"372e3c8c-f088-4782-b9a8-65beb18740c6\",\"name\":\"instance-20240216-1350-bunyamin-dev-confluent-7-4-3\",\"type\":\"filebeat\",\"version\":\"7.15.0\",\"hostname\":\"instance-20240216-1350-bunyamin-dev-confluent-7-4-3\",\"ephemeral_id\":\"98a4e183-cf33-4e5f-bcdc-ac577f498006\"},\"log\":{\"offset\":84961,\"file\":{\"path\":\"/kafka_logs/kafkaServer-gc.log\"}},\"message\":\"[2024-07-29T05:53:53.947+0000][gc,metaspace  ] GC(63) Metaspace: 109498K(115300K)->109498K(115300K) NonClass: 95785K(99020K)->95785K(99020K) Class: 13713K(16280K)->13713K(16280K)\",\"input\":{\"type\":\"log\"},\"ecs\":{\"version\":\"1.11.0\"}}\n",
      "Received message: {\"@timestamp\":\"2024-07-29T05:53:54.567Z\",\"@metadata\":{\"beat\":\"filebeat\",\"type\":\"_doc\",\"version\":\"7.15.0\"},\"input\":{\"type\":\"log\"},\"agent\":{\"id\":\"372e3c8c-f088-4782-b9a8-65beb18740c6\",\"name\":\"instance-20240216-1350-bunyamin-dev-confluent-7-4-3\",\"type\":\"filebeat\",\"version\":\"7.15.0\",\"hostname\":\"instance-20240216-1350-bunyamin-dev-confluent-7-4-3\",\"ephemeral_id\":\"98a4e183-cf33-4e5f-bcdc-ac577f498006\"},\"ecs\":{\"version\":\"1.11.0\"},\"host\":{\"name\":\"instance-20240216-1350-bunyamin-dev-confluent-7-4-3\"},\"log\":{\"offset\":85140,\"file\":{\"path\":\"/kafka_logs/kafkaServer-gc.log\"}},\"message\":\"[2024-07-29T05:53:53.947+0000][gc            ] GC(63) Pause Young (Normal) (G1 Evacuation Pause) 442M->282M(1024M) 16.043ms\"}\n",
      "Received message: {\"@timestamp\":\"2024-07-29T05:53:54.567Z\",\"@metadata\":{\"beat\":\"filebeat\",\"type\":\"_doc\",\"version\":\"7.15.0\"},\"log\":{\"offset\":85264,\"file\":{\"path\":\"/kafka_logs/kafkaServer-gc.log\"}},\"message\":\"[2024-07-29T05:53:53.947+0000][gc,cpu        ] GC(63) User=0.06s Sys=0.01s Real=0.01s\",\"input\":{\"type\":\"log\"},\"agent\":{\"version\":\"7.15.0\",\"hostname\":\"instance-20240216-1350-bunyamin-dev-confluent-7-4-3\",\"ephemeral_id\":\"98a4e183-cf33-4e5f-bcdc-ac577f498006\",\"id\":\"372e3c8c-f088-4782-b9a8-65beb18740c6\",\"name\":\"instance-20240216-1350-bunyamin-dev-confluent-7-4-3\",\"type\":\"filebeat\"},\"ecs\":{\"version\":\"1.11.0\"},\"host\":{\"name\":\"instance-20240216-1350-bunyamin-dev-confluent-7-4-3\"}}\n",
      "Received message: {\"@timestamp\":\"2024-07-29T05:53:59.581Z\",\"@metadata\":{\"beat\":\"filebeat\",\"type\":\"_doc\",\"version\":\"7.15.0\"},\"log\":{\"offset\":12372,\"file\":{\"path\":\"/kafka_logs/metadata-service.log\"}},\"message\":\"[2024-07-29 05:53:55,264] INFO 127.0.0.1 - - [29/Jul/2024:05:53:55 +0000] \\\"GET /v1/metadata/id HTTP/2.0\\\" 200 105 \\\"-\\\" \\\"armeria/1.24.3\\\" 2 (io.confluent.rest-utils.requests)\",\"input\":{\"type\":\"log\"},\"ecs\":{\"version\":\"1.11.0\"},\"host\":{\"name\":\"instance-20240216-1350-bunyamin-dev-confluent-7-4-3\"},\"agent\":{\"name\":\"instance-20240216-1350-bunyamin-dev-confluent-7-4-3\",\"type\":\"filebeat\",\"version\":\"7.15.0\",\"hostname\":\"instance-20240216-1350-bunyamin-dev-confluent-7-4-3\",\"ephemeral_id\":\"98a4e183-cf33-4e5f-bcdc-ac577f498006\",\"id\":\"372e3c8c-f088-4782-b9a8-65beb18740c6\"}}\n",
      "Received message: {\"@timestamp\":\"2024-07-29T05:54:14.584Z\",\"@metadata\":{\"beat\":\"filebeat\",\"type\":\"_doc\",\"version\":\"7.15.0\"},\"message\":\"[2024-07-29 05:54:11,763] INFO 127.0.0.1 - - [29/Jul/2024:05:54:11 +0000] \\\"GET /v1/metadata/id HTTP/2.0\\\" 200 105 \\\"-\\\" \\\"armeria/1.24.3\\\" 2 (io.confluent.rest-utils.requests)\",\"input\":{\"type\":\"log\"},\"ecs\":{\"version\":\"1.11.0\"},\"host\":{\"name\":\"instance-20240216-1350-bunyamin-dev-confluent-7-4-3\"},\"agent\":{\"name\":\"instance-20240216-1350-bunyamin-dev-confluent-7-4-3\",\"type\":\"filebeat\",\"version\":\"7.15.0\",\"hostname\":\"instance-20240216-1350-bunyamin-dev-confluent-7-4-3\",\"ephemeral_id\":\"98a4e183-cf33-4e5f-bcdc-ac577f498006\",\"id\":\"372e3c8c-f088-4782-b9a8-65beb18740c6\"},\"log\":{\"offset\":12543,\"file\":{\"path\":\"/kafka_logs/metadata-service.log\"}}}\n"
     ]
    }
   ],
   "source": [
    "from confluent_kafka import Consumer, KafkaError\n",
    "from pyspark.sql import SparkSession\n",
    "from pyspark.sql.functions import *\n",
    "from pyspark.sql.types import *\n",
    "\n",
    "# Spark Session oluşturma\n",
    "spark = SparkSession.builder \\\n",
    "    .appName(\"ConfluentKafkaSparkStreaming\") \\\n",
    "    .getOrCreate()\n",
    "\n",
    "# Confluent Kafka Consumer yapılandırması\n",
    "conf = {\n",
    "    'bootstrap.servers': 'localhost:9092',\n",
    "    'group.id': 'my-consumer-group',\n",
    "    'auto.offset.reset': 'earliest'\n",
    "}\n",
    "\n",
    "# Confluent Kafka Consumer oluşturma\n",
    "consumer = Consumer(conf)\n",
    "\n",
    "# Abone olunacak topic\n",
    "topic = 'logs_topic'\n",
    "consumer.subscribe([topic])\n",
    "\n",
    "# Veri okuma ve işleme fonksiyonu\n",
    "def read_from_kafka():\n",
    "    while True:\n",
    "        msg = consumer.poll(1.0)\n",
    "        if msg is None:\n",
    "            continue\n",
    "        if msg.error():\n",
    "            if msg.error().code() == KafkaError._PARTITION_EOF:\n",
    "                continue\n",
    "            else:\n",
    "                print(msg.error())\n",
    "                break\n",
    "\n",
    "        # Mesajı işleme\n",
    "        print('Received message: {}'.format(msg.value().decode('utf-8')))\n",
    "\n",
    "        # Burada, okunan veriyi Spark DataFrame'e dönüştürüp işleyebilirsiniz\n",
    "        # Örnek:\n",
    "        # df = spark.createDataFrame([(msg.value().decode('utf-8'),)], ['value'])\n",
    "        # df.show()\n",
    "\n",
    "# Kafka'dan okuma işlemini başlatma\n",
    "try:\n",
    "    read_from_kafka()\n",
    "except KeyboardInterrupt:\n",
    "    pass\n",
    "finally:\n",
    "    # Consumer'ı kapatma\n",
    "    consumer.close()"
   ]
  },
  {
   "cell_type": "code",
   "execution_count": 5,
   "metadata": {},
   "outputs": [],
   "source": [
    "spark = SparkSession.builder \\\n",
    "    .appName(\"KafkaSparkStreaming\") \\\n",
    "    .config(\"spark.jars.packages\", \"org.apache.spark:spark-sql-kafka-0-10_2.12:3.1.2\") \\\n",
    "    .config(\"spark.driver.memory\", \"4g\") \\\n",
    "    .config(\"spark.executor.memory\", \"4g\") \\\n",
    "    .getOrCreate()"
   ]
  },
  {
   "cell_type": "code",
   "execution_count": 2,
   "metadata": {},
   "outputs": [
    {
     "data": {
      "text/plain": [
       "False"
      ]
     },
     "execution_count": 2,
     "metadata": {},
     "output_type": "execute_result"
    }
   ],
   "source": [
    "from pyspark.sql import SparkSession\n",
    "from pyspark.sql.functions import *\n",
    "from pyspark.sql.types import *\n",
    "\n",
    "spark = SparkSession.builder \\\n",
    "    .appName(\"KafkaSparkStreaming\") \\\n",
    "    .config(\"spark.jars.packages\", \"org.apache.spark:spark-sql-kafka-0-10_2.12:3.1.2,org.apache.kafka:kafka-clients:3.2.0\") \\\n",
    "    .config(\"spark.driver.memory\", \"4g\") \\\n",
    "    .config(\"spark.executor.memory\", \"4g\") \\\n",
    "    .getOrCreate()\n",
    "\n",
    "spark.sparkContext.setLogLevel(\"INFO\")\n",
    "\n",
    "df = spark \\\n",
    "    .readStream \\\n",
    "    .format(\"kafka\") \\\n",
    "    .option(\"kafka.bootstrap.servers\", \"localhost:9092\") \\\n",
    "    .option(\"subscribe\", \"logs_topic\") \\\n",
    "    .option(\"startingOffsets\", \"earliest\") \\\n",
    "    .load()\n",
    "\n",
    "# Kafka'dan gelen veriyi işleme\n",
    "query = df.selectExpr(\"CAST(key AS STRING)\", \"CAST(value AS STRING)\") \\\n",
    "    .writeStream \\\n",
    "    .outputMode(\"append\") \\\n",
    "    .format(\"console\") \\\n",
    "    .start()\n",
    "\n",
    "query.awaitTermination(timeout=30)  # 5 dakika sonra sonlanır"
   ]
  },
  {
   "cell_type": "code",
   "execution_count": 4,
   "metadata": {},
   "outputs": [
    {
     "name": "stdout",
     "output_type": "stream",
     "text": [
      "3.5.0\n"
     ]
    }
   ],
   "source": [
    "import pyspark\n",
    "print(pyspark.__version__)"
   ]
  },
  {
   "cell_type": "code",
   "execution_count": 3,
   "metadata": {},
   "outputs": [
    {
     "data": {
      "text/plain": [
       "False"
      ]
     },
     "execution_count": 3,
     "metadata": {},
     "output_type": "execute_result"
    }
   ],
   "source": [
    "from pyspark.sql import SparkSession\n",
    "from pyspark.sql.functions import *\n",
    "from pyspark.sql.types import *\n",
    "\n",
    "spark = SparkSession.builder \\\n",
    "    .appName(\"KafkaSparkStreamingTest\") \\\n",
    "    .config(\"spark.jars.packages\", \"org.apache.spark:spark-sql-kafka-0-10_2.12:3.5.0\") \\\n",
    "    .getOrCreate()\n",
    "\n",
    "df = spark \\\n",
    "    .readStream \\\n",
    "    .format(\"kafka\") \\\n",
    "    .option(\"kafka.bootstrap.servers\", \"localhost:9092\") \\\n",
    "    .option(\"subscribe\", \"logs_topic\") \\\n",
    "    .option(\"startingOffsets\", \"earliest\") \\\n",
    "    .load()\n",
    "\n",
    "query = df.selectExpr(\"CAST(key AS STRING)\", \"CAST(value AS STRING)\") \\\n",
    "    .writeStream \\\n",
    "    .outputMode(\"append\") \\\n",
    "    .format(\"console\") \\\n",
    "    .start()\n",
    "\n",
    "query.awaitTermination(60)  # 60 saniye boyunca çalışır"
   ]
  },
  {
   "cell_type": "code",
   "execution_count": 2,
   "metadata": {},
   "outputs": [
    {
     "name": "stdout",
     "output_type": "stream",
     "text": [
      "\n"
     ]
    }
   ],
   "source": [
    "print(\"\")"
   ]
  },
  {
   "cell_type": "code",
   "execution_count": null,
   "metadata": {},
   "outputs": [],
   "source": []
  }
 ],
 "metadata": {
  "kernelspec": {
   "display_name": "Python 3 (ipykernel)",
   "language": "python",
   "name": "python3"
  }
 },
 "nbformat": 4,
 "nbformat_minor": 2
}
